seed0: params=424,064 train=3830 test=8939 split=8de4382ea6c7 device=cuda (NVIDIA GeForce RTX 4060) commit=546cd9ca
step      0 | train loss 4.878e+00 acc 0.0089 | test loss 4.870e+00 acc 0.0074 |     0s
step   1000 | train loss 3.001e-02 acc 1.0000 | test loss 1.163e+01 acc 0.0447 |    14s
step   2000 | train loss 1.803e-02 acc 1.0000 | test loss 1.037e+01 acc 0.0884 |    28s
step   3000 | train loss 8.234e-01 acc 0.8097 | test loss 1.447e+01 acc 0.0921 |    42s
step   4000 | train loss 1.350e-03 acc 1.0000 | test loss 9.606e+00 acc 0.1700 |    56s
step   5000 | train loss 7.808e-05 acc 1.0000 | test loss 1.047e+01 acc 0.2308 |    71s
step   6000 | train loss 3.694e-03 acc 1.0000 | test loss 3.481e+00 acc 0.4022 |    85s
step   7000 | train loss 8.172e-03 acc 1.0000 | test loss 1.641e-01 acc 0.9652 |    99s
step   8000 | train loss 2.730e-07 acc 1.0000 | test loss 3.423e-03 acc 0.9989 |   113s
step   9000 | train loss 1.531e-02 acc 1.0000 | test loss 3.598e-02 acc 0.9981 |   127s
step  10000 | train loss 3.309e-07 acc 1.0000 | test loss 3.330e-03 acc 0.9985 |   141s
step  11000 | train loss 4.646e-04 acc 1.0000 | test loss 6.662e-03 acc 0.9987 |   155s
step  12000 | train loss 3.632e-08 acc 1.0000 | test loss 2.802e-03 acc 0.9991 |   169s
step  13000 | train loss 3.016e-05 acc 1.0000 | test loss 4.494e-03 acc 0.9988 |   183s
step  14000 | train loss 2.543e-08 acc 1.0000 | test loss 3.752e-03 acc 0.9990 |   197s
step  15000 | train loss 1.088e-05 acc 1.0000 | test loss 3.837e-03 acc 0.9988 |   211s
step  16000 | train loss 1.299e-02 acc 1.0000 | test loss 3.396e-02 acc 0.9981 |   225s
step  17000 | train loss 2.769e-07 acc 1.0000 | test loss 3.943e-03 acc 0.9989 |   239s
step  18000 | train loss 2.112e-03 acc 1.0000 | test loss 1.447e-02 acc 0.9982 |   253s
step  19000 | train loss 7.115e-08 acc 1.0000 | test loss 3.079e-03 acc 0.9992 |   268s
step  20000 | train loss 1.866e-05 acc 1.0000 | test loss 3.298e-03 acc 0.9992 |   282s
step  21000 | train loss 1.133e-02 acc 1.0000 | test loss 3.481e-02 acc 0.9957 |   296s
step  22000 | train loss 5.100e-07 acc 1.0000 | test loss 2.673e-03 acc 0.9996 |   310s
step  23000 | train loss 9.817e-05 acc 1.0000 | test loss 4.500e-03 acc 0.9990 |   324s
step  24000 | train loss 2.692e-08 acc 1.0000 | test loss 3.177e-03 acc 0.9993 |   338s
step  25000 | train loss 3.449e-06 acc 1.0000 | test loss 4.895e-03 acc 0.9988 |   352s
step  26000 | train loss 4.279e-03 acc 1.0000 | test loss 2.091e-02 acc 0.9982 |   366s
step  27000 | train loss 1.088e-07 acc 1.0000 | test loss 3.644e-03 acc 0.9991 |   380s
step  28000 | train loss 3.653e-04 acc 1.0000 | test loss 7.378e-03 acc 0.9982 |   394s
step  29000 | train loss 3.349e-08 acc 1.0000 | test loss 3.993e-03 acc 0.9991 |   408s
step  30000 | train loss 1.836e-05 acc 1.0000 | test loss 5.208e-03 acc 0.9983 |   422s
step  31000 | train loss 9.224e-03 acc 1.0000 | test loss 3.442e-02 acc 0.9949 |   436s
step  32000 | train loss 7.782e-07 acc 1.0000 | test loss 5.656e-03 acc 0.9982 |   450s
step  33000 | train loss 1.474e-02 acc 1.0000 | test loss 3.893e-02 acc 0.9988 |   465s
step  34000 | train loss 4.204e-07 acc 1.0000 | test loss 7.220e-03 acc 0.9984 |   479s
step  35000 | train loss 9.246e-04 acc 1.0000 | test loss 9.269e-03 acc 0.9990 |   493s
step  36000 | train loss 4.671e-08 acc 1.0000 | test loss 2.958e-03 acc 0.9994 |   507s
step  37000 | train loss 5.929e-04 acc 1.0000 | test loss 4.120e-03 acc 0.9996 |   521s
step  38000 | train loss 3.807e-08 acc 1.0000 | test loss 7.911e-06 acc 1.0000 |   535s
step  39000 | train loss 2.436e-08 acc 1.0000 | test loss 4.809e-07 acc 1.0000 |   549s
step  40000 | train loss 2.421e-08 acc 1.0000 | test loss 4.409e-07 acc 1.0000 |   563s
saved -> experiments/EXP013/results/seed0
