seed2: params=424,064 train=3830 test=8939 split=8de4382ea6c7 device=cuda (NVIDIA GeForce RTX 4060) commit=546cd9ca
step      0 | train loss 4.874e+00 acc 0.0117 | test loss 4.880e+00 acc 0.0072 |     0s
step   1000 | train loss 1.218e-04 acc 1.0000 | test loss 2.118e+01 acc 0.0681 |    14s
step   2000 | train loss 3.280e-02 acc 1.0000 | test loss 9.973e+00 acc 0.1174 |    28s
step   3000 | train loss 3.543e-03 acc 1.0000 | test loss 9.881e+00 acc 0.1621 |    43s
step   4000 | train loss 9.006e-05 acc 1.0000 | test loss 9.141e+00 acc 0.2470 |    57s
step   5000 | train loss 6.327e-05 acc 1.0000 | test loss 5.981e-01 acc 0.8545 |    71s
step   6000 | train loss 3.250e-08 acc 1.0000 | test loss 7.967e-02 acc 0.9931 |    85s
step   7000 | train loss 2.874e-08 acc 1.0000 | test loss 7.325e-02 acc 0.9934 |    99s
step   8000 | train loss 2.774e-08 acc 1.0000 | test loss 6.693e-02 acc 0.9935 |   113s
step   9000 | train loss 2.748e-08 acc 1.0000 | test loss 3.871e-02 acc 0.9945 |   127s
step  10000 | train loss 2.719e-08 acc 1.0000 | test loss 4.768e-03 acc 0.9985 |   141s
step  11000 | train loss 2.502e-08 acc 1.0000 | test loss 1.115e-07 acc 1.0000 |   155s
step  12000 | train loss 2.455e-08 acc 1.0000 | test loss 9.185e-08 acc 1.0000 |   169s
step  13000 | train loss 9.885e-06 acc 1.0000 | test loss 2.289e-05 acc 1.0000 |   183s
step  14000 | train loss 2.273e-08 acc 1.0000 | test loss 1.060e-07 acc 1.0000 |   197s
step  15000 | train loss 2.479e-08 acc 1.0000 | test loss 9.107e-08 acc 1.0000 |   212s
step  16000 | train loss 2.488e-08 acc 1.0000 | test loss 1.070e-07 acc 1.0000 |   226s
step  17000 | train loss 2.671e-06 acc 1.0000 | test loss 5.453e-06 acc 1.0000 |   240s
step  18000 | train loss 2.311e-08 acc 1.0000 | test loss 7.426e-08 acc 1.0000 |   254s
step  19000 | train loss 2.478e-08 acc 1.0000 | test loss 8.027e-08 acc 1.0000 |   268s
step  20000 | train loss 2.472e-05 acc 1.0000 | test loss 4.115e-05 acc 1.0000 |   282s
step  21000 | train loss 2.273e-08 acc 1.0000 | test loss 7.902e-08 acc 1.0000 |   296s
step  22000 | train loss 2.486e-08 acc 1.0000 | test loss 7.784e-08 acc 1.0000 |   310s
step  23000 | train loss 3.654e-05 acc 1.0000 | test loss 5.946e-05 acc 1.0000 |   324s
step  24000 | train loss 2.319e-08 acc 1.0000 | test loss 9.351e-08 acc 1.0000 |   338s
step  25000 | train loss 1.124e-03 acc 1.0000 | test loss 1.488e-03 acc 1.0000 |   353s
step  26000 | train loss 6.295e-08 acc 1.0000 | test loss 2.516e-07 acc 1.0000 |   367s
step  27000 | train loss 1.090e-02 acc 1.0000 | test loss 1.765e-02 acc 0.9990 |   381s
step  28000 | train loss 1.210e-06 acc 1.0000 | test loss 3.448e-06 acc 1.0000 |   395s
step  29000 | train loss 2.411e-08 acc 1.0000 | test loss 9.223e-08 acc 1.0000 |   409s
step  30000 | train loss 4.273e-06 acc 1.0000 | test loss 1.146e-05 acc 1.0000 |   423s
step  31000 | train loss 2.268e-08 acc 1.0000 | test loss 7.609e-08 acc 1.0000 |   437s
step  32000 | train loss 8.626e-06 acc 1.0000 | test loss 1.779e-05 acc 1.0000 |   451s
step  33000 | train loss 2.226e-08 acc 1.0000 | test loss 7.097e-08 acc 1.0000 |   465s
step  34000 | train loss 2.982e-04 acc 1.0000 | test loss 4.426e-04 acc 1.0000 |   479s
step  35000 | train loss 1.220e-02 acc 1.0000 | test loss 2.064e-02 acc 1.0000 |   493s
step  36000 | train loss 2.517e-07 acc 1.0000 | test loss 1.392e-06 acc 1.0000 |   508s
step  37000 | train loss 2.398e-08 acc 1.0000 | test loss 1.021e-07 acc 1.0000 |   522s
step  38000 | train loss 5.243e-06 acc 1.0000 | test loss 1.520e-05 acc 1.0000 |   536s
step  39000 | train loss 2.338e-08 acc 1.0000 | test loss 1.124e-07 acc 1.0000 |   550s
step  40000 | train loss 1.175e-05 acc 1.0000 | test loss 3.127e-05 acc 1.0000 |   564s
saved -> experiments/EXP013/results/seed2
