seed1: params=424,064 train=3830 test=8939 split=8de4382ea6c7 device=cuda (NVIDIA GeForce RTX 4060) commit=546cd9ca
step      0 | train loss 4.941e+00 acc 0.0094 | test loss 4.950e+00 acc 0.0085 |     0s
step   1000 | train loss 1.322e-04 acc 1.0000 | test loss 2.141e+01 acc 0.0497 |    14s
step   2000 | train loss 3.780e-03 acc 1.0000 | test loss 1.359e+01 acc 0.0803 |    28s
step   3000 | train loss 6.977e-05 acc 1.0000 | test loss 1.692e+01 acc 0.1124 |    43s
step   4000 | train loss 2.330e-03 acc 1.0000 | test loss 8.610e+00 acc 0.1810 |    57s
step   5000 | train loss 1.552e-04 acc 1.0000 | test loss 2.384e+00 acc 0.5638 |    71s
step   6000 | train loss 3.201e-08 acc 1.0000 | test loss 5.022e-05 acc 1.0000 |    85s
step   7000 | train loss 2.854e-08 acc 1.0000 | test loss 7.242e-07 acc 1.0000 |    99s
step   8000 | train loss 2.837e-08 acc 1.0000 | test loss 3.881e-07 acc 1.0000 |   113s
step   9000 | train loss 2.828e-08 acc 1.0000 | test loss 3.131e-07 acc 1.0000 |   127s
step  10000 | train loss 2.822e-08 acc 1.0000 | test loss 2.688e-07 acc 1.0000 |   141s
step  11000 | train loss 2.816e-08 acc 1.0000 | test loss 2.597e-07 acc 1.0000 |   155s
step  12000 | train loss 4.805e-06 acc 1.0000 | test loss 2.353e-05 acc 1.0000 |   169s
step  13000 | train loss 2.733e-08 acc 1.0000 | test loss 3.722e-07 acc 1.0000 |   183s
step  14000 | train loss 2.841e-08 acc 1.0000 | test loss 3.282e-07 acc 1.0000 |   197s
step  15000 | train loss 2.837e-08 acc 1.0000 | test loss 3.381e-07 acc 1.0000 |   211s
step  16000 | train loss 5.590e-03 acc 1.0000 | test loss 8.501e-03 acc 1.0000 |   226s
step  17000 | train loss 1.596e-07 acc 1.0000 | test loss 1.656e-06 acc 1.0000 |   240s
step  18000 | train loss 2.817e-08 acc 1.0000 | test loss 2.439e-07 acc 1.0000 |   254s
step  19000 | train loss 1.800e-03 acc 1.0000 | test loss 2.964e-03 acc 1.0000 |   268s
step  20000 | train loss 7.728e-08 acc 1.0000 | test loss 8.422e-07 acc 1.0000 |   282s
step  21000 | train loss 1.095e-02 acc 1.0000 | test loss 1.775e-02 acc 1.0000 |   296s
step  22000 | train loss 2.681e-07 acc 1.0000 | test loss 4.158e-06 acc 1.0000 |   310s
step  23000 | train loss 2.783e-08 acc 1.0000 | test loss 2.898e-07 acc 1.0000 |   324s
step  24000 | train loss 4.702e-04 acc 1.0000 | test loss 1.019e-03 acc 1.0000 |   338s
step  25000 | train loss 3.994e-08 acc 1.0000 | test loss 5.730e-07 acc 1.0000 |   352s
step  26000 | train loss 1.690e-03 acc 1.0000 | test loss 3.034e-03 acc 1.0000 |   366s
step  27000 | train loss 7.070e-08 acc 1.0000 | test loss 1.740e-06 acc 1.0000 |   380s
step  28000 | train loss 1.316e-02 acc 1.0000 | test loss 3.693e-02 acc 0.9945 |   394s
step  29000 | train loss 7.395e-07 acc 1.0000 | test loss 7.487e-06 acc 1.0000 |   409s
step  30000 | train loss 2.791e-08 acc 1.0000 | test loss 3.536e-07 acc 1.0000 |   423s
step  31000 | train loss 2.123e-05 acc 1.0000 | test loss 7.907e-05 acc 1.0000 |   437s
step  32000 | train loss 1.095e-04 acc 1.0000 | test loss 8.906e-04 acc 0.9999 |   451s
step  33000 | train loss 2.926e-08 acc 1.0000 | test loss 1.031e-06 acc 1.0000 |   465s
step  34000 | train loss 2.807e-08 acc 1.0000 | test loss 6.188e-07 acc 1.0000 |   479s
step  35000 | train loss 1.712e-05 acc 1.0000 | test loss 7.968e-05 acc 1.0000 |   493s
step  36000 | train loss 2.702e-08 acc 1.0000 | test loss 1.102e-06 acc 1.0000 |   507s
step  37000 | train loss 1.479e-04 acc 1.0000 | test loss 6.026e-04 acc 0.9999 |   521s
step  38000 | train loss 3.112e-08 acc 1.0000 | test loss 3.835e-06 acc 1.0000 |   535s
step  39000 | train loss 2.225e-03 acc 1.0000 | test loss 4.174e-03 acc 1.0000 |   549s
step  40000 | train loss 8.472e-08 acc 1.0000 | test loss 5.672e-06 acc 1.0000 |   563s
saved -> experiments/EXP013/results/seed1
