seed3: params=424,064 train=3830 test=8939 split=8de4382ea6c7 device=cuda (NVIDIA GeForce RTX 4060) commit=c54bdfd1
step      0 | train loss 4.876e+00 acc 0.0097 | test loss 4.881e+00 acc 0.0086 |     0s
step   1000 | train loss 8.535e-03 acc 1.0000 | test loss 8.105e+00 acc 0.1433 |    14s
step   2000 | train loss 4.294e-03 acc 1.0000 | test loss 9.870e-03 acc 1.0000 |    28s
step   3000 | train loss 7.400e-06 acc 1.0000 | test loss 3.650e-05 acc 1.0000 |    42s
step   4000 | train loss 1.155e-04 acc 1.0000 | test loss 5.199e-04 acc 1.0000 |    57s
step   5000 | train loss 4.802e-05 acc 1.0000 | test loss 1.606e-04 acc 1.0000 |    71s
step   6000 | train loss 1.549e-01 acc 0.9995 | test loss 2.089e-01 acc 0.9872 |    85s
step   7000 | train loss 1.218e-03 acc 1.0000 | test loss 7.174e-03 acc 0.9993 |    99s
step   8000 | train loss 3.413e+00 acc 0.4091 | test loss 3.495e+00 acc 0.3853 |   113s
step   9000 | train loss 1.337e-01 acc 0.9875 | test loss 2.200e-01 acc 0.9518 |   127s
step  10000 | train loss 5.150e-02 acc 1.0000 | test loss 1.262e-01 acc 0.9710 |   141s
step  11000 | train loss 1.344e-03 acc 1.0000 | test loss 3.639e-03 acc 0.9998 |   155s
step  12000 | train loss 1.788e-02 acc 1.0000 | test loss 3.600e-02 acc 0.9988 |   169s
step  13000 | train loss 3.181e-04 acc 1.0000 | test loss 1.367e-03 acc 0.9999 |   183s
step  14000 | train loss 1.556e-04 acc 1.0000 | test loss 1.145e-03 acc 0.9999 |   197s
step  15000 | train loss 8.157e-02 acc 0.9971 | test loss 1.718e-01 acc 0.9561 |   211s
step  16000 | train loss 8.375e-01 acc 0.7303 | test loss 1.032e+00 acc 0.6691 |   225s
step  17000 | train loss 2.514e-02 acc 1.0000 | test loss 4.692e-02 acc 0.9962 |   239s
step  18000 | train loss 4.584e-03 acc 1.0000 | test loss 9.695e-03 acc 0.9997 |   253s
step  19000 | train loss 1.000e-07 acc 1.0000 | test loss 4.859e-05 acc 1.0000 |   267s
step  20000 | train loss 3.741e-02 acc 1.0000 | test loss 1.298e-01 acc 0.9646 |   281s
step  21000 | train loss 8.150e-03 acc 1.0000 | test loss 5.598e-02 acc 0.9845 |   295s
step  22000 | train loss 1.617e+01 acc 0.2836 | test loss 1.595e+01 acc 0.2943 |   309s
step  23000 | train loss 1.695e-02 acc 1.0000 | test loss 3.670e-02 acc 0.9989 |   323s
step  24000 | train loss 3.719e-02 acc 1.0000 | test loss 6.790e-02 acc 0.9960 |   337s
step  25000 | train loss 9.305e-03 acc 1.0000 | test loss 1.544e-02 acc 0.9998 |   352s
step  26000 | train loss 1.749e-03 acc 1.0000 | test loss 3.575e-03 acc 1.0000 |   366s
step  27000 | train loss 1.643e-04 acc 1.0000 | test loss 4.746e-04 acc 1.0000 |   380s
step  28000 | train loss 9.294e-02 acc 1.0000 | test loss 1.423e-01 acc 0.9897 |   394s
step  29000 | train loss 3.742e-03 acc 1.0000 | test loss 7.863e-03 acc 1.0000 |   408s
step  30000 | train loss 1.458e-03 acc 1.0000 | test loss 3.278e-03 acc 1.0000 |   422s
step  31000 | train loss 4.035e-03 acc 1.0000 | test loss 1.015e-02 acc 0.9998 |   436s
step  32000 | train loss 9.693e-03 acc 1.0000 | test loss 7.882e-02 acc 0.9935 |   450s
step  33000 | train loss 9.371e-03 acc 1.0000 | test loss 1.405e-01 acc 0.9928 |   464s
step  34000 | train loss 1.964e-02 acc 1.0000 | test loss 6.229e-02 acc 0.9894 |   478s
step  35000 | train loss 2.229e+00 acc 0.2347 | test loss 2.417e+00 acc 0.1960 |   492s
step  36000 | train loss 7.133e-01 acc 0.7990 | test loss 1.015e+00 acc 0.5907 |   506s
step  37000 | train loss 1.067e+00 acc 0.6123 | test loss 1.248e+00 acc 0.4741 |   520s
step  38000 | train loss 1.342e+00 acc 0.5264 | test loss 1.606e+00 acc 0.3503 |   534s
step  39000 | train loss 5.119e-01 acc 0.8420 | test loss 7.815e-01 acc 0.6646 |   548s
step  40000 | train loss 1.218e-02 acc 1.0000 | test loss 2.272e-02 acc 0.9999 |   562s
saved -> experiments/EXP024/lr3e-3_wd1/results/seed3
