seed4: params=424,064 train=3830 test=8939 split=8de4382ea6c7 device=cuda (NVIDIA GeForce RTX 4060) commit=c54bdfd1
step      0 | train loss 4.855e+00 acc 0.0081 | test loss 4.865e+00 acc 0.0085 |     0s
step   1000 | train loss 6.479e-03 acc 1.0000 | test loss 1.751e-01 acc 0.9468 |    14s
step   2000 | train loss 1.454e-01 acc 0.9997 | test loss 2.017e-01 acc 0.9884 |    28s
step   3000 | train loss 1.331e-01 acc 1.0000 | test loss 1.712e-01 acc 0.9974 |    42s
step   4000 | train loss 2.847e-03 acc 1.0000 | test loss 5.300e-03 acc 1.0000 |    57s
step   5000 | train loss 4.601e-01 acc 0.9342 | test loss 5.896e-01 acc 0.8510 |    71s
step   6000 | train loss 1.701e-02 acc 1.0000 | test loss 2.940e-02 acc 0.9992 |    85s
step   7000 | train loss 5.032e-02 acc 1.0000 | test loss 7.810e-02 acc 0.9971 |    99s
step   8000 | train loss 1.501e-01 acc 0.9969 | test loss 2.554e-01 acc 0.9525 |   113s
step   9000 | train loss 1.100e+00 acc 0.6345 | test loss 1.281e+00 acc 0.5313 |   127s
step  10000 | train loss 3.785e-07 acc 1.0000 | test loss 2.856e-06 acc 1.0000 |   141s
step  11000 | train loss 7.406e-07 acc 1.0000 | test loss 2.320e-06 acc 1.0000 |   155s
step  12000 | train loss 1.326e-02 acc 1.0000 | test loss 2.451e-02 acc 0.9994 |   169s
step  13000 | train loss 5.087e-05 acc 1.0000 | test loss 1.686e-04 acc 1.0000 |   183s
step  14000 | train loss 9.834e-06 acc 1.0000 | test loss 4.039e-05 acc 1.0000 |   197s
step  15000 | train loss 2.099e-06 acc 1.0000 | test loss 1.017e-05 acc 1.0000 |   211s
step  16000 | train loss 7.706e-04 acc 1.0000 | test loss 3.551e-03 acc 0.9999 |   225s
step  17000 | train loss 1.099e-05 acc 1.0000 | test loss 2.633e-05 acc 1.0000 |   239s
step  18000 | train loss 8.347e-05 acc 1.0000 | test loss 1.725e-04 acc 1.0000 |   253s
step  19000 | train loss 1.098e-04 acc 1.0000 | test loss 3.557e-04 acc 1.0000 |   267s
step  20000 | train loss 4.994e-05 acc 1.0000 | test loss 9.766e-05 acc 1.0000 |   281s
step  21000 | train loss 1.493e-04 acc 1.0000 | test loss 4.235e-04 acc 1.0000 |   295s
step  22000 | train loss 1.139e+00 acc 0.5888 | test loss 2.754e+00 acc 0.3059 |   309s
step  23000 | train loss 1.807e-01 acc 0.9624 | test loss 1.486e+00 acc 0.5571 |   323s
step  24000 | train loss 4.556e-01 acc 0.8734 | test loss 1.335e+00 acc 0.5514 |   338s
step  25000 | train loss 1.638e-01 acc 0.9718 | test loss 1.220e+00 acc 0.6968 |   352s
step  26000 | train loss 3.032e-02 acc 1.0000 | test loss 9.848e-01 acc 0.7348 |   366s
step  27000 | train loss 4.907e-02 acc 1.0000 | test loss 1.184e+00 acc 0.7003 |   380s
step  28000 | train loss 3.102e-02 acc 0.9997 | test loss 1.033e+00 acc 0.7379 |   394s
step  29000 | train loss 2.238e-02 acc 1.0000 | test loss 9.657e-01 acc 0.7687 |   408s
step  30000 | train loss 1.997e-02 acc 1.0000 | test loss 7.298e-01 acc 0.8306 |   422s
step  31000 | train loss 8.869e-01 acc 0.7661 | test loss 1.387e+00 acc 0.5571 |   436s
step  32000 | train loss 2.628e-02 acc 1.0000 | test loss 4.564e-01 acc 0.9113 |   450s
step  33000 | train loss 8.083e-02 acc 0.9796 | test loss 3.159e-01 acc 0.9228 |   464s
step  34000 | train loss 1.756e+00 acc 0.5251 | test loss 2.082e+00 acc 0.4263 |   478s
step  35000 | train loss 1.598e+00 acc 0.5120 | test loss 2.250e+00 acc 0.4173 |   492s
step  36000 | train loss 1.452e-01 acc 0.9799 | test loss 5.850e-01 acc 0.8674 |   506s
step  37000 | train loss 6.095e-02 acc 0.9997 | test loss 2.998e-01 acc 0.9463 |   520s
step  38000 | train loss 5.520e-01 acc 0.9099 | test loss 7.889e-01 acc 0.8058 |   534s
step  39000 | train loss 3.469e-02 acc 1.0000 | test loss 1.480e-01 acc 0.9833 |   548s
step  40000 | train loss 2.380e+00 acc 0.2773 | test loss 2.527e+00 acc 0.1988 |   562s
saved -> experiments/EXP024/lr3e-3_wd1/results/seed4
