seed5: params=424,064 train=3830 test=8939 split=8de4382ea6c7 device=cuda (NVIDIA GeForce RTX 4060) commit=c54bdfd1
step      0 | train loss 4.943e+00 acc 0.0060 | test loss 4.925e+00 acc 0.0088 |     0s
step   1000 | train loss 4.219e-03 acc 1.0000 | test loss 1.916e+00 acc 0.5318 |    14s
step   2000 | train loss 2.744e-04 acc 1.0000 | test loss 1.342e-02 acc 0.9962 |    28s
step   3000 | train loss 8.495e-01 acc 0.8512 | test loss 9.424e-01 acc 0.7932 |    42s
step   4000 | train loss 1.849e-01 acc 0.9974 | test loss 2.604e-01 acc 0.9701 |    57s
step   5000 | train loss 9.283e-04 acc 1.0000 | test loss 1.935e-03 acc 1.0000 |    71s
step   6000 | train loss 2.053e+00 acc 0.3008 | test loss 2.278e+00 acc 0.1903 |    85s
step   7000 | train loss 1.300e+00 acc 0.5018 | test loss 1.658e+00 acc 0.3177 |    99s
step   8000 | train loss 9.138e-01 acc 0.6376 | test loss 2.139e+00 acc 0.3340 |   113s
step   9000 | train loss 7.366e-01 acc 0.7352 | test loss 1.173e+00 acc 0.5492 |   127s
step  10000 | train loss 4.977e-01 acc 0.9499 | test loss 7.663e-01 acc 0.7872 |   141s
step  11000 | train loss 4.282e+00 acc 0.3462 | test loss 4.762e+00 acc 0.3076 |   155s
step  12000 | train loss 2.144e-01 acc 0.9590 | test loss 5.672e-01 acc 0.9054 |   169s
step  13000 | train loss 3.827e-01 acc 0.9807 | test loss 6.357e-01 acc 0.8760 |   183s
step  14000 | train loss 3.481e-01 acc 0.9864 | test loss 6.016e-01 acc 0.8889 |   197s
step  15000 | train loss 7.545e-01 acc 0.7726 | test loss 1.060e+00 acc 0.7098 |   211s
step  16000 | train loss 3.110e-01 acc 0.9802 | test loss 4.962e-01 acc 0.9182 |   225s
step  17000 | train loss 3.001e-01 acc 0.9681 | test loss 4.898e-01 acc 0.9067 |   239s
step  18000 | train loss 1.857e-01 acc 0.9943 | test loss 3.527e-01 acc 0.9455 |   253s
step  19000 | train loss 1.153e-01 acc 0.9867 | test loss 2.966e-01 acc 0.9616 |   267s
step  20000 | train loss 1.057e+00 acc 0.5634 | test loss 1.291e+00 acc 0.5177 |   281s
step  21000 | train loss 5.204e-02 acc 0.9997 | test loss 2.212e-01 acc 0.9800 |   295s
step  22000 | train loss 1.199e+00 acc 0.6598 | test loss 1.344e+00 acc 0.5694 |   310s
step  23000 | train loss 1.552e+00 acc 0.6708 | test loss 1.843e+00 acc 0.6434 |   324s
step  24000 | train loss 7.477e-01 acc 0.7274 | test loss 9.404e-01 acc 0.6757 |   338s
step  25000 | train loss 1.111e+00 acc 0.6504 | test loss 1.332e+00 acc 0.5824 |   352s
step  26000 | train loss 8.847e-01 acc 0.7099 | test loss 1.029e+00 acc 0.6191 |   366s
step  27000 | train loss 9.473e-02 acc 0.9979 | test loss 2.731e-01 acc 0.9673 |   380s
step  28000 | train loss 1.420e-01 acc 0.9948 | test loss 3.319e-01 acc 0.9603 |   394s
step  29000 | train loss 1.193e-01 acc 0.9958 | test loss 3.203e-01 acc 0.9538 |   408s
step  30000 | train loss 8.335e-02 acc 0.9979 | test loss 3.009e-01 acc 0.9642 |   422s
step  31000 | train loss 2.347e-01 acc 0.9841 | test loss 3.726e-01 acc 0.9479 |   436s
step  32000 | train loss 6.178e-02 acc 0.9992 | test loss 2.639e-01 acc 0.9685 |   450s
step  33000 | train loss 8.333e-01 acc 0.7781 | test loss 9.378e-01 acc 0.7025 |   464s
step  34000 | train loss 1.208e-01 acc 0.9945 | test loss 2.858e-01 acc 0.9648 |   478s
step  35000 | train loss 6.173e-02 acc 0.9990 | test loss 2.191e-01 acc 0.9782 |   492s
step  36000 | train loss 4.292e-01 acc 0.9715 | test loss 5.483e-01 acc 0.9108 |   506s
step  37000 | train loss 1.544e-01 acc 0.9974 | test loss 2.647e-01 acc 0.9689 |   520s
step  38000 | train loss 1.427e+00 acc 0.4849 | test loss 1.534e+00 acc 0.4260 |   534s
step  39000 | train loss 6.454e-02 acc 1.0000 | test loss 2.217e-01 acc 0.9778 |   548s
step  40000 | train loss 6.396e-01 acc 0.9183 | test loss 7.546e-01 acc 0.8451 |   562s
saved -> experiments/EXP024/lr3e-3_wd1/results/seed5
