=== EXP019 — EXPLORATORY: what does layer 0 prepare? (no verdict) ===

##### seed0   major freqs: 2 (0.31), 11 (0.34), 19 (0.34)
  attention (mean over all inputs):
    L0 from '='  h0 a 0.33 b 0.32 = 0.34 | h1 a 0.08 b 0.90 = 0.02 | h2 a 0.33 b 0.33 = 0.33 | h3 a 0.09 b 0.89 = 0.02
    L0 from b    h0 a 0.50 b 0.50 | h1 a 0.63 b 0.37 | h2 a 0.50 b 0.50 | h3 a 0.63 b 0.37
    L1 from '='  h0 a 0.52 b 0.00 = 0.47 | h1 a 0.52 b 0.00 = 0.48 | h2 a 0.52 b 0.00 = 0.48 | h3 a 0.53 b 0.00 = 0.47
  2D Fourier make-up (shares of non-constant energy; final  [init]):
    site                          a_only        b_only     same_freq         cross      on major
    attn0 out @'='         0.009 [0.503] 0.991 [0.497] 0.000 [0.000] 0.000 [0.000] 0.996 [0.066]
    mlp0 out @'='          0.009 [0.487] 0.991 [0.480] 0.000 [0.001] 0.000 [0.032] 0.996 [0.068]
    mlp0 out @b            0.614 [0.149] 0.358 [0.795] 0.020 [0.001] 0.008 [0.055] 0.980 [0.066]
    resid after L0 @'='    0.009 [0.492] 0.991 [0.486] 0.000 [0.001] 0.000 [0.020] 0.996 [0.069]
    attn1 out @'='         0.631 [0.706] 0.292 [0.283] 0.073 [0.000] 0.004 [0.011] 0.966 [0.074]
    mlp1 out @'='          0.013 [0.624] 0.012 [0.323] 0.964 [0.002] 0.011 [0.051] 0.975 [0.069]
  single-number energy of MLP0 @'=': share at major freqs / their 2nd-3rd harmonics / other
    input (resid_mid0) @'='      major 0.996 | harmonics 0.001 (6 freqs) | other 0.003
    output (mlp0 out) @'='       major 0.996 | harmonics 0.002 (6 freqs) | other 0.003
    init output (mlp0 out) @'='  major 0.070 | harmonics 0.107 (6 freqs) | other 0.823

##### seed1   major freqs: 29 (0.21), 38 (0.26), 44 (0.19), 54 (0.25)
  attention (mean over all inputs):
    L0 from '='  h0 a 0.14 b 0.85 = 0.01 | h1 a 0.31 b 0.22 = 0.48 | h2 a 0.14 b 0.84 = 0.02 | h3 a 0.13 b 0.85 = 0.01
    L0 from b    h0 a 0.56 b 0.44 | h1 a 0.50 b 0.50 | h2 a 0.56 b 0.44 | h3 a 0.59 b 0.41
    L1 from '='  h0 a 0.33 b 0.45 = 0.22 | h1 a 0.38 b 0.37 = 0.25 | h2 a 0.34 b 0.40 = 0.25 | h3 a 0.45 b 0.26 = 0.29
  2D Fourier make-up (shares of non-constant energy; final  [init]):
    site                          a_only        b_only     same_freq         cross      on major
    attn0 out @'='         0.026 [0.501] 0.974 [0.499] 0.000 [0.000] 0.000 [0.000] 0.994 [0.074]
    mlp0 out @'='          0.026 [0.486] 0.973 [0.485] 0.000 [0.001] 0.000 [0.028] 0.994 [0.075]
    mlp0 out @b            0.431 [0.142] 0.564 [0.811] 0.001 [0.001] 0.004 [0.046] 0.989 [0.078]
    resid after L0 @'='    0.026 [0.492] 0.973 [0.490] 0.000 [0.001] 0.000 [0.018] 0.994 [0.076]
    attn1 out @'='         0.628 [0.709] 0.275 [0.282] 0.088 [0.000] 0.009 [0.009] 0.959 [0.078]
    mlp1 out @'='          0.046 [0.644] 0.044 [0.313] 0.896 [0.001] 0.014 [0.042] 0.969 [0.073]
  single-number energy of MLP0 @'=': share at major freqs / their 2nd-3rd harmonics / other
    input (resid_mid0) @'='      major 0.994 | harmonics 0.003 (8 freqs) | other 0.003
    output (mlp0 out) @'='       major 0.995 | harmonics 0.003 (8 freqs) | other 0.003
    init output (mlp0 out) @'='  major 0.077 | harmonics 0.138 (8 freqs) | other 0.785

##### seed2   major freqs: 9 (0.24), 27 (0.41), 55 (0.30)
  attention (mean over all inputs):
    L0 from '='  h0 a 0.20 b 0.08 = 0.72 | h1 a 0.12 b 0.87 = 0.01 | h2 a 0.09 b 0.02 = 0.89 | h3 a 0.14 b 0.84 = 0.02
    L0 from b    h0 a 0.50 b 0.50 | h1 a 0.55 b 0.45 | h2 a 0.52 b 0.48 | h3 a 0.54 b 0.46
    L1 from '='  h0 a 0.41 b 0.29 = 0.30 | h1 a 0.42 b 0.34 = 0.24 | h2 a 0.41 b 0.37 = 0.22 | h3 a 0.41 b 0.40 = 0.19
  2D Fourier make-up (shares of non-constant energy; final  [init]):
    site                          a_only        b_only     same_freq         cross      on major
    attn0 out @'='         0.024 [0.498] 0.976 [0.502] 0.000 [0.000] 0.000 [0.000] 0.994 [0.062]
    mlp0 out @'='          0.024 [0.486] 0.976 [0.490] 0.000 [0.001] 0.000 [0.023] 0.994 [0.062]
    mlp0 out @b            0.365 [0.145] 0.629 [0.797] 0.003 [0.001] 0.003 [0.056] 0.989 [0.062]
    resid after L0 @'='    0.024 [0.490] 0.976 [0.494] 0.000 [0.000] 0.000 [0.015] 0.994 [0.062]
    attn1 out @'='         0.664 [0.705] 0.263 [0.284] 0.069 [0.000] 0.004 [0.011] 0.967 [0.069]
    mlp1 out @'='          0.018 [0.623] 0.017 [0.330] 0.956 [0.001] 0.009 [0.045] 0.984 [0.059]
  single-number energy of MLP0 @'=': share at major freqs / their 2nd-3rd harmonics / other
    input (resid_mid0) @'='      major 0.994 | harmonics 0.004 (5 freqs) | other 0.002
    output (mlp0 out) @'='       major 0.994 | harmonics 0.004 (5 freqs) | other 0.002
    init output (mlp0 out) @'='  major 0.064 | harmonics 0.081 (5 freqs) | other 0.855

saved -> experiments/EXP019/results
