seed4: params=424,064 train=3830 test=8939 split=8de4382ea6c7 device=cuda (NVIDIA GeForce RTX 4060) commit=c54bdfd1
step      0 | train loss 4.855e+00 acc 0.0081 | test loss 4.865e+00 acc 0.0085 |     0s
step   1000 | train loss 1.058e-07 acc 1.0000 | test loss 4.259e+01 acc 0.0214 |    14s
step   2000 | train loss 6.500e-10 acc 1.0000 | test loss 5.358e+01 acc 0.0229 |    28s
step   3000 | train loss 2.563e-10 acc 1.0000 | test loss 5.565e+01 acc 0.0229 |    42s
step   4000 | train loss 1.569e-10 acc 1.0000 | test loss 5.674e+01 acc 0.0228 |    56s
step   5000 | train loss 1.122e-10 acc 1.0000 | test loss 5.748e+01 acc 0.0229 |    70s
step   6000 | train loss 8.688e-11 acc 1.0000 | test loss 5.804e+01 acc 0.0228 |    85s
step   7000 | train loss 7.070e-11 acc 1.0000 | test loss 5.850e+01 acc 0.0228 |    99s
step   8000 | train loss 5.948e-11 acc 1.0000 | test loss 5.888e+01 acc 0.0229 |   113s
step   9000 | train loss 5.125e-11 acc 1.0000 | test loss 5.921e+01 acc 0.0229 |   127s
step  10000 | train loss 4.498e-11 acc 1.0000 | test loss 5.950e+01 acc 0.0228 |   141s
step  11000 | train loss 4.003e-11 acc 1.0000 | test loss 5.975e+01 acc 0.0226 |   155s
step  12000 | train loss 3.604e-11 acc 1.0000 | test loss 5.999e+01 acc 0.0225 |   169s
step  13000 | train loss 3.275e-11 acc 1.0000 | test loss 6.020e+01 acc 0.0224 |   183s
step  14000 | train loss 2.999e-11 acc 1.0000 | test loss 6.039e+01 acc 0.0223 |   197s
step  15000 | train loss 2.765e-11 acc 1.0000 | test loss 6.057e+01 acc 0.0223 |   211s
step  16000 | train loss 2.564e-11 acc 1.0000 | test loss 6.073e+01 acc 0.0225 |   225s
step  17000 | train loss 2.390e-11 acc 1.0000 | test loss 6.089e+01 acc 0.0225 |   239s
step  18000 | train loss 2.237e-11 acc 1.0000 | test loss 6.104e+01 acc 0.0223 |   253s
step  19000 | train loss 2.102e-11 acc 1.0000 | test loss 6.117e+01 acc 0.0223 |   267s
step  20000 | train loss 1.981e-11 acc 1.0000 | test loss 6.130e+01 acc 0.0222 |   281s
step  21000 | train loss 1.874e-11 acc 1.0000 | test loss 6.142e+01 acc 0.0222 |   295s
step  22000 | train loss 1.777e-11 acc 1.0000 | test loss 6.154e+01 acc 0.0222 |   309s
step  23000 | train loss 1.689e-11 acc 1.0000 | test loss 6.165e+01 acc 0.0222 |   323s
step  24000 | train loss 1.610e-11 acc 1.0000 | test loss 6.176e+01 acc 0.0222 |   337s
step  25000 | train loss 1.537e-11 acc 1.0000 | test loss 6.186e+01 acc 0.0222 |   351s
step  26000 | train loss 1.470e-11 acc 1.0000 | test loss 6.196e+01 acc 0.0222 |   365s
step  27000 | train loss 1.409e-11 acc 1.0000 | test loss 6.205e+01 acc 0.0222 |   379s
step  28000 | train loss 1.353e-11 acc 1.0000 | test loss 6.214e+01 acc 0.0223 |   393s
step  29000 | train loss 1.301e-11 acc 1.0000 | test loss 6.223e+01 acc 0.0223 |   407s
step  30000 | train loss 1.252e-11 acc 1.0000 | test loss 6.231e+01 acc 0.0223 |   421s
step  31000 | train loss 1.207e-11 acc 1.0000 | test loss 6.239e+01 acc 0.0223 |   435s
step  32000 | train loss 1.165e-11 acc 1.0000 | test loss 6.247e+01 acc 0.0223 |   449s
step  33000 | train loss 1.126e-11 acc 1.0000 | test loss 6.254e+01 acc 0.0223 |   463s
step  34000 | train loss 1.089e-11 acc 1.0000 | test loss 6.262e+01 acc 0.0223 |   477s
step  35000 | train loss 1.054e-11 acc 1.0000 | test loss 6.269e+01 acc 0.0223 |   491s
step  36000 | train loss 1.022e-11 acc 1.0000 | test loss 6.276e+01 acc 0.0223 |   505s
step  37000 | train loss 9.915e-12 acc 1.0000 | test loss 6.282e+01 acc 0.0223 |   519s
step  38000 | train loss 9.627e-12 acc 1.0000 | test loss 6.289e+01 acc 0.0223 |   534s
step  39000 | train loss 9.355e-12 acc 1.0000 | test loss 6.295e+01 acc 0.0223 |   548s
step  40000 | train loss 9.098e-12 acc 1.0000 | test loss 6.301e+01 acc 0.0223 |   562s
saved -> experiments/EXP024/lr1e-3_wd0/results/seed4
