seed3: params=424,064 train=3830 test=8939 split=8de4382ea6c7 device=cuda (NVIDIA GeForce RTX 4060) commit=c54bdfd1
step      0 | train loss 4.876e+00 acc 0.0097 | test loss 4.881e+00 acc 0.0086 |     0s
step   1000 | train loss 1.242e-07 acc 1.0000 | test loss 4.261e+01 acc 0.0135 |    14s
step   2000 | train loss 7.004e-10 acc 1.0000 | test loss 5.391e+01 acc 0.0144 |    28s
step   3000 | train loss 2.735e-10 acc 1.0000 | test loss 5.603e+01 acc 0.0149 |    42s
step   4000 | train loss 1.670e-10 acc 1.0000 | test loss 5.714e+01 acc 0.0149 |    56s
step   5000 | train loss 1.193e-10 acc 1.0000 | test loss 5.790e+01 acc 0.0150 |    70s
step   6000 | train loss 9.233e-11 acc 1.0000 | test loss 5.847e+01 acc 0.0152 |    85s
step   7000 | train loss 7.509e-11 acc 1.0000 | test loss 5.893e+01 acc 0.0152 |    99s
step   8000 | train loss 6.315e-11 acc 1.0000 | test loss 5.932e+01 acc 0.0153 |   113s
step   9000 | train loss 5.440e-11 acc 1.0000 | test loss 5.966e+01 acc 0.0153 |   127s
step  10000 | train loss 4.773e-11 acc 1.0000 | test loss 5.995e+01 acc 0.0153 |   141s
step  11000 | train loss 4.248e-11 acc 1.0000 | test loss 6.021e+01 acc 0.0153 |   155s
step  12000 | train loss 3.824e-11 acc 1.0000 | test loss 6.045e+01 acc 0.0153 |   169s
step  13000 | train loss 3.474e-11 acc 1.0000 | test loss 6.066e+01 acc 0.0153 |   183s
step  14000 | train loss 3.182e-11 acc 1.0000 | test loss 6.086e+01 acc 0.0154 |   197s
step  15000 | train loss 2.934e-11 acc 1.0000 | test loss 6.104e+01 acc 0.0153 |   211s
step  16000 | train loss 2.720e-11 acc 1.0000 | test loss 6.121e+01 acc 0.0153 |   225s
step  17000 | train loss 2.535e-11 acc 1.0000 | test loss 6.136e+01 acc 0.0153 |   239s
step  18000 | train loss 2.373e-11 acc 1.0000 | test loss 6.151e+01 acc 0.0153 |   253s
step  19000 | train loss 2.229e-11 acc 1.0000 | test loss 6.165e+01 acc 0.0153 |   267s
step  20000 | train loss 2.102e-11 acc 1.0000 | test loss 6.178e+01 acc 0.0153 |   281s
step  21000 | train loss 1.988e-11 acc 1.0000 | test loss 6.191e+01 acc 0.0153 |   295s
step  22000 | train loss 1.885e-11 acc 1.0000 | test loss 6.203e+01 acc 0.0153 |   309s
step  23000 | train loss 1.792e-11 acc 1.0000 | test loss 6.214e+01 acc 0.0153 |   323s
step  24000 | train loss 1.708e-11 acc 1.0000 | test loss 6.225e+01 acc 0.0153 |   337s
step  25000 | train loss 1.631e-11 acc 1.0000 | test loss 6.235e+01 acc 0.0154 |   351s
step  26000 | train loss 1.560e-11 acc 1.0000 | test loss 6.245e+01 acc 0.0154 |   365s
step  27000 | train loss 1.495e-11 acc 1.0000 | test loss 6.254e+01 acc 0.0154 |   379s
step  28000 | train loss 1.435e-11 acc 1.0000 | test loss 6.264e+01 acc 0.0154 |   393s
step  29000 | train loss 1.380e-11 acc 1.0000 | test loss 6.272e+01 acc 0.0154 |   407s
step  30000 | train loss 1.329e-11 acc 1.0000 | test loss 6.281e+01 acc 0.0155 |   421s
step  31000 | train loss 1.281e-11 acc 1.0000 | test loss 6.289e+01 acc 0.0155 |   435s
step  32000 | train loss 1.236e-11 acc 1.0000 | test loss 6.297e+01 acc 0.0155 |   449s
step  33000 | train loss 1.195e-11 acc 1.0000 | test loss 6.304e+01 acc 0.0155 |   463s
step  34000 | train loss 1.156e-11 acc 1.0000 | test loss 6.312e+01 acc 0.0155 |   477s
step  35000 | train loss 1.119e-11 acc 1.0000 | test loss 6.319e+01 acc 0.0155 |   491s
step  36000 | train loss 1.085e-11 acc 1.0000 | test loss 6.326e+01 acc 0.0155 |   505s
step  37000 | train loss 1.052e-11 acc 1.0000 | test loss 6.333e+01 acc 0.0155 |   519s
step  38000 | train loss 1.022e-11 acc 1.0000 | test loss 6.339e+01 acc 0.0155 |   534s
step  39000 | train loss 9.930e-12 acc 1.0000 | test loss 6.346e+01 acc 0.0155 |   548s
step  40000 | train loss 9.657e-12 acc 1.0000 | test loss 6.352e+01 acc 0.0155 |   562s
saved -> experiments/EXP024/lr1e-3_wd0/results/seed3
