seed5: params=424,064 train=3830 test=8939 split=8de4382ea6c7 device=cuda (NVIDIA GeForce RTX 4060) commit=c54bdfd1
step      0 | train loss 4.943e+00 acc 0.0060 | test loss 4.925e+00 acc 0.0088 |     0s
step   1000 | train loss 1.362e-07 acc 1.0000 | test loss 4.435e+01 acc 0.0113 |    14s
step   2000 | train loss 6.933e-10 acc 1.0000 | test loss 5.643e+01 acc 0.0116 |    28s
step   3000 | train loss 2.680e-10 acc 1.0000 | test loss 5.868e+01 acc 0.0119 |    42s
step   4000 | train loss 1.632e-10 acc 1.0000 | test loss 5.985e+01 acc 0.0117 |    56s
step   5000 | train loss 1.164e-10 acc 1.0000 | test loss 6.065e+01 acc 0.0117 |    70s
step   6000 | train loss 9.007e-11 acc 1.0000 | test loss 6.125e+01 acc 0.0116 |    85s
step   7000 | train loss 7.323e-11 acc 1.0000 | test loss 6.174e+01 acc 0.0116 |    99s
step   8000 | train loss 6.156e-11 acc 1.0000 | test loss 6.215e+01 acc 0.0120 |   113s
step   9000 | train loss 5.302e-11 acc 1.0000 | test loss 6.250e+01 acc 0.0120 |   127s
step  10000 | train loss 4.650e-11 acc 1.0000 | test loss 6.281e+01 acc 0.0120 |   141s
step  11000 | train loss 4.138e-11 acc 1.0000 | test loss 6.308e+01 acc 0.0121 |   155s
step  12000 | train loss 3.724e-11 acc 1.0000 | test loss 6.333e+01 acc 0.0121 |   169s
step  13000 | train loss 3.383e-11 acc 1.0000 | test loss 6.355e+01 acc 0.0122 |   183s
step  14000 | train loss 3.098e-11 acc 1.0000 | test loss 6.376e+01 acc 0.0123 |   197s
step  15000 | train loss 2.856e-11 acc 1.0000 | test loss 6.395e+01 acc 0.0123 |   211s
step  16000 | train loss 2.648e-11 acc 1.0000 | test loss 6.413e+01 acc 0.0123 |   225s
step  17000 | train loss 2.467e-11 acc 1.0000 | test loss 6.430e+01 acc 0.0123 |   239s
step  18000 | train loss 2.309e-11 acc 1.0000 | test loss 6.445e+01 acc 0.0123 |   253s
step  19000 | train loss 2.170e-11 acc 1.0000 | test loss 6.460e+01 acc 0.0123 |   267s
step  20000 | train loss 2.045e-11 acc 1.0000 | test loss 6.474e+01 acc 0.0124 |   281s
step  21000 | train loss 1.934e-11 acc 1.0000 | test loss 6.487e+01 acc 0.0124 |   295s
step  22000 | train loss 1.834e-11 acc 1.0000 | test loss 6.499e+01 acc 0.0124 |   309s
step  23000 | train loss 1.743e-11 acc 1.0000 | test loss 6.511e+01 acc 0.0124 |   323s
step  24000 | train loss 1.661e-11 acc 1.0000 | test loss 6.522e+01 acc 0.0126 |   337s
step  25000 | train loss 1.586e-11 acc 1.0000 | test loss 6.533e+01 acc 0.0128 |   351s
step  26000 | train loss 1.517e-11 acc 1.0000 | test loss 6.544e+01 acc 0.0128 |   365s
step  27000 | train loss 1.454e-11 acc 1.0000 | test loss 6.554e+01 acc 0.0128 |   379s
step  28000 | train loss 1.396e-11 acc 1.0000 | test loss 6.563e+01 acc 0.0128 |   393s
step  29000 | train loss 1.342e-11 acc 1.0000 | test loss 6.572e+01 acc 0.0129 |   407s
step  30000 | train loss 1.292e-11 acc 1.0000 | test loss 6.581e+01 acc 0.0129 |   421s
step  31000 | train loss 1.245e-11 acc 1.0000 | test loss 6.590e+01 acc 0.0129 |   435s
step  32000 | train loss 1.202e-11 acc 1.0000 | test loss 6.598e+01 acc 0.0129 |   449s
step  33000 | train loss 1.161e-11 acc 1.0000 | test loss 6.606e+01 acc 0.0129 |   463s
step  34000 | train loss 1.124e-11 acc 1.0000 | test loss 6.614e+01 acc 0.0129 |   477s
step  35000 | train loss 1.088e-11 acc 1.0000 | test loss 6.622e+01 acc 0.0129 |   491s
step  36000 | train loss 1.054e-11 acc 1.0000 | test loss 6.629e+01 acc 0.0129 |   505s
step  37000 | train loss 1.023e-11 acc 1.0000 | test loss 6.636e+01 acc 0.0129 |   519s
step  38000 | train loss 9.933e-12 acc 1.0000 | test loss 6.643e+01 acc 0.0129 |   533s
step  39000 | train loss 9.652e-12 acc 1.0000 | test loss 6.650e+01 acc 0.0129 |   548s
step  40000 | train loss 9.386e-12 acc 1.0000 | test loss 6.656e+01 acc 0.0129 |   562s
saved -> experiments/EXP024/lr1e-3_wd0/results/seed5
