seed0: params=226,816 train=3830 test=8939 split=01f22db2ad52 device=cuda (NVIDIA GeForce RTX 4060) commit=c54bdfd1
step      0 | train loss 4.768e+00 acc 0.0078 | test loss 4.763e+00 acc 0.0097 |     0s
step   1000 | train loss 3.837e-06 acc 1.0000 | test loss 2.122e+01 acc 0.1154 |     8s
step   2000 | train loss 3.174e-07 acc 1.0000 | test loss 2.050e+01 acc 0.1340 |    16s
step   3000 | train loss 2.953e-07 acc 1.0000 | test loss 1.646e+01 acc 0.1698 |    24s
step   4000 | train loss 2.687e-07 acc 1.0000 | test loss 1.101e+01 acc 0.2509 |    32s
step   5000 | train loss 2.040e-07 acc 1.0000 | test loss 2.023e+00 acc 0.6813 |    40s
step   6000 | train loss 1.399e-07 acc 1.0000 | test loss 9.508e-03 acc 0.9964 |    48s
step   7000 | train loss 1.211e-07 acc 1.0000 | test loss 3.915e-05 acc 1.0000 |    56s
step   8000 | train loss 1.135e-07 acc 1.0000 | test loss 3.403e-06 acc 1.0000 |    63s
step   9000 | train loss 1.028e-07 acc 1.0000 | test loss 4.602e-07 acc 1.0000 |    71s
step  10000 | train loss 9.324e-08 acc 1.0000 | test loss 2.160e-07 acc 1.0000 |    79s
step  11000 | train loss 9.156e-08 acc 1.0000 | test loss 1.995e-07 acc 1.0000 |    88s
step  12000 | train loss 9.108e-08 acc 1.0000 | test loss 1.916e-07 acc 1.0000 |    96s
step  13000 | train loss 9.072e-08 acc 1.0000 | test loss 1.855e-07 acc 1.0000 |   104s
step  14000 | train loss 9.043e-08 acc 1.0000 | test loss 1.806e-07 acc 1.0000 |   112s
step  15000 | train loss 9.019e-08 acc 1.0000 | test loss 1.764e-07 acc 1.0000 |   119s
step  16000 | train loss 8.999e-08 acc 1.0000 | test loss 1.729e-07 acc 1.0000 |   127s
step  17000 | train loss 8.972e-08 acc 1.0000 | test loss 1.700e-07 acc 1.0000 |   135s
step  18000 | train loss 8.906e-08 acc 1.0000 | test loss 1.679e-07 acc 1.0000 |   143s
step  19000 | train loss 8.881e-08 acc 1.0000 | test loss 1.626e-07 acc 1.0000 |   151s
step  20000 | train loss 8.896e-08 acc 1.0000 | test loss 1.592e-07 acc 1.0000 |   159s
step  21000 | train loss 8.762e-08 acc 1.0000 | test loss 1.543e-07 acc 1.0000 |   167s
step  22000 | train loss 2.909e-06 acc 1.0000 | test loss 5.485e-06 acc 1.0000 |   175s
step  23000 | train loss 8.473e-08 acc 1.0000 | test loss 1.737e-07 acc 1.0000 |   183s
step  24000 | train loss 9.065e-08 acc 1.0000 | test loss 1.683e-07 acc 1.0000 |   190s
step  25000 | train loss 9.007e-08 acc 1.0000 | test loss 1.653e-07 acc 1.0000 |   198s
step  26000 | train loss 5.417e-06 acc 1.0000 | test loss 9.121e-06 acc 1.0000 |   206s
step  27000 | train loss 8.566e-08 acc 1.0000 | test loss 1.563e-07 acc 1.0000 |   214s
step  28000 | train loss 8.905e-08 acc 1.0000 | test loss 1.586e-07 acc 1.0000 |   222s
step  29000 | train loss 8.962e-08 acc 1.0000 | test loss 1.561e-07 acc 1.0000 |   230s
step  30000 | train loss 2.090e-06 acc 1.0000 | test loss 3.805e-06 acc 1.0000 |   238s
step  31000 | train loss 8.687e-08 acc 1.0000 | test loss 1.609e-07 acc 1.0000 |   246s
step  32000 | train loss 8.832e-08 acc 1.0000 | test loss 1.546e-07 acc 1.0000 |   254s
step  33000 | train loss 8.679e-05 acc 1.0000 | test loss 1.236e-04 acc 1.0000 |   262s
step  34000 | train loss 8.459e-08 acc 1.0000 | test loss 1.799e-07 acc 1.0000 |   270s
step  35000 | train loss 8.731e-08 acc 1.0000 | test loss 1.544e-07 acc 1.0000 |   277s
step  36000 | train loss 2.160e-03 acc 1.0000 | test loss 2.654e-03 acc 1.0000 |   285s
step  37000 | train loss 1.535e-07 acc 1.0000 | test loss 4.116e-07 acc 1.0000 |   293s
step  38000 | train loss 8.690e-08 acc 1.0000 | test loss 1.595e-07 acc 1.0000 |   301s
step  39000 | train loss 8.737e-08 acc 1.0000 | test loss 1.515e-07 acc 1.0000 |   309s
step  40000 | train loss 1.511e-05 acc 1.0000 | test loss 2.522e-05 acc 1.0000 |   317s
saved -> experiments/EXP021/d101/results/seed0
