seed2: params=226,816 train=3830 test=8939 split=01f22db2ad52 device=cuda (NVIDIA GeForce RTX 4060) commit=c54bdfd1
step      0 | train loss 4.777e+00 acc 0.0097 | test loss 4.771e+00 acc 0.0103 |     0s
step   1000 | train loss 4.163e-06 acc 1.0000 | test loss 2.091e+01 acc 0.2113 |     8s
step   2000 | train loss 3.250e-07 acc 1.0000 | test loss 2.117e+01 acc 0.2150 |    16s
step   3000 | train loss 3.065e-07 acc 1.0000 | test loss 1.818e+01 acc 0.2289 |    24s
step   4000 | train loss 2.788e-07 acc 1.0000 | test loss 1.280e+01 acc 0.2740 |    32s
step   5000 | train loss 2.007e-07 acc 1.0000 | test loss 2.154e+00 acc 0.6645 |    39s
step   6000 | train loss 1.263e-07 acc 1.0000 | test loss 4.393e-04 acc 0.9999 |    47s
step   7000 | train loss 1.019e-07 acc 1.0000 | test loss 4.082e-07 acc 1.0000 |    55s
step   8000 | train loss 9.451e-08 acc 1.0000 | test loss 2.441e-07 acc 1.0000 |    63s
step   9000 | train loss 9.295e-08 acc 1.0000 | test loss 2.389e-07 acc 1.0000 |    71s
step  10000 | train loss 9.229e-08 acc 1.0000 | test loss 2.260e-07 acc 1.0000 |    79s
step  11000 | train loss 9.191e-08 acc 1.0000 | test loss 2.144e-07 acc 1.0000 |    86s
step  12000 | train loss 9.164e-08 acc 1.0000 | test loss 2.049e-07 acc 1.0000 |    94s
step  13000 | train loss 9.143e-08 acc 1.0000 | test loss 1.991e-07 acc 1.0000 |   102s
step  14000 | train loss 9.126e-08 acc 1.0000 | test loss 1.946e-07 acc 1.0000 |   110s
step  15000 | train loss 9.112e-08 acc 1.0000 | test loss 1.914e-07 acc 1.0000 |   118s
step  16000 | train loss 9.099e-08 acc 1.0000 | test loss 1.891e-07 acc 1.0000 |   126s
step  17000 | train loss 9.089e-08 acc 1.0000 | test loss 1.873e-07 acc 1.0000 |   133s
step  18000 | train loss 9.080e-08 acc 1.0000 | test loss 1.861e-07 acc 1.0000 |   141s
step  19000 | train loss 9.072e-08 acc 1.0000 | test loss 1.850e-07 acc 1.0000 |   149s
step  20000 | train loss 9.064e-08 acc 1.0000 | test loss 1.839e-07 acc 1.0000 |   157s
step  21000 | train loss 9.058e-08 acc 1.0000 | test loss 1.828e-07 acc 1.0000 |   165s
step  22000 | train loss 9.052e-08 acc 1.0000 | test loss 1.819e-07 acc 1.0000 |   173s
step  23000 | train loss 9.046e-08 acc 1.0000 | test loss 1.811e-07 acc 1.0000 |   180s
step  24000 | train loss 9.041e-08 acc 1.0000 | test loss 1.806e-07 acc 1.0000 |   188s
step  25000 | train loss 9.037e-08 acc 1.0000 | test loss 1.799e-07 acc 1.0000 |   196s
step  26000 | train loss 9.033e-08 acc 1.0000 | test loss 1.795e-07 acc 1.0000 |   204s
step  27000 | train loss 9.029e-08 acc 1.0000 | test loss 1.791e-07 acc 1.0000 |   212s
step  28000 | train loss 9.025e-08 acc 1.0000 | test loss 1.786e-07 acc 1.0000 |   220s
step  29000 | train loss 9.022e-08 acc 1.0000 | test loss 1.782e-07 acc 1.0000 |   227s
step  30000 | train loss 9.018e-08 acc 1.0000 | test loss 1.778e-07 acc 1.0000 |   235s
step  31000 | train loss 9.015e-08 acc 1.0000 | test loss 1.775e-07 acc 1.0000 |   243s
step  32000 | train loss 9.012e-08 acc 1.0000 | test loss 1.772e-07 acc 1.0000 |   251s
step  33000 | train loss 9.010e-08 acc 1.0000 | test loss 1.770e-07 acc 1.0000 |   259s
step  34000 | train loss 9.007e-08 acc 1.0000 | test loss 1.769e-07 acc 1.0000 |   267s
step  35000 | train loss 9.005e-08 acc 1.0000 | test loss 1.766e-07 acc 1.0000 |   274s
step  36000 | train loss 9.002e-08 acc 1.0000 | test loss 1.764e-07 acc 1.0000 |   282s
step  37000 | train loss 9.000e-08 acc 1.0000 | test loss 1.761e-07 acc 1.0000 |   290s
step  38000 | train loss 8.998e-08 acc 1.0000 | test loss 1.759e-07 acc 1.0000 |   298s
step  39000 | train loss 8.996e-08 acc 1.0000 | test loss 1.757e-07 acc 1.0000 |   306s
step  40000 | train loss 8.994e-08 acc 1.0000 | test loss 1.756e-07 acc 1.0000 |   313s
saved -> experiments/EXP021/d101/results/seed2
