seed1: params=226,816 train=3830 test=8939 split=01f22db2ad52 device=cuda (NVIDIA GeForce RTX 4060) commit=c54bdfd1
step      0 | train loss 4.764e+00 acc 0.0089 | test loss 4.769e+00 acc 0.0083 |     0s
step   1000 | train loss 4.235e-06 acc 1.0000 | test loss 2.309e+01 acc 0.0867 |     8s
step   2000 | train loss 3.405e-07 acc 1.0000 | test loss 2.451e+01 acc 0.0941 |    16s
step   3000 | train loss 3.275e-07 acc 1.0000 | test loss 2.316e+01 acc 0.1011 |    24s
step   4000 | train loss 3.158e-07 acc 1.0000 | test loss 2.168e+01 acc 0.1109 |    32s
step   5000 | train loss 3.050e-07 acc 1.0000 | test loss 1.988e+01 acc 0.1227 |    40s
step   6000 | train loss 2.942e-07 acc 1.0000 | test loss 1.736e+01 acc 0.1476 |    47s
step   7000 | train loss 2.810e-07 acc 1.0000 | test loss 1.408e+01 acc 0.1910 |    55s
step   8000 | train loss 2.615e-07 acc 1.0000 | test loss 9.689e+00 acc 0.2839 |    63s
step   9000 | train loss 2.209e-07 acc 1.0000 | test loss 2.867e+00 acc 0.5981 |    71s
step  10000 | train loss 1.695e-07 acc 1.0000 | test loss 5.507e-02 acc 0.9822 |    79s
step  11000 | train loss 1.489e-07 acc 1.0000 | test loss 5.905e-03 acc 0.9977 |    87s
step  12000 | train loss 1.312e-07 acc 1.0000 | test loss 7.538e-04 acc 0.9996 |    94s
step  13000 | train loss 1.258e-07 acc 1.0000 | test loss 1.321e-04 acc 1.0000 |   102s
step  14000 | train loss 1.234e-07 acc 1.0000 | test loss 1.142e-04 acc 1.0000 |   110s
step  15000 | train loss 1.211e-07 acc 1.0000 | test loss 7.239e-05 acc 1.0000 |   118s
step  16000 | train loss 1.173e-07 acc 1.0000 | test loss 4.968e-05 acc 1.0000 |   126s
step  17000 | train loss 1.135e-07 acc 1.0000 | test loss 3.011e-05 acc 1.0000 |   134s
step  18000 | train loss 1.075e-07 acc 1.0000 | test loss 2.060e-05 acc 1.0000 |   142s
step  19000 | train loss 1.018e-07 acc 1.0000 | test loss 1.865e-05 acc 1.0000 |   150s
step  20000 | train loss 1.012e-07 acc 1.0000 | test loss 6.180e-05 acc 1.0000 |   158s
step  21000 | train loss 1.008e-07 acc 1.0000 | test loss 1.103e-04 acc 0.9999 |   166s
step  22000 | train loss 1.003e-07 acc 1.0000 | test loss 1.416e-04 acc 0.9999 |   173s
step  23000 | train loss 1.001e-07 acc 1.0000 | test loss 1.500e-04 acc 0.9999 |   181s
step  24000 | train loss 9.989e-08 acc 1.0000 | test loss 1.470e-04 acc 0.9999 |   189s
step  25000 | train loss 9.971e-08 acc 1.0000 | test loss 1.480e-04 acc 0.9999 |   197s
step  26000 | train loss 9.957e-08 acc 1.0000 | test loss 1.507e-04 acc 0.9999 |   205s
step  27000 | train loss 9.943e-08 acc 1.0000 | test loss 1.546e-04 acc 0.9999 |   213s
step  28000 | train loss 9.916e-08 acc 1.0000 | test loss 1.635e-04 acc 0.9999 |   220s
step  29000 | train loss 9.856e-08 acc 1.0000 | test loss 1.490e-04 acc 0.9999 |   228s
step  30000 | train loss 9.848e-08 acc 1.0000 | test loss 1.116e-04 acc 1.0000 |   236s
step  31000 | train loss 9.839e-08 acc 1.0000 | test loss 9.744e-05 acc 1.0000 |   244s
step  32000 | train loss 9.854e-08 acc 1.0000 | test loss 9.968e-05 acc 1.0000 |   252s
step  33000 | train loss 9.815e-08 acc 1.0000 | test loss 1.007e-04 acc 1.0000 |   260s
step  34000 | train loss 9.810e-08 acc 1.0000 | test loss 1.072e-04 acc 1.0000 |   268s
step  35000 | train loss 9.809e-08 acc 1.0000 | test loss 9.844e-05 acc 1.0000 |   276s
step  36000 | train loss 9.875e-08 acc 1.0000 | test loss 1.239e-04 acc 1.0000 |   284s
step  37000 | train loss 9.783e-08 acc 1.0000 | test loss 1.138e-04 acc 1.0000 |   291s
step  38000 | train loss 3.942e-04 acc 1.0000 | test loss 1.110e-03 acc 1.0000 |   299s
step  39000 | train loss 1.107e-07 acc 1.0000 | test loss 2.756e-05 acc 1.0000 |   307s
step  40000 | train loss 9.950e-08 acc 1.0000 | test loss 1.694e-05 acc 1.0000 |   315s
saved -> experiments/EXP021/d101/results/seed1
