seed1: params=226,816 train=3830 test=8939 split=ab9a6f63bf5d device=cuda (NVIDIA GeForce RTX 4060) commit=c54bdfd1
step      0 | train loss 4.773e+00 acc 0.0097 | test loss 4.765e+00 acc 0.0079 |     0s
step   1000 | train loss 3.813e-06 acc 1.0000 | test loss 1.965e+01 acc 0.1112 |     8s
step   2000 | train loss 3.138e-07 acc 1.0000 | test loss 1.805e+01 acc 0.1481 |    16s
step   3000 | train loss 2.892e-07 acc 1.0000 | test loss 1.403e+01 acc 0.1961 |    24s
step   4000 | train loss 2.643e-07 acc 1.0000 | test loss 9.277e+00 acc 0.2856 |    32s
step   5000 | train loss 2.450e-07 acc 1.0000 | test loss 6.192e+00 acc 0.3997 |    39s
step   6000 | train loss 2.292e-07 acc 1.0000 | test loss 4.317e+00 acc 0.5107 |    47s
step   7000 | train loss 2.130e-07 acc 1.0000 | test loss 2.230e+00 acc 0.6795 |    55s
step   8000 | train loss 1.777e-07 acc 1.0000 | test loss 5.891e-01 acc 0.8835 |    63s
step   9000 | train loss 1.010e-07 acc 1.0000 | test loss 1.264e-05 acc 1.0000 |    71s
step  10000 | train loss 9.434e-08 acc 1.0000 | test loss 2.028e-07 acc 1.0000 |    79s
step  11000 | train loss 9.299e-08 acc 1.0000 | test loss 1.697e-07 acc 1.0000 |    86s
step  12000 | train loss 9.250e-08 acc 1.0000 | test loss 1.631e-07 acc 1.0000 |    94s
step  13000 | train loss 9.225e-08 acc 1.0000 | test loss 1.607e-07 acc 1.0000 |   102s
step  14000 | train loss 9.206e-08 acc 1.0000 | test loss 1.592e-07 acc 1.0000 |   110s
step  15000 | train loss 9.191e-08 acc 1.0000 | test loss 1.582e-07 acc 1.0000 |   118s
step  16000 | train loss 9.179e-08 acc 1.0000 | test loss 1.579e-07 acc 1.0000 |   126s
step  17000 | train loss 9.167e-08 acc 1.0000 | test loss 1.578e-07 acc 1.0000 |   133s
step  18000 | train loss 9.157e-08 acc 1.0000 | test loss 1.576e-07 acc 1.0000 |   141s
step  19000 | train loss 9.148e-08 acc 1.0000 | test loss 1.576e-07 acc 1.0000 |   149s
step  20000 | train loss 9.140e-08 acc 1.0000 | test loss 1.577e-07 acc 1.0000 |   157s
step  21000 | train loss 9.133e-08 acc 1.0000 | test loss 1.579e-07 acc 1.0000 |   165s
step  22000 | train loss 9.126e-08 acc 1.0000 | test loss 1.582e-07 acc 1.0000 |   173s
step  23000 | train loss 9.119e-08 acc 1.0000 | test loss 1.584e-07 acc 1.0000 |   180s
step  24000 | train loss 9.114e-08 acc 1.0000 | test loss 1.588e-07 acc 1.0000 |   188s
step  25000 | train loss 9.108e-08 acc 1.0000 | test loss 1.591e-07 acc 1.0000 |   196s
step  26000 | train loss 9.103e-08 acc 1.0000 | test loss 1.593e-07 acc 1.0000 |   204s
step  27000 | train loss 9.098e-08 acc 1.0000 | test loss 1.595e-07 acc 1.0000 |   212s
step  28000 | train loss 9.093e-08 acc 1.0000 | test loss 1.596e-07 acc 1.0000 |   220s
step  29000 | train loss 9.089e-08 acc 1.0000 | test loss 1.597e-07 acc 1.0000 |   227s
step  30000 | train loss 9.085e-08 acc 1.0000 | test loss 1.597e-07 acc 1.0000 |   235s
step  31000 | train loss 9.081e-08 acc 1.0000 | test loss 1.600e-07 acc 1.0000 |   243s
step  32000 | train loss 9.078e-08 acc 1.0000 | test loss 1.602e-07 acc 1.0000 |   251s
step  33000 | train loss 9.074e-08 acc 1.0000 | test loss 1.603e-07 acc 1.0000 |   259s
step  34000 | train loss 9.071e-08 acc 1.0000 | test loss 1.602e-07 acc 1.0000 |   267s
step  35000 | train loss 9.067e-08 acc 1.0000 | test loss 1.602e-07 acc 1.0000 |   274s
step  36000 | train loss 9.064e-08 acc 1.0000 | test loss 1.601e-07 acc 1.0000 |   282s
step  37000 | train loss 9.061e-08 acc 1.0000 | test loss 1.601e-07 acc 1.0000 |   290s
step  38000 | train loss 9.058e-08 acc 1.0000 | test loss 1.601e-07 acc 1.0000 |   298s
step  39000 | train loss 9.055e-08 acc 1.0000 | test loss 1.599e-07 acc 1.0000 |   306s
step  40000 | train loss 9.052e-08 acc 1.0000 | test loss 1.598e-07 acc 1.0000 |   314s
saved -> experiments/EXP021/d202/results/seed1
