seed2: params=226,816 train=3830 test=8939 split=ab9a6f63bf5d device=cuda (NVIDIA GeForce RTX 4060) commit=c54bdfd1
step      0 | train loss 4.776e+00 acc 0.0081 | test loss 4.771e+00 acc 0.0110 |     0s
step   1000 | train loss 4.355e-06 acc 1.0000 | test loss 2.290e+01 acc 0.0704 |     8s
step   2000 | train loss 3.281e-07 acc 1.0000 | test loss 2.301e+01 acc 0.0899 |    16s
step   3000 | train loss 3.082e-07 acc 1.0000 | test loss 1.958e+01 acc 0.1113 |    24s
step   4000 | train loss 2.846e-07 acc 1.0000 | test loss 1.477e+01 acc 0.1617 |    32s
step   5000 | train loss 2.376e-07 acc 1.0000 | test loss 5.787e+00 acc 0.4040 |    39s
step   6000 | train loss 1.462e-07 acc 1.0000 | test loss 1.148e-02 acc 0.9957 |    47s
step   7000 | train loss 1.176e-07 acc 1.0000 | test loss 6.443e-06 acc 1.0000 |    55s
step   8000 | train loss 1.084e-07 acc 1.0000 | test loss 8.036e-07 acc 1.0000 |    63s
step   9000 | train loss 9.886e-08 acc 1.0000 | test loss 3.309e-07 acc 1.0000 |    71s
step  10000 | train loss 9.683e-08 acc 1.0000 | test loss 2.855e-07 acc 1.0000 |    79s
step  11000 | train loss 9.621e-08 acc 1.0000 | test loss 2.868e-07 acc 1.0000 |    86s
step  12000 | train loss 9.585e-08 acc 1.0000 | test loss 2.792e-07 acc 1.0000 |    94s
step  13000 | train loss 9.559e-08 acc 1.0000 | test loss 2.721e-07 acc 1.0000 |   102s
step  14000 | train loss 9.538e-08 acc 1.0000 | test loss 2.655e-07 acc 1.0000 |   110s
step  15000 | train loss 9.522e-08 acc 1.0000 | test loss 2.611e-07 acc 1.0000 |   118s
step  16000 | train loss 9.507e-08 acc 1.0000 | test loss 2.574e-07 acc 1.0000 |   126s
step  17000 | train loss 9.495e-08 acc 1.0000 | test loss 2.537e-07 acc 1.0000 |   133s
step  18000 | train loss 9.484e-08 acc 1.0000 | test loss 2.502e-07 acc 1.0000 |   141s
step  19000 | train loss 9.474e-08 acc 1.0000 | test loss 2.481e-07 acc 1.0000 |   149s
step  20000 | train loss 9.464e-08 acc 1.0000 | test loss 2.460e-07 acc 1.0000 |   157s
step  21000 | train loss 9.433e-08 acc 1.0000 | test loss 2.425e-07 acc 1.0000 |   165s
step  22000 | train loss 9.408e-08 acc 1.0000 | test loss 2.402e-07 acc 1.0000 |   173s
step  23000 | train loss 9.382e-08 acc 1.0000 | test loss 2.368e-07 acc 1.0000 |   180s
step  24000 | train loss 9.378e-08 acc 1.0000 | test loss 2.333e-07 acc 1.0000 |   188s
step  25000 | train loss 9.376e-08 acc 1.0000 | test loss 2.314e-07 acc 1.0000 |   196s
step  26000 | train loss 9.416e-08 acc 1.0000 | test loss 2.332e-07 acc 1.0000 |   204s
step  27000 | train loss 9.364e-08 acc 1.0000 | test loss 2.298e-07 acc 1.0000 |   212s
step  28000 | train loss 9.355e-08 acc 1.0000 | test loss 2.296e-07 acc 1.0000 |   220s
step  29000 | train loss 9.357e-08 acc 1.0000 | test loss 2.292e-07 acc 1.0000 |   227s
step  30000 | train loss 9.349e-08 acc 1.0000 | test loss 2.287e-07 acc 1.0000 |   235s
step  31000 | train loss 9.344e-08 acc 1.0000 | test loss 2.293e-07 acc 1.0000 |   243s
step  32000 | train loss 9.346e-08 acc 1.0000 | test loss 2.304e-07 acc 1.0000 |   251s
step  33000 | train loss 9.327e-08 acc 1.0000 | test loss 2.291e-07 acc 1.0000 |   259s
step  34000 | train loss 9.357e-08 acc 1.0000 | test loss 2.289e-07 acc 1.0000 |   267s
step  35000 | train loss 9.327e-08 acc 1.0000 | test loss 2.304e-07 acc 1.0000 |   274s
step  36000 | train loss 9.314e-08 acc 1.0000 | test loss 2.296e-07 acc 1.0000 |   282s
step  37000 | train loss 9.335e-08 acc 1.0000 | test loss 2.283e-07 acc 1.0000 |   290s
step  38000 | train loss 9.317e-08 acc 1.0000 | test loss 2.279e-07 acc 1.0000 |   298s
step  39000 | train loss 9.320e-08 acc 1.0000 | test loss 2.285e-07 acc 1.0000 |   306s
step  40000 | train loss 9.300e-08 acc 1.0000 | test loss 2.292e-07 acc 1.0000 |   314s
saved -> experiments/EXP021/d202/results/seed2
