seed0: params=226,816 train=3830 test=8939 split=ab9a6f63bf5d device=cuda (NVIDIA GeForce RTX 4060) commit=c54bdfd1
step      0 | train loss 4.762e+00 acc 0.0115 | test loss 4.765e+00 acc 0.0082 |     0s
step   1000 | train loss 3.286e-06 acc 1.0000 | test loss 1.608e+01 acc 0.2007 |     8s
step   2000 | train loss 2.889e-07 acc 1.0000 | test loss 1.297e+01 acc 0.2482 |    16s
step   3000 | train loss 2.671e-07 acc 1.0000 | test loss 9.583e+00 acc 0.3044 |    24s
step   4000 | train loss 2.461e-07 acc 1.0000 | test loss 6.180e+00 acc 0.4096 |    32s
step   5000 | train loss 1.798e-07 acc 1.0000 | test loss 7.689e-01 acc 0.8385 |    40s
step   6000 | train loss 1.180e-07 acc 1.0000 | test loss 8.200e-04 acc 0.9998 |    47s
step   7000 | train loss 1.021e-07 acc 1.0000 | test loss 4.325e-07 acc 1.0000 |    55s
step   8000 | train loss 9.954e-08 acc 1.0000 | test loss 2.560e-07 acc 1.0000 |    63s
step   9000 | train loss 9.870e-08 acc 1.0000 | test loss 2.423e-07 acc 1.0000 |    71s
step  10000 | train loss 9.817e-08 acc 1.0000 | test loss 2.389e-07 acc 1.0000 |    79s
step  11000 | train loss 9.773e-08 acc 1.0000 | test loss 2.346e-07 acc 1.0000 |    86s
step  12000 | train loss 9.737e-08 acc 1.0000 | test loss 2.303e-07 acc 1.0000 |    94s
step  13000 | train loss 9.710e-08 acc 1.0000 | test loss 2.264e-07 acc 1.0000 |   102s
step  14000 | train loss 9.688e-08 acc 1.0000 | test loss 2.232e-07 acc 1.0000 |   110s
step  15000 | train loss 9.670e-08 acc 1.0000 | test loss 2.209e-07 acc 1.0000 |   118s
step  16000 | train loss 9.656e-08 acc 1.0000 | test loss 2.191e-07 acc 1.0000 |   126s
step  17000 | train loss 9.643e-08 acc 1.0000 | test loss 2.175e-07 acc 1.0000 |   133s
step  18000 | train loss 9.632e-08 acc 1.0000 | test loss 2.164e-07 acc 1.0000 |   141s
step  19000 | train loss 9.623e-08 acc 1.0000 | test loss 2.152e-07 acc 1.0000 |   149s
step  20000 | train loss 9.614e-08 acc 1.0000 | test loss 2.141e-07 acc 1.0000 |   157s
step  21000 | train loss 9.606e-08 acc 1.0000 | test loss 2.132e-07 acc 1.0000 |   165s
step  22000 | train loss 9.600e-08 acc 1.0000 | test loss 2.126e-07 acc 1.0000 |   173s
step  23000 | train loss 9.593e-08 acc 1.0000 | test loss 2.120e-07 acc 1.0000 |   180s
step  24000 | train loss 9.588e-08 acc 1.0000 | test loss 2.118e-07 acc 1.0000 |   188s
step  25000 | train loss 9.582e-08 acc 1.0000 | test loss 2.113e-07 acc 1.0000 |   196s
step  26000 | train loss 9.577e-08 acc 1.0000 | test loss 2.108e-07 acc 1.0000 |   204s
step  27000 | train loss 9.573e-08 acc 1.0000 | test loss 2.103e-07 acc 1.0000 |   212s
step  28000 | train loss 9.568e-08 acc 1.0000 | test loss 2.099e-07 acc 1.0000 |   220s
step  29000 | train loss 9.564e-08 acc 1.0000 | test loss 2.096e-07 acc 1.0000 |   227s
step  30000 | train loss 9.561e-08 acc 1.0000 | test loss 2.093e-07 acc 1.0000 |   235s
step  31000 | train loss 9.557e-08 acc 1.0000 | test loss 2.091e-07 acc 1.0000 |   243s
step  32000 | train loss 9.554e-08 acc 1.0000 | test loss 2.088e-07 acc 1.0000 |   251s
step  33000 | train loss 9.551e-08 acc 1.0000 | test loss 2.086e-07 acc 1.0000 |   259s
step  34000 | train loss 9.548e-08 acc 1.0000 | test loss 2.083e-07 acc 1.0000 |   267s
step  35000 | train loss 9.545e-08 acc 1.0000 | test loss 2.080e-07 acc 1.0000 |   274s
step  36000 | train loss 9.542e-08 acc 1.0000 | test loss 2.078e-07 acc 1.0000 |   282s
step  37000 | train loss 9.540e-08 acc 1.0000 | test loss 2.077e-07 acc 1.0000 |   290s
step  38000 | train loss 9.537e-08 acc 1.0000 | test loss 2.075e-07 acc 1.0000 |   298s
step  39000 | train loss 9.535e-08 acc 1.0000 | test loss 2.074e-07 acc 1.0000 |   306s
step  40000 | train loss 9.533e-08 acc 1.0000 | test loss 2.073e-07 acc 1.0000 |   314s
saved -> experiments/EXP021/d202/results/seed0
