seed4: params=424,064 train=3830 test=8939 split=8de4382ea6c7 device=cuda (NVIDIA GeForce RTX 4060) commit=c54bdfd1
step      0 | train loss 4.855e+00 acc 0.0081 | test loss 4.865e+00 acc 0.0085 |     0s
step   1000 | train loss 3.823e-03 acc 1.0000 | test loss 1.723e+01 acc 0.0225 |    14s
step   2000 | train loss 4.494e-07 acc 1.0000 | test loss 3.140e+01 acc 0.0289 |    28s
step   3000 | train loss 6.462e-06 acc 1.0000 | test loss 2.530e+01 acc 0.0412 |    42s
step   4000 | train loss 3.839e-04 acc 1.0000 | test loss 1.760e+01 acc 0.0505 |    57s
step   5000 | train loss 7.148e-04 acc 1.0000 | test loss 1.814e+01 acc 0.0699 |    71s
step   6000 | train loss 4.229e-07 acc 1.0000 | test loss 2.602e+01 acc 0.0751 |    85s
step   7000 | train loss 1.518e-05 acc 1.0000 | test loss 1.971e+01 acc 0.0912 |    99s
step   8000 | train loss 5.327e-04 acc 1.0000 | test loss 1.411e+01 acc 0.1048 |   113s
step   9000 | train loss 9.821e-04 acc 1.0000 | test loss 1.615e+01 acc 0.1246 |   127s
step  10000 | train loss 9.295e-07 acc 1.0000 | test loss 2.052e+01 acc 0.1308 |   141s
step  11000 | train loss 2.555e-05 acc 1.0000 | test loss 1.562e+01 acc 0.1478 |   155s
step  12000 | train loss 8.929e-04 acc 1.0000 | test loss 1.107e+01 acc 0.1674 |   169s
step  13000 | train loss 3.439e-04 acc 1.0000 | test loss 1.674e+01 acc 0.1641 |   183s
step  14000 | train loss 6.577e-07 acc 1.0000 | test loss 1.726e+01 acc 0.1900 |   197s
step  15000 | train loss 9.314e-05 acc 1.0000 | test loss 1.140e+01 acc 0.2090 |   211s
step  16000 | train loss 1.645e-04 acc 1.0000 | test loss 1.499e+01 acc 0.2079 |   225s
step  17000 | train loss 3.462e-07 acc 1.0000 | test loss 1.506e+01 acc 0.2318 |   239s
step  18000 | train loss 2.638e-05 acc 1.0000 | test loss 1.042e+01 acc 0.2488 |   253s
step  19000 | train loss 1.075e-04 acc 1.0000 | test loss 1.124e+01 acc 0.2598 |   267s
step  20000 | train loss 2.854e-07 acc 1.0000 | test loss 1.163e+01 acc 0.2886 |   281s
step  21000 | train loss 2.049e-04 acc 1.0000 | test loss 5.936e+00 acc 0.3314 |   295s
step  22000 | train loss 6.261e-08 acc 1.0000 | test loss 7.284e+00 acc 0.4162 |   310s
step  23000 | train loss 5.423e-04 acc 1.0000 | test loss 2.992e+00 acc 0.4955 |   324s
step  24000 | train loss 1.227e-07 acc 1.0000 | test loss 1.999e+00 acc 0.7133 |   338s
step  25000 | train loss 2.521e-04 acc 1.0000 | test loss 5.951e-01 acc 0.8495 |   352s
step  26000 | train loss 2.742e-07 acc 1.0000 | test loss 4.083e-02 acc 0.9891 |   366s
step  27000 | train loss 2.648e-08 acc 1.0000 | test loss 4.597e-05 acc 1.0000 |   380s
step  28000 | train loss 2.547e-08 acc 1.0000 | test loss 1.034e-06 acc 1.0000 |   394s
step  29000 | train loss 2.485e-08 acc 1.0000 | test loss 2.336e-07 acc 1.0000 |   408s
step  30000 | train loss 2.475e-08 acc 1.0000 | test loss 1.502e-07 acc 1.0000 |   422s
step  31000 | train loss 2.464e-08 acc 1.0000 | test loss 1.168e-07 acc 1.0000 |   436s
step  32000 | train loss 2.456e-08 acc 1.0000 | test loss 9.934e-08 acc 1.0000 |   450s
step  33000 | train loss 2.451e-08 acc 1.0000 | test loss 9.009e-08 acc 1.0000 |   464s
step  34000 | train loss 2.448e-08 acc 1.0000 | test loss 8.530e-08 acc 1.0000 |   478s
step  35000 | train loss 2.445e-08 acc 1.0000 | test loss 8.278e-08 acc 1.0000 |   492s
step  36000 | train loss 2.443e-08 acc 1.0000 | test loss 8.145e-08 acc 1.0000 |   506s
step  37000 | train loss 2.441e-08 acc 1.0000 | test loss 8.083e-08 acc 1.0000 |   520s
step  38000 | train loss 2.440e-08 acc 1.0000 | test loss 8.050e-08 acc 1.0000 |   534s
step  39000 | train loss 2.440e-08 acc 1.0000 | test loss 8.055e-08 acc 1.0000 |   548s
step  40000 | train loss 2.439e-08 acc 1.0000 | test loss 8.089e-08 acc 1.0000 |   562s
saved -> experiments/EXP024/lr3e-4_wd1/results/seed4
