seed3: params=424,064 train=3830 test=8939 split=8de4382ea6c7 device=cuda (NVIDIA GeForce RTX 4060) commit=c54bdfd1
step      0 | train loss 4.876e+00 acc 0.0097 | test loss 4.881e+00 acc 0.0086 |     0s
step   1000 | train loss 4.942e-03 acc 1.0000 | test loss 1.682e+01 acc 0.0177 |    14s
step   2000 | train loss 6.445e-07 acc 1.0000 | test loss 3.135e+01 acc 0.0260 |    28s
step   3000 | train loss 8.204e-06 acc 1.0000 | test loss 2.553e+01 acc 0.0357 |    42s
step   4000 | train loss 1.525e-04 acc 1.0000 | test loss 1.986e+01 acc 0.0442 |    57s
step   5000 | train loss 1.879e-03 acc 1.0000 | test loss 1.531e+01 acc 0.0545 |    71s
step   6000 | train loss 1.496e-03 acc 1.0000 | test loss 1.639e+01 acc 0.0692 |    85s
step   7000 | train loss 6.650e-04 acc 1.0000 | test loss 2.094e+01 acc 0.0717 |    99s
step   8000 | train loss 1.202e-06 acc 1.0000 | test loss 2.518e+01 acc 0.0793 |   113s
step   9000 | train loss 2.401e-05 acc 1.0000 | test loss 2.009e+01 acc 0.0876 |   127s
step  10000 | train loss 4.791e-04 acc 1.0000 | test loss 1.536e+01 acc 0.0954 |   141s
step  11000 | train loss 2.341e-03 acc 1.0000 | test loss 1.464e+01 acc 0.1097 |   155s
step  12000 | train loss 4.454e-07 acc 1.0000 | test loss 2.423e+01 acc 0.1166 |   169s
step  13000 | train loss 3.277e-06 acc 1.0000 | test loss 2.100e+01 acc 0.1214 |   183s
step  14000 | train loss 9.225e-05 acc 1.0000 | test loss 1.622e+01 acc 0.1284 |   197s
step  15000 | train loss 3.689e-04 acc 1.0000 | test loss 1.419e+01 acc 0.1392 |   211s
step  16000 | train loss 2.348e-03 acc 1.0000 | test loss 1.221e+01 acc 0.1542 |   225s
step  17000 | train loss 2.337e-07 acc 1.0000 | test loss 2.253e+01 acc 0.1586 |   239s
step  18000 | train loss 1.990e-06 acc 1.0000 | test loss 1.955e+01 acc 0.1656 |   253s
step  19000 | train loss 2.158e-05 acc 1.0000 | test loss 1.622e+01 acc 0.1690 |   267s
step  20000 | train loss 5.287e-04 acc 1.0000 | test loss 1.218e+01 acc 0.1756 |   281s
step  21000 | train loss 5.181e-04 acc 1.0000 | test loss 1.534e+01 acc 0.1753 |   295s
step  22000 | train loss 4.854e-07 acc 1.0000 | test loss 1.940e+01 acc 0.1870 |   309s
step  23000 | train loss 1.251e-05 acc 1.0000 | test loss 1.548e+01 acc 0.1898 |   323s
step  24000 | train loss 6.309e-04 acc 1.0000 | test loss 1.099e+01 acc 0.1931 |   337s
step  25000 | train loss 8.110e-08 acc 1.0000 | test loss 2.027e+01 acc 0.1961 |   351s
step  26000 | train loss 1.319e-06 acc 1.0000 | test loss 1.702e+01 acc 0.2001 |   365s
step  27000 | train loss 6.472e-05 acc 1.0000 | test loss 1.256e+01 acc 0.2076 |   379s
step  28000 | train loss 6.715e-04 acc 1.0000 | test loss 1.200e+01 acc 0.2068 |   394s
step  29000 | train loss 4.055e-07 acc 1.0000 | test loss 1.713e+01 acc 0.2138 |   408s
step  30000 | train loss 1.468e-05 acc 1.0000 | test loss 1.307e+01 acc 0.2207 |   422s
step  31000 | train loss 1.790e-03 acc 1.0000 | test loss 8.453e+00 acc 0.2325 |   436s
step  32000 | train loss 1.235e-07 acc 1.0000 | test loss 1.661e+01 acc 0.2353 |   450s
step  33000 | train loss 7.177e-06 acc 1.0000 | test loss 1.253e+01 acc 0.2433 |   464s
step  34000 | train loss 1.277e-03 acc 1.0000 | test loss 7.930e+00 acc 0.2529 |   478s
step  35000 | train loss 1.017e-07 acc 1.0000 | test loss 1.511e+01 acc 0.2626 |   492s
step  36000 | train loss 1.408e-05 acc 1.0000 | test loss 1.063e+01 acc 0.2739 |   506s
step  37000 | train loss 6.308e-04 acc 1.0000 | test loss 8.353e+00 acc 0.2827 |   520s
step  38000 | train loss 2.152e-07 acc 1.0000 | test loss 1.288e+01 acc 0.2925 |   534s
step  39000 | train loss 9.424e-05 acc 1.0000 | test loss 8.033e+00 acc 0.3032 |   548s
step  40000 | train loss 5.651e-08 acc 1.0000 | test loss 1.265e+01 acc 0.3136 |   562s
saved -> experiments/EXP024/lr3e-4_wd1/results/seed3
