seed5: params=424,064 train=3830 test=8939 split=8de4382ea6c7 device=cuda (NVIDIA GeForce RTX 4060) commit=c54bdfd1
step      0 | train loss 4.943e+00 acc 0.0060 | test loss 4.925e+00 acc 0.0088 |     0s
step   1000 | train loss 5.307e-03 acc 1.0000 | test loss 1.775e+01 acc 0.0094 |    14s
step   2000 | train loss 5.776e-07 acc 1.0000 | test loss 3.400e+01 acc 0.0154 |    28s
step   3000 | train loss 1.161e-05 acc 1.0000 | test loss 2.692e+01 acc 0.0188 |    42s
step   4000 | train loss 3.964e-04 acc 1.0000 | test loss 1.978e+01 acc 0.0222 |    57s
step   5000 | train loss 3.439e-03 acc 1.0000 | test loss 1.571e+01 acc 0.0275 |    71s
step   6000 | train loss 1.973e-07 acc 1.0000 | test loss 3.135e+01 acc 0.0295 |    85s
step   7000 | train loss 2.187e-06 acc 1.0000 | test loss 2.666e+01 acc 0.0300 |    99s
step   8000 | train loss 1.674e-04 acc 1.0000 | test loss 1.904e+01 acc 0.0326 |   113s
step   9000 | train loss 2.554e-03 acc 1.0000 | test loss 1.613e+01 acc 0.0373 |   127s
step  10000 | train loss 2.995e-07 acc 1.0000 | test loss 2.850e+01 acc 0.0364 |   141s
step  11000 | train loss 1.183e-05 acc 1.0000 | test loss 2.238e+01 acc 0.0389 |   155s
step  12000 | train loss 6.266e-04 acc 1.0000 | test loss 1.605e+01 acc 0.0441 |   169s
step  13000 | train loss 1.187e-03 acc 1.0000 | test loss 1.962e+01 acc 0.0450 |   183s
step  14000 | train loss 6.494e-07 acc 1.0000 | test loss 2.590e+01 acc 0.0486 |   197s
step  15000 | train loss 1.713e-05 acc 1.0000 | test loss 2.065e+01 acc 0.0521 |   211s
step  16000 | train loss 2.226e-03 acc 1.0000 | test loss 1.373e+01 acc 0.0573 |   225s
step  17000 | train loss 1.395e-07 acc 1.0000 | test loss 2.697e+01 acc 0.0581 |   239s
step  18000 | train loss 4.296e-06 acc 1.0000 | test loss 2.173e+01 acc 0.0604 |   253s
step  19000 | train loss 1.661e-04 acc 1.0000 | test loss 1.631e+01 acc 0.0607 |   267s
step  20000 | train loss 7.052e-04 acc 1.0000 | test loss 1.536e+01 acc 0.0688 |   281s
step  21000 | train loss 1.812e-07 acc 1.0000 | test loss 2.556e+01 acc 0.0626 |   295s
step  22000 | train loss 8.296e-06 acc 1.0000 | test loss 1.991e+01 acc 0.0634 |   309s
step  23000 | train loss 1.014e-03 acc 1.0000 | test loss 1.324e+01 acc 0.0708 |   323s
step  24000 | train loss 1.004e-07 acc 1.0000 | test loss 2.530e+01 acc 0.0671 |   337s
step  25000 | train loss 2.815e-06 acc 1.0000 | test loss 2.069e+01 acc 0.0697 |   351s
step  26000 | train loss 3.171e-04 acc 1.0000 | test loss 1.422e+01 acc 0.0722 |   365s
step  27000 | train loss 7.645e-08 acc 1.0000 | test loss 2.498e+01 acc 0.0705 |   379s
step  28000 | train loss 9.134e-07 acc 1.0000 | test loss 2.135e+01 acc 0.0736 |   393s
step  29000 | train loss 5.685e-04 acc 1.0000 | test loss 1.287e+01 acc 0.0784 |   408s
step  30000 | train loss 8.151e-08 acc 1.0000 | test loss 2.357e+01 acc 0.0792 |   422s
step  31000 | train loss 1.049e-03 acc 1.0000 | test loss 1.207e+01 acc 0.0909 |   436s
step  32000 | train loss 1.447e-07 acc 1.0000 | test loss 2.225e+01 acc 0.0809 |   450s
step  33000 | train loss 5.305e-05 acc 1.0000 | test loss 1.493e+01 acc 0.0817 |   464s
step  34000 | train loss 6.342e-08 acc 1.0000 | test loss 2.279e+01 acc 0.0816 |   478s
step  35000 | train loss 5.115e-06 acc 1.0000 | test loss 1.717e+01 acc 0.0879 |   492s
step  36000 | train loss 3.178e-04 acc 1.0000 | test loss 1.482e+01 acc 0.1010 |   506s
step  37000 | train loss 2.952e-07 acc 1.0000 | test loss 1.964e+01 acc 0.0998 |   520s
step  38000 | train loss 3.796e-04 acc 1.0000 | test loss 1.137e+01 acc 0.1078 |   534s
step  39000 | train loss 7.106e-08 acc 1.0000 | test loss 2.043e+01 acc 0.1066 |   548s
step  40000 | train loss 1.331e-05 acc 1.0000 | test loss 1.430e+01 acc 0.1185 |   562s
saved -> experiments/EXP024/lr3e-4_wd1/results/seed5
