=== EXP008: confirmatory tests on FRESH seeds (preregistered: commit 47c4f4d) ===

##### seed3  major freqs (W_E share >= 0.1): 19 (0.149), 30 (0.171), 36 (0.157), 38 (0.254), 52 (0.194)
H004 PASS | attention from '=': h0 a 0.499 b 0.500 = 0.001; h1 a 0.439 b 0.439 = 0.122; h2 a 0.430 b 0.429 = 0.141; h3 a 0.500 b 0.499 = 0.001
H005 PASS | alive 512, dominant in major 1.000 | same_freq 0.208 (init 0.001, control ok)
H006 FAIL | R² 0.8841 (init 0.0000, control ok) | α: 19: +6.17, 30: +5.71, 36: +5.70, 38: +15.47, 52: +8.68
H007 PASS | test acc (loss): baseline 1.0000 (2.60e-07) | cross 1.0000 (1.16e-07) | same_freq 0.0254 (5.70e+00) | univariate 1.0000 (1.68e-06) | control ok

##### seed4  major freqs (W_E share >= 0.1): 8 (0.292), 18 (0.264), 27 (0.173), 41 (0.258)
H004 PASS | attention from '=': h0 a 0.498 b 0.499 = 0.002; h1 a 0.499 b 0.498 = 0.003; h2 a 0.499 b 0.499 = 0.003; h3 a 0.500 b 0.498 = 0.002
H005 PASS | alive 512, dominant in major 1.000 | same_freq 0.204 (init 0.001, control ok)
H006 PASS | R² 0.9692 (init 0.0000, control ok) | α: 8: +22.37, 18: +11.74, 27: +6.64, 41: +11.10
H007 PASS | test acc (loss): baseline 1.0000 (1.98e-07) | cross 1.0000 (9.77e-08) | same_freq 0.0455 (4.90e+00) | univariate 1.0000 (1.95e-07) | control ok

##### seed5  major freqs (W_E share >= 0.1): 6 (0.241), 7 (0.376), 24 (0.247), 53 (0.102)
H004 FAIL | attention from '=': h0 a 0.398 b 0.397 = 0.206; h1 a 0.500 b 0.500 = 0.001; h2 a 0.395 b 0.397 = 0.208; h3 a 0.500 b 0.500 = 0.000
H005 PASS | alive 512, dominant in major 1.000 | same_freq 0.233 (init 0.001, control ok)
H006 PASS | R² 0.9590 (init 0.0000, control ok) | α: 6: +12.50, 7: +34.79, 24: +13.03, 53: +2.99
H007 PASS | test acc (loss): baseline 1.0000 (2.06e-07) | cross 1.0000 (9.82e-08) | same_freq 0.0314 (6.03e+00) | univariate 1.0000 (1.67e-06) | control ok

=== VERDICTS ===
H004: PARTIAL
H005: SUPPORTED
H006: PARTIAL
H007: SUPPORTED

saved -> experiments/EXP008/results
