seed0: params=226,816 train=3830 test=8939 split=8de4382ea6c7 device=cuda (NVIDIA GeForce RTX 4060) commit=f995dc31
step      0 | train loss 4.761e+00 acc 0.0081 | test loss 4.765e+00 acc 0.0096 |     0s
step   1000 | train loss 4.039e-06 acc 1.0000 | test loss 2.359e+01 acc 0.0567 |     8s
step   2000 | train loss 3.403e-07 acc 1.0000 | test loss 2.469e+01 acc 0.0699 |    16s
step   3000 | train loss 3.261e-07 acc 1.0000 | test loss 2.297e+01 acc 0.0793 |    24s
step   4000 | train loss 3.127e-07 acc 1.0000 | test loss 2.112e+01 acc 0.0897 |    32s
step   5000 | train loss 3.012e-07 acc 1.0000 | test loss 1.907e+01 acc 0.1042 |    40s
step   6000 | train loss 2.887e-07 acc 1.0000 | test loss 1.665e+01 acc 0.1306 |    47s
step   7000 | train loss 2.746e-07 acc 1.0000 | test loss 1.346e+01 acc 0.1729 |    55s
step   8000 | train loss 2.565e-07 acc 1.0000 | test loss 9.242e+00 acc 0.2704 |    63s
step   9000 | train loss 2.285e-07 acc 1.0000 | test loss 4.260e+00 acc 0.4999 |    71s
step  10000 | train loss 1.697e-07 acc 1.0000 | test loss 1.848e-01 acc 0.9511 |    79s
step  11000 | train loss 1.326e-07 acc 1.0000 | test loss 1.232e-03 acc 0.9998 |    87s
step  12000 | train loss 1.208e-07 acc 1.0000 | test loss 1.694e-05 acc 1.0000 |    94s
step  13000 | train loss 1.095e-07 acc 1.0000 | test loss 7.905e-06 acc 1.0000 |   102s
step  14000 | train loss 1.020e-07 acc 1.0000 | test loss 3.682e-06 acc 1.0000 |   110s
step  15000 | train loss 9.948e-08 acc 1.0000 | test loss 1.565e-06 acc 1.0000 |   118s
step  16000 | train loss 9.820e-08 acc 1.0000 | test loss 1.102e-06 acc 1.0000 |   126s
step  17000 | train loss 9.740e-08 acc 1.0000 | test loss 8.484e-07 acc 1.0000 |   134s
step  18000 | train loss 9.691e-08 acc 1.0000 | test loss 6.512e-07 acc 1.0000 |   142s
step  19000 | train loss 9.657e-08 acc 1.0000 | test loss 6.002e-07 acc 1.0000 |   149s
step  20000 | train loss 9.627e-08 acc 1.0000 | test loss 5.427e-07 acc 1.0000 |   157s
step  21000 | train loss 9.605e-08 acc 1.0000 | test loss 5.334e-07 acc 1.0000 |   165s
step  22000 | train loss 9.588e-08 acc 1.0000 | test loss 5.400e-07 acc 1.0000 |   173s
step  23000 | train loss 9.573e-08 acc 1.0000 | test loss 5.527e-07 acc 1.0000 |   181s
step  24000 | train loss 9.560e-08 acc 1.0000 | test loss 5.704e-07 acc 1.0000 |   189s
step  25000 | train loss 9.549e-08 acc 1.0000 | test loss 5.807e-07 acc 1.0000 |   197s
step  26000 | train loss 9.540e-08 acc 1.0000 | test loss 5.900e-07 acc 1.0000 |   204s
step  27000 | train loss 9.531e-08 acc 1.0000 | test loss 6.004e-07 acc 1.0000 |   212s
step  28000 | train loss 9.523e-08 acc 1.0000 | test loss 6.137e-07 acc 1.0000 |   220s
step  29000 | train loss 9.516e-08 acc 1.0000 | test loss 6.140e-07 acc 1.0000 |   228s
step  30000 | train loss 9.510e-08 acc 1.0000 | test loss 6.264e-07 acc 1.0000 |   236s
step  31000 | train loss 9.504e-08 acc 1.0000 | test loss 6.441e-07 acc 1.0000 |   244s
step  32000 | train loss 9.498e-08 acc 1.0000 | test loss 6.566e-07 acc 1.0000 |   252s
step  33000 | train loss 9.494e-08 acc 1.0000 | test loss 6.683e-07 acc 1.0000 |   259s
step  34000 | train loss 9.489e-08 acc 1.0000 | test loss 6.790e-07 acc 1.0000 |   267s
step  35000 | train loss 9.486e-08 acc 1.0000 | test loss 6.891e-07 acc 1.0000 |   275s
step  36000 | train loss 9.482e-08 acc 1.0000 | test loss 6.978e-07 acc 1.0000 |   283s
step  37000 | train loss 9.479e-08 acc 1.0000 | test loss 7.084e-07 acc 1.0000 |   291s
step  38000 | train loss 9.475e-08 acc 1.0000 | test loss 7.157e-07 acc 1.0000 |   299s
step  39000 | train loss 9.473e-08 acc 1.0000 | test loss 7.168e-07 acc 1.0000 |   307s
step  40000 | train loss 9.470e-08 acc 1.0000 | test loss 7.230e-07 acc 1.0000 |   314s
saved -> experiments/EXP001/results/seed0
