seed1: params=226,816 train=3830 test=8939 split=8de4382ea6c7 device=cuda (NVIDIA GeForce RTX 4060) commit=f995dc31
step      0 | train loss 4.774e+00 acc 0.0078 | test loss 4.765e+00 acc 0.0087 |     0s
step   1000 | train loss 4.179e-06 acc 1.0000 | test loss 2.397e+01 acc 0.0439 |     8s
step   2000 | train loss 3.383e-07 acc 1.0000 | test loss 2.502e+01 acc 0.0555 |    16s
step   3000 | train loss 3.238e-07 acc 1.0000 | test loss 2.307e+01 acc 0.0643 |    24s
step   4000 | train loss 3.103e-07 acc 1.0000 | test loss 2.090e+01 acc 0.0817 |    32s
step   5000 | train loss 2.966e-07 acc 1.0000 | test loss 1.797e+01 acc 0.1097 |    40s
step   6000 | train loss 2.780e-07 acc 1.0000 | test loss 1.370e+01 acc 0.1650 |    47s
step   7000 | train loss 2.421e-07 acc 1.0000 | test loss 6.772e+00 acc 0.3494 |    55s
step   8000 | train loss 1.855e-07 acc 1.0000 | test loss 3.910e-01 acc 0.9014 |    63s
step   9000 | train loss 1.136e-07 acc 1.0000 | test loss 2.413e-05 acc 1.0000 |    71s
step  10000 | train loss 9.874e-08 acc 1.0000 | test loss 1.872e-07 acc 1.0000 |    79s
step  11000 | train loss 9.682e-08 acc 1.0000 | test loss 1.624e-07 acc 1.0000 |    87s
step  12000 | train loss 9.583e-08 acc 1.0000 | test loss 1.590e-07 acc 1.0000 |    95s
step  13000 | train loss 9.517e-08 acc 1.0000 | test loss 1.584e-07 acc 1.0000 |   103s
step  14000 | train loss 9.467e-08 acc 1.0000 | test loss 1.580e-07 acc 1.0000 |   110s
step  15000 | train loss 9.429e-08 acc 1.0000 | test loss 1.583e-07 acc 1.0000 |   118s
step  16000 | train loss 9.399e-08 acc 1.0000 | test loss 1.583e-07 acc 1.0000 |   126s
step  17000 | train loss 9.373e-08 acc 1.0000 | test loss 1.585e-07 acc 1.0000 |   134s
step  18000 | train loss 9.352e-08 acc 1.0000 | test loss 1.587e-07 acc 1.0000 |   142s
step  19000 | train loss 9.334e-08 acc 1.0000 | test loss 1.591e-07 acc 1.0000 |   150s
step  20000 | train loss 9.318e-08 acc 1.0000 | test loss 1.596e-07 acc 1.0000 |   158s
step  21000 | train loss 9.305e-08 acc 1.0000 | test loss 1.599e-07 acc 1.0000 |   166s
step  22000 | train loss 9.293e-08 acc 1.0000 | test loss 1.602e-07 acc 1.0000 |   174s
step  23000 | train loss 9.282e-08 acc 1.0000 | test loss 1.606e-07 acc 1.0000 |   182s
step  24000 | train loss 9.273e-08 acc 1.0000 | test loss 1.609e-07 acc 1.0000 |   190s
step  25000 | train loss 9.265e-08 acc 1.0000 | test loss 1.612e-07 acc 1.0000 |   197s
step  26000 | train loss 9.258e-08 acc 1.0000 | test loss 1.614e-07 acc 1.0000 |   205s
step  27000 | train loss 9.251e-08 acc 1.0000 | test loss 1.616e-07 acc 1.0000 |   213s
step  28000 | train loss 9.245e-08 acc 1.0000 | test loss 1.618e-07 acc 1.0000 |   221s
step  29000 | train loss 9.240e-08 acc 1.0000 | test loss 1.620e-07 acc 1.0000 |   229s
step  30000 | train loss 9.235e-08 acc 1.0000 | test loss 1.622e-07 acc 1.0000 |   237s
step  31000 | train loss 9.230e-08 acc 1.0000 | test loss 1.623e-07 acc 1.0000 |   244s
step  32000 | train loss 9.226e-08 acc 1.0000 | test loss 1.625e-07 acc 1.0000 |   252s
step  33000 | train loss 9.222e-08 acc 1.0000 | test loss 1.626e-07 acc 1.0000 |   260s
step  34000 | train loss 9.219e-08 acc 1.0000 | test loss 1.628e-07 acc 1.0000 |   268s
step  35000 | train loss 9.215e-08 acc 1.0000 | test loss 1.630e-07 acc 1.0000 |   276s
step  36000 | train loss 9.212e-08 acc 1.0000 | test loss 1.632e-07 acc 1.0000 |   284s
step  37000 | train loss 9.209e-08 acc 1.0000 | test loss 1.633e-07 acc 1.0000 |   292s
step  38000 | train loss 9.206e-08 acc 1.0000 | test loss 1.634e-07 acc 1.0000 |   300s
step  39000 | train loss 9.204e-08 acc 1.0000 | test loss 1.635e-07 acc 1.0000 |   308s
step  40000 | train loss 9.201e-08 acc 1.0000 | test loss 1.637e-07 acc 1.0000 |   316s
saved -> experiments/EXP001/results/seed1
