seed2: params=226,816 train=3830 test=8939 split=8de4382ea6c7 device=cuda (NVIDIA GeForce RTX 4060) commit=f995dc31
step      0 | train loss 4.767e+00 acc 0.0110 | test loss 4.775e+00 acc 0.0097 |     0s
step   1000 | train loss 4.504e-06 acc 1.0000 | test loss 2.394e+01 acc 0.1022 |     8s
step   2000 | train loss 3.420e-07 acc 1.0000 | test loss 2.553e+01 acc 0.1100 |    16s
step   3000 | train loss 3.287e-07 acc 1.0000 | test loss 2.431e+01 acc 0.1128 |    24s
step   4000 | train loss 3.184e-07 acc 1.0000 | test loss 2.327e+01 acc 0.1144 |    32s
step   5000 | train loss 3.102e-07 acc 1.0000 | test loss 2.228e+01 acc 0.1190 |    40s
step   6000 | train loss 3.020e-07 acc 1.0000 | test loss 2.098e+01 acc 0.1255 |    48s
step   7000 | train loss 2.936e-07 acc 1.0000 | test loss 1.913e+01 acc 0.1433 |    56s
step   8000 | train loss 2.821e-07 acc 1.0000 | test loss 1.630e+01 acc 0.1741 |    63s
step   9000 | train loss 2.629e-07 acc 1.0000 | test loss 1.129e+01 acc 0.2573 |    71s
step  10000 | train loss 2.138e-07 acc 1.0000 | test loss 3.152e+00 acc 0.5780 |    79s
step  11000 | train loss 1.425e-07 acc 1.0000 | test loss 1.479e-02 acc 0.9943 |    87s
step  12000 | train loss 1.126e-07 acc 1.0000 | test loss 1.939e-05 acc 1.0000 |    95s
step  13000 | train loss 9.870e-08 acc 1.0000 | test loss 8.686e-07 acc 1.0000 |   103s
step  14000 | train loss 9.595e-08 acc 1.0000 | test loss 2.653e-07 acc 1.0000 |   111s
step  15000 | train loss 9.468e-08 acc 1.0000 | test loss 1.946e-07 acc 1.0000 |   119s
step  16000 | train loss 9.407e-08 acc 1.0000 | test loss 1.828e-07 acc 1.0000 |   127s
step  17000 | train loss 9.369e-08 acc 1.0000 | test loss 1.781e-07 acc 1.0000 |   134s
step  18000 | train loss 9.341e-08 acc 1.0000 | test loss 1.757e-07 acc 1.0000 |   142s
step  19000 | train loss 9.321e-08 acc 1.0000 | test loss 1.740e-07 acc 1.0000 |   150s
step  20000 | train loss 9.304e-08 acc 1.0000 | test loss 1.729e-07 acc 1.0000 |   158s
step  21000 | train loss 9.291e-08 acc 1.0000 | test loss 1.720e-07 acc 1.0000 |   166s
step  22000 | train loss 9.279e-08 acc 1.0000 | test loss 1.713e-07 acc 1.0000 |   174s
step  23000 | train loss 9.269e-08 acc 1.0000 | test loss 1.708e-07 acc 1.0000 |   182s
step  24000 | train loss 9.259e-08 acc 1.0000 | test loss 1.706e-07 acc 1.0000 |   190s
step  25000 | train loss 9.251e-08 acc 1.0000 | test loss 1.703e-07 acc 1.0000 |   198s
step  26000 | train loss 9.243e-08 acc 1.0000 | test loss 1.702e-07 acc 1.0000 |   206s
step  27000 | train loss 9.236e-08 acc 1.0000 | test loss 1.699e-07 acc 1.0000 |   213s
step  28000 | train loss 9.229e-08 acc 1.0000 | test loss 1.697e-07 acc 1.0000 |   221s
step  29000 | train loss 9.223e-08 acc 1.0000 | test loss 1.696e-07 acc 1.0000 |   229s
step  30000 | train loss 9.218e-08 acc 1.0000 | test loss 1.695e-07 acc 1.0000 |   237s
step  31000 | train loss 9.213e-08 acc 1.0000 | test loss 1.694e-07 acc 1.0000 |   245s
step  32000 | train loss 9.208e-08 acc 1.0000 | test loss 1.693e-07 acc 1.0000 |   253s
step  33000 | train loss 9.204e-08 acc 1.0000 | test loss 1.694e-07 acc 1.0000 |   261s
step  34000 | train loss 9.201e-08 acc 1.0000 | test loss 1.693e-07 acc 1.0000 |   268s
step  35000 | train loss 9.197e-08 acc 1.0000 | test loss 1.693e-07 acc 1.0000 |   276s
step  36000 | train loss 9.194e-08 acc 1.0000 | test loss 1.694e-07 acc 1.0000 |   284s
step  37000 | train loss 9.191e-08 acc 1.0000 | test loss 1.695e-07 acc 1.0000 |   292s
step  38000 | train loss 9.187e-08 acc 1.0000 | test loss 1.696e-07 acc 1.0000 |   300s
step  39000 | train loss 9.158e-08 acc 1.0000 | test loss 1.701e-07 acc 1.0000 |   308s
step  40000 | train loss 9.149e-08 acc 1.0000 | test loss 1.741e-07 acc 1.0000 |   316s
saved -> experiments/EXP001/results/seed2
