seed0_rerun: params=226,816 train=3830 test=8939 split=8de4382ea6c7 device=cuda (NVIDIA GeForce RTX 4060) commit=f995dc31
step      0 | train loss 4.761e+00 acc 0.0081 | test loss 4.765e+00 acc 0.0096 |     0s
step   1000 | train loss 4.039e-06 acc 1.0000 | test loss 2.359e+01 acc 0.0567 |     8s
step   2000 | train loss 3.403e-07 acc 1.0000 | test loss 2.469e+01 acc 0.0699 |    16s
step   3000 | train loss 3.261e-07 acc 1.0000 | test loss 2.297e+01 acc 0.0793 |    24s
step   4000 | train loss 3.127e-07 acc 1.0000 | test loss 2.112e+01 acc 0.0897 |    32s
step   5000 | train loss 3.012e-07 acc 1.0000 | test loss 1.907e+01 acc 0.1042 |    41s
step   6000 | train loss 2.887e-07 acc 1.0000 | test loss 1.665e+01 acc 0.1306 |    49s
step   7000 | train loss 2.746e-07 acc 1.0000 | test loss 1.346e+01 acc 0.1729 |    57s
step   8000 | train loss 2.565e-07 acc 1.0000 | test loss 9.242e+00 acc 0.2704 |    65s
step   9000 | train loss 2.285e-07 acc 1.0000 | test loss 4.260e+00 acc 0.4999 |    73s
step  10000 | train loss 1.697e-07 acc 1.0000 | test loss 1.848e-01 acc 0.9511 |    81s
step  11000 | train loss 1.326e-07 acc 1.0000 | test loss 1.232e-03 acc 0.9998 |    89s
step  12000 | train loss 1.208e-07 acc 1.0000 | test loss 1.694e-05 acc 1.0000 |    97s
step  13000 | train loss 1.095e-07 acc 1.0000 | test loss 7.905e-06 acc 1.0000 |   105s
step  14000 | train loss 1.020e-07 acc 1.0000 | test loss 3.682e-06 acc 1.0000 |   113s
step  15000 | train loss 9.948e-08 acc 1.0000 | test loss 1.565e-06 acc 1.0000 |   121s
step  16000 | train loss 9.820e-08 acc 1.0000 | test loss 1.102e-06 acc 1.0000 |   129s
step  17000 | train loss 9.740e-08 acc 1.0000 | test loss 8.484e-07 acc 1.0000 |   137s
step  18000 | train loss 9.691e-08 acc 1.0000 | test loss 6.512e-07 acc 1.0000 |   144s
step  19000 | train loss 9.657e-08 acc 1.0000 | test loss 6.002e-07 acc 1.0000 |   152s
step  20000 | train loss 9.627e-08 acc 1.0000 | test loss 5.427e-07 acc 1.0000 |   160s
step  21000 | train loss 9.605e-08 acc 1.0000 | test loss 5.334e-07 acc 1.0000 |   168s
step  22000 | train loss 9.588e-08 acc 1.0000 | test loss 5.400e-07 acc 1.0000 |   176s
step  23000 | train loss 9.573e-08 acc 1.0000 | test loss 5.527e-07 acc 1.0000 |   184s
step  24000 | train loss 9.560e-08 acc 1.0000 | test loss 5.704e-07 acc 1.0000 |   192s
step  25000 | train loss 9.549e-08 acc 1.0000 | test loss 5.807e-07 acc 1.0000 |   200s
step  26000 | train loss 9.540e-08 acc 1.0000 | test loss 5.900e-07 acc 1.0000 |   207s
step  27000 | train loss 9.531e-08 acc 1.0000 | test loss 6.004e-07 acc 1.0000 |   215s
step  28000 | train loss 9.523e-08 acc 1.0000 | test loss 6.137e-07 acc 1.0000 |   223s
step  29000 | train loss 9.516e-08 acc 1.0000 | test loss 6.140e-07 acc 1.0000 |   231s
step  30000 | train loss 9.510e-08 acc 1.0000 | test loss 6.264e-07 acc 1.0000 |   239s
step  31000 | train loss 9.504e-08 acc 1.0000 | test loss 6.441e-07 acc 1.0000 |   247s
step  32000 | train loss 9.498e-08 acc 1.0000 | test loss 6.566e-07 acc 1.0000 |   254s
step  33000 | train loss 9.494e-08 acc 1.0000 | test loss 6.683e-07 acc 1.0000 |   262s
step  34000 | train loss 9.489e-08 acc 1.0000 | test loss 6.790e-07 acc 1.0000 |   270s
step  35000 | train loss 9.486e-08 acc 1.0000 | test loss 6.891e-07 acc 1.0000 |   278s
step  36000 | train loss 9.482e-08 acc 1.0000 | test loss 6.978e-07 acc 1.0000 |   286s
step  37000 | train loss 9.479e-08 acc 1.0000 | test loss 7.084e-07 acc 1.0000 |   294s
step  38000 | train loss 9.475e-08 acc 1.0000 | test loss 7.157e-07 acc 1.0000 |   302s
step  39000 | train loss 9.473e-08 acc 1.0000 | test loss 7.168e-07 acc 1.0000 |   309s
step  40000 | train loss 9.470e-08 acc 1.0000 | test loss 7.230e-07 acc 1.0000 |   317s
saved -> experiments/EXP001/results/seed0_rerun
