seed4: params=226,816 train=3830 test=8939 split=8de4382ea6c7 device=cuda (NVIDIA GeForce RTX 4060) commit=47c4f4d2
step      0 | train loss 4.757e+00 acc 0.0086 | test loss 4.758e+00 acc 0.0085 |     0s
step   1000 | train loss 4.269e-06 acc 1.0000 | test loss 2.362e+01 acc 0.0395 |     8s
step   2000 | train loss 3.365e-07 acc 1.0000 | test loss 2.343e+01 acc 0.0596 |    16s
step   3000 | train loss 3.144e-07 acc 1.0000 | test loss 1.935e+01 acc 0.0914 |    24s
step   4000 | train loss 2.834e-07 acc 1.0000 | test loss 1.305e+01 acc 0.1788 |    32s
step   5000 | train loss 2.132e-07 acc 1.0000 | test loss 2.866e+00 acc 0.5888 |    40s
step   6000 | train loss 1.260e-07 acc 1.0000 | test loss 5.391e-04 acc 0.9999 |    48s
step   7000 | train loss 1.092e-07 acc 1.0000 | test loss 4.883e-07 acc 1.0000 |    56s
step   8000 | train loss 1.025e-07 acc 1.0000 | test loss 2.738e-07 acc 1.0000 |    63s
step   9000 | train loss 9.989e-08 acc 1.0000 | test loss 2.147e-07 acc 1.0000 |    71s
step  10000 | train loss 9.888e-08 acc 1.0000 | test loss 2.081e-07 acc 1.0000 |    79s
step  11000 | train loss 9.831e-08 acc 1.0000 | test loss 2.110e-07 acc 1.0000 |    87s
step  12000 | train loss 9.792e-08 acc 1.0000 | test loss 2.150e-07 acc 1.0000 |    95s
step  13000 | train loss 9.761e-08 acc 1.0000 | test loss 2.186e-07 acc 1.0000 |   103s
step  14000 | train loss 9.735e-08 acc 1.0000 | test loss 2.216e-07 acc 1.0000 |   111s
step  15000 | train loss 9.715e-08 acc 1.0000 | test loss 2.239e-07 acc 1.0000 |   119s
step  16000 | train loss 9.698e-08 acc 1.0000 | test loss 2.257e-07 acc 1.0000 |   127s
step  17000 | train loss 9.683e-08 acc 1.0000 | test loss 2.264e-07 acc 1.0000 |   135s
step  18000 | train loss 9.669e-08 acc 1.0000 | test loss 2.256e-07 acc 1.0000 |   142s
step  19000 | train loss 9.655e-08 acc 1.0000 | test loss 2.251e-07 acc 1.0000 |   150s
step  20000 | train loss 9.642e-08 acc 1.0000 | test loss 2.240e-07 acc 1.0000 |   158s
step  21000 | train loss 9.630e-08 acc 1.0000 | test loss 2.219e-07 acc 1.0000 |   166s
step  22000 | train loss 9.617e-08 acc 1.0000 | test loss 2.203e-07 acc 1.0000 |   174s
step  23000 | train loss 9.606e-08 acc 1.0000 | test loss 2.173e-07 acc 1.0000 |   182s
step  24000 | train loss 9.594e-08 acc 1.0000 | test loss 2.144e-07 acc 1.0000 |   189s
step  25000 | train loss 9.582e-08 acc 1.0000 | test loss 2.121e-07 acc 1.0000 |   197s
step  26000 | train loss 9.572e-08 acc 1.0000 | test loss 2.106e-07 acc 1.0000 |   205s
step  27000 | train loss 9.563e-08 acc 1.0000 | test loss 2.092e-07 acc 1.0000 |   213s
step  28000 | train loss 9.555e-08 acc 1.0000 | test loss 2.077e-07 acc 1.0000 |   221s
step  29000 | train loss 9.548e-08 acc 1.0000 | test loss 2.063e-07 acc 1.0000 |   229s
step  30000 | train loss 9.542e-08 acc 1.0000 | test loss 2.048e-07 acc 1.0000 |   236s
step  31000 | train loss 9.536e-08 acc 1.0000 | test loss 2.036e-07 acc 1.0000 |   244s
step  32000 | train loss 9.531e-08 acc 1.0000 | test loss 2.022e-07 acc 1.0000 |   252s
step  33000 | train loss 9.527e-08 acc 1.0000 | test loss 2.012e-07 acc 1.0000 |   260s
step  34000 | train loss 9.523e-08 acc 1.0000 | test loss 2.006e-07 acc 1.0000 |   268s
step  35000 | train loss 9.519e-08 acc 1.0000 | test loss 2.002e-07 acc 1.0000 |   276s
step  36000 | train loss 9.516e-08 acc 1.0000 | test loss 1.996e-07 acc 1.0000 |   284s
step  37000 | train loss 9.512e-08 acc 1.0000 | test loss 1.994e-07 acc 1.0000 |   292s
step  38000 | train loss 9.509e-08 acc 1.0000 | test loss 1.990e-07 acc 1.0000 |   300s
step  39000 | train loss 9.506e-08 acc 1.0000 | test loss 1.985e-07 acc 1.0000 |   307s
step  40000 | train loss 9.504e-08 acc 1.0000 | test loss 1.981e-07 acc 1.0000 |   315s
saved -> experiments/EXP005/results/seed4
