seed5: params=226,816 train=3830 test=8939 split=8de4382ea6c7 device=cuda (NVIDIA GeForce RTX 4060) commit=47c4f4d2
step      0 | train loss 4.772e+00 acc 0.0104 | test loss 4.773e+00 acc 0.0094 |     0s
step   1000 | train loss 4.645e-06 acc 1.0000 | test loss 2.692e+01 acc 0.0112 |     8s
step   2000 | train loss 3.499e-07 acc 1.0000 | test loss 2.847e+01 acc 0.0154 |    16s
step   3000 | train loss 3.356e-07 acc 1.0000 | test loss 2.664e+01 acc 0.0198 |    24s
step   4000 | train loss 3.247e-07 acc 1.0000 | test loss 2.494e+01 acc 0.0247 |    32s
step   5000 | train loss 3.150e-07 acc 1.0000 | test loss 2.310e+01 acc 0.0334 |    40s
step   6000 | train loss 3.056e-07 acc 1.0000 | test loss 2.108e+01 acc 0.0453 |    48s
step   7000 | train loss 2.965e-07 acc 1.0000 | test loss 1.902e+01 acc 0.0590 |    55s
step   8000 | train loss 2.870e-07 acc 1.0000 | test loss 1.668e+01 acc 0.0809 |    63s
step   9000 | train loss 2.757e-07 acc 1.0000 | test loss 1.366e+01 acc 0.1262 |    71s
step  10000 | train loss 2.594e-07 acc 1.0000 | test loss 9.226e+00 acc 0.2382 |    79s
step  11000 | train loss 2.305e-07 acc 1.0000 | test loss 3.545e+00 acc 0.5312 |    87s
step  12000 | train loss 1.692e-07 acc 1.0000 | test loss 1.912e-01 acc 0.9489 |    95s
step  13000 | train loss 1.171e-07 acc 1.0000 | test loss 1.728e-05 acc 1.0000 |   103s
step  14000 | train loss 1.016e-07 acc 1.0000 | test loss 2.159e-07 acc 1.0000 |   110s
step  15000 | train loss 9.775e-08 acc 1.0000 | test loss 1.890e-07 acc 1.0000 |   118s
step  16000 | train loss 9.628e-08 acc 1.0000 | test loss 1.933e-07 acc 1.0000 |   126s
step  17000 | train loss 9.553e-08 acc 1.0000 | test loss 1.904e-07 acc 1.0000 |   134s
step  18000 | train loss 9.500e-08 acc 1.0000 | test loss 1.838e-07 acc 1.0000 |   143s
step  19000 | train loss 9.458e-08 acc 1.0000 | test loss 1.809e-07 acc 1.0000 |   150s
step  20000 | train loss 9.417e-08 acc 1.0000 | test loss 1.800e-07 acc 1.0000 |   158s
step  21000 | train loss 9.366e-08 acc 1.0000 | test loss 1.814e-07 acc 1.0000 |   166s
step  22000 | train loss 9.293e-08 acc 1.0000 | test loss 1.821e-07 acc 1.0000 |   174s
step  23000 | train loss 9.192e-08 acc 1.0000 | test loss 1.828e-07 acc 1.0000 |   182s
step  24000 | train loss 9.103e-08 acc 1.0000 | test loss 1.885e-07 acc 1.0000 |   190s
step  25000 | train loss 9.070e-08 acc 1.0000 | test loss 1.925e-07 acc 1.0000 |   197s
step  26000 | train loss 9.060e-08 acc 1.0000 | test loss 1.968e-07 acc 1.0000 |   205s
step  27000 | train loss 9.078e-08 acc 1.0000 | test loss 1.979e-07 acc 1.0000 |   213s
step  28000 | train loss 8.976e-08 acc 1.0000 | test loss 1.959e-07 acc 1.0000 |   221s
step  29000 | train loss 9.007e-08 acc 1.0000 | test loss 2.004e-07 acc 1.0000 |   229s
step  30000 | train loss 8.985e-08 acc 1.0000 | test loss 2.021e-07 acc 1.0000 |   237s
step  31000 | train loss 8.943e-08 acc 1.0000 | test loss 2.019e-07 acc 1.0000 |   244s
step  32000 | train loss 8.942e-08 acc 1.0000 | test loss 2.028e-07 acc 1.0000 |   252s
step  33000 | train loss 9.012e-08 acc 1.0000 | test loss 2.035e-07 acc 1.0000 |   260s
step  34000 | train loss 8.953e-08 acc 1.0000 | test loss 2.055e-07 acc 1.0000 |   268s
step  35000 | train loss 8.938e-08 acc 1.0000 | test loss 2.048e-07 acc 1.0000 |   276s
step  36000 | train loss 8.903e-08 acc 1.0000 | test loss 2.052e-07 acc 1.0000 |   284s
step  37000 | train loss 8.975e-08 acc 1.0000 | test loss 2.068e-07 acc 1.0000 |   292s
step  38000 | train loss 8.916e-08 acc 1.0000 | test loss 2.069e-07 acc 1.0000 |   300s
step  39000 | train loss 8.861e-08 acc 1.0000 | test loss 2.048e-07 acc 1.0000 |   307s
step  40000 | train loss 8.886e-08 acc 1.0000 | test loss 2.061e-07 acc 1.0000 |   315s
saved -> experiments/EXP005/results/seed5
