seed3: params=226,816 train=3830 test=8939 split=8de4382ea6c7 device=cuda (NVIDIA GeForce RTX 4060) commit=47c4f4d2
step      0 | train loss 4.763e+00 acc 0.0117 | test loss 4.767e+00 acc 0.0079 |     0s
step   1000 | train loss 4.212e-06 acc 1.0000 | test loss 2.340e+01 acc 0.0735 |     8s
step   2000 | train loss 3.368e-07 acc 1.0000 | test loss 2.402e+01 acc 0.0880 |    16s
step   3000 | train loss 3.210e-07 acc 1.0000 | test loss 2.145e+01 acc 0.1084 |    24s
step   4000 | train loss 3.057e-07 acc 1.0000 | test loss 1.836e+01 acc 0.1360 |    32s
step   5000 | train loss 2.837e-07 acc 1.0000 | test loss 1.370e+01 acc 0.2019 |    40s
step   6000 | train loss 2.471e-07 acc 1.0000 | test loss 6.607e+00 acc 0.3751 |    47s
step   7000 | train loss 1.608e-07 acc 1.0000 | test loss 1.071e-01 acc 0.9692 |    55s
step   8000 | train loss 1.177e-07 acc 1.0000 | test loss 2.455e-05 acc 1.0000 |    63s
step   9000 | train loss 1.070e-07 acc 1.0000 | test loss 2.943e-07 acc 1.0000 |    71s
step  10000 | train loss 1.050e-07 acc 1.0000 | test loss 2.302e-07 acc 1.0000 |    79s
step  11000 | train loss 1.042e-07 acc 1.0000 | test loss 2.272e-07 acc 1.0000 |    87s
step  12000 | train loss 1.038e-07 acc 1.0000 | test loss 2.300e-07 acc 1.0000 |    95s
step  13000 | train loss 1.035e-07 acc 1.0000 | test loss 2.345e-07 acc 1.0000 |   102s
step  14000 | train loss 1.032e-07 acc 1.0000 | test loss 2.390e-07 acc 1.0000 |   110s
step  15000 | train loss 1.030e-07 acc 1.0000 | test loss 2.409e-07 acc 1.0000 |   118s
step  16000 | train loss 1.028e-07 acc 1.0000 | test loss 2.430e-07 acc 1.0000 |   126s
step  17000 | train loss 1.027e-07 acc 1.0000 | test loss 2.437e-07 acc 1.0000 |   134s
step  18000 | train loss 1.025e-07 acc 1.0000 | test loss 2.443e-07 acc 1.0000 |   142s
step  19000 | train loss 1.024e-07 acc 1.0000 | test loss 2.444e-07 acc 1.0000 |   149s
step  20000 | train loss 1.023e-07 acc 1.0000 | test loss 2.433e-07 acc 1.0000 |   157s
step  21000 | train loss 1.022e-07 acc 1.0000 | test loss 2.416e-07 acc 1.0000 |   165s
step  22000 | train loss 1.021e-07 acc 1.0000 | test loss 2.399e-07 acc 1.0000 |   173s
step  23000 | train loss 1.019e-07 acc 1.0000 | test loss 2.380e-07 acc 1.0000 |   181s
step  24000 | train loss 1.018e-07 acc 1.0000 | test loss 2.363e-07 acc 1.0000 |   189s
step  25000 | train loss 1.017e-07 acc 1.0000 | test loss 2.349e-07 acc 1.0000 |   197s
step  26000 | train loss 1.016e-07 acc 1.0000 | test loss 2.338e-07 acc 1.0000 |   205s
step  27000 | train loss 1.016e-07 acc 1.0000 | test loss 2.332e-07 acc 1.0000 |   212s
step  28000 | train loss 1.015e-07 acc 1.0000 | test loss 2.334e-07 acc 1.0000 |   220s
step  29000 | train loss 1.014e-07 acc 1.0000 | test loss 2.335e-07 acc 1.0000 |   228s
step  30000 | train loss 1.013e-07 acc 1.0000 | test loss 2.339e-07 acc 1.0000 |   236s
step  31000 | train loss 1.012e-07 acc 1.0000 | test loss 2.346e-07 acc 1.0000 |   244s
step  32000 | train loss 1.012e-07 acc 1.0000 | test loss 2.352e-07 acc 1.0000 |   252s
step  33000 | train loss 1.011e-07 acc 1.0000 | test loss 2.361e-07 acc 1.0000 |   260s
step  34000 | train loss 1.011e-07 acc 1.0000 | test loss 2.369e-07 acc 1.0000 |   268s
step  35000 | train loss 1.010e-07 acc 1.0000 | test loss 2.379e-07 acc 1.0000 |   276s
step  36000 | train loss 1.010e-07 acc 1.0000 | test loss 2.386e-07 acc 1.0000 |   284s
step  37000 | train loss 1.007e-07 acc 1.0000 | test loss 2.387e-07 acc 1.0000 |   291s
step  38000 | train loss 1.002e-07 acc 1.0000 | test loss 2.442e-07 acc 1.0000 |   299s
step  39000 | train loss 1.000e-07 acc 1.0000 | test loss 2.529e-07 acc 1.0000 |   307s
step  40000 | train loss 9.976e-08 acc 1.0000 | test loss 2.595e-07 acc 1.0000 |   315s
saved -> experiments/EXP005/results/seed3
