seed7: params=226,816 train=3830 test=8939 split=8de4382ea6c7 device=cuda (NVIDIA GeForce RTX 4060) commit=4a7a9600
step      0 | train loss 4.774e+00 acc 0.0078 | test loss 4.767e+00 acc 0.0091 |     0s
step   1000 | train loss 4.058e-06 acc 1.0000 | test loss 2.300e+01 acc 0.0962 |     8s
step   2000 | train loss 3.396e-07 acc 1.0000 | test loss 2.435e+01 acc 0.1057 |    16s
step   3000 | train loss 3.260e-07 acc 1.0000 | test loss 2.301e+01 acc 0.1119 |    24s
step   4000 | train loss 3.136e-07 acc 1.0000 | test loss 2.128e+01 acc 0.1198 |    32s
step   5000 | train loss 3.002e-07 acc 1.0000 | test loss 1.852e+01 acc 0.1464 |    40s
step   6000 | train loss 2.809e-07 acc 1.0000 | test loss 1.386e+01 acc 0.1952 |    47s
step   7000 | train loss 2.543e-07 acc 1.0000 | test loss 7.889e+00 acc 0.3308 |    55s
step   8000 | train loss 1.736e-07 acc 1.0000 | test loss 3.812e-01 acc 0.9121 |    63s
step   9000 | train loss 1.087e-07 acc 1.0000 | test loss 4.117e-05 acc 1.0000 |    71s
step  10000 | train loss 9.969e-08 acc 1.0000 | test loss 3.250e-07 acc 1.0000 |    79s
step  11000 | train loss 9.616e-08 acc 1.0000 | test loss 2.105e-07 acc 1.0000 |    87s
step  12000 | train loss 9.471e-08 acc 1.0000 | test loss 1.936e-07 acc 1.0000 |    95s
step  13000 | train loss 9.382e-08 acc 1.0000 | test loss 1.835e-07 acc 1.0000 |   102s
step  14000 | train loss 9.313e-08 acc 1.0000 | test loss 1.747e-07 acc 1.0000 |   110s
step  15000 | train loss 9.256e-08 acc 1.0000 | test loss 1.670e-07 acc 1.0000 |   118s
step  16000 | train loss 9.212e-08 acc 1.0000 | test loss 1.615e-07 acc 1.0000 |   126s
step  17000 | train loss 9.181e-08 acc 1.0000 | test loss 1.580e-07 acc 1.0000 |   134s
step  18000 | train loss 9.158e-08 acc 1.0000 | test loss 1.558e-07 acc 1.0000 |   142s
step  19000 | train loss 9.140e-08 acc 1.0000 | test loss 1.543e-07 acc 1.0000 |   150s
step  20000 | train loss 9.125e-08 acc 1.0000 | test loss 1.531e-07 acc 1.0000 |   157s
step  21000 | train loss 9.112e-08 acc 1.0000 | test loss 1.523e-07 acc 1.0000 |   165s
step  22000 | train loss 9.101e-08 acc 1.0000 | test loss 1.516e-07 acc 1.0000 |   173s
step  23000 | train loss 9.092e-08 acc 1.0000 | test loss 1.511e-07 acc 1.0000 |   181s
step  24000 | train loss 9.083e-08 acc 1.0000 | test loss 1.506e-07 acc 1.0000 |   189s
step  25000 | train loss 9.076e-08 acc 1.0000 | test loss 1.502e-07 acc 1.0000 |   197s
step  26000 | train loss 9.069e-08 acc 1.0000 | test loss 1.499e-07 acc 1.0000 |   205s
step  27000 | train loss 9.063e-08 acc 1.0000 | test loss 1.499e-07 acc 1.0000 |   212s
step  28000 | train loss 9.057e-08 acc 1.0000 | test loss 1.498e-07 acc 1.0000 |   220s
step  29000 | train loss 9.047e-08 acc 1.0000 | test loss 1.498e-07 acc 1.0000 |   228s
step  30000 | train loss 9.010e-08 acc 1.0000 | test loss 1.515e-07 acc 1.0000 |   236s
step  31000 | train loss 8.980e-08 acc 1.0000 | test loss 1.543e-07 acc 1.0000 |   244s
step  32000 | train loss 8.942e-08 acc 1.0000 | test loss 1.547e-07 acc 1.0000 |   252s
step  33000 | train loss 8.907e-08 acc 1.0000 | test loss 1.530e-07 acc 1.0000 |   260s
step  34000 | train loss 8.893e-08 acc 1.0000 | test loss 1.509e-07 acc 1.0000 |   267s
step  35000 | train loss 8.889e-08 acc 1.0000 | test loss 1.491e-07 acc 1.0000 |   275s
step  36000 | train loss 8.922e-08 acc 1.0000 | test loss 1.495e-07 acc 1.0000 |   283s
step  37000 | train loss 8.865e-08 acc 1.0000 | test loss 1.473e-07 acc 1.0000 |   291s
step  38000 | train loss 8.890e-08 acc 1.0000 | test loss 1.478e-07 acc 1.0000 |   299s
step  39000 | train loss 8.851e-08 acc 1.0000 | test loss 1.464e-07 acc 1.0000 |   307s
step  40000 | train loss 8.844e-08 acc 1.0000 | test loss 1.459e-07 acc 1.0000 |   315s
saved -> experiments/EXP011/results/seed7
