seed8: params=226,816 train=3830 test=8939 split=8de4382ea6c7 device=cuda (NVIDIA GeForce RTX 4060) commit=4a7a9600
step      0 | train loss 4.757e+00 acc 0.0091 | test loss 4.761e+00 acc 0.0104 |     0s
step   1000 | train loss 4.419e-06 acc 1.0000 | test loss 2.245e+01 acc 0.0437 |     8s
step   2000 | train loss 3.210e-07 acc 1.0000 | test loss 2.014e+01 acc 0.0756 |    16s
step   3000 | train loss 2.870e-07 acc 1.0000 | test loss 1.356e+01 acc 0.1578 |    24s
step   4000 | train loss 2.280e-07 acc 1.0000 | test loss 3.280e+00 acc 0.5354 |    32s
step   5000 | train loss 1.743e-07 acc 1.0000 | test loss 1.157e-01 acc 0.9636 |    40s
step   6000 | train loss 1.229e-07 acc 1.0000 | test loss 1.566e-04 acc 1.0000 |    47s
step   7000 | train loss 1.046e-07 acc 1.0000 | test loss 2.965e-07 acc 1.0000 |    55s
step   8000 | train loss 1.003e-07 acc 1.0000 | test loss 1.970e-07 acc 1.0000 |    63s
step   9000 | train loss 9.823e-08 acc 1.0000 | test loss 1.740e-07 acc 1.0000 |    71s
step  10000 | train loss 9.707e-08 acc 1.0000 | test loss 1.651e-07 acc 1.0000 |    79s
step  11000 | train loss 9.644e-08 acc 1.0000 | test loss 1.662e-07 acc 1.0000 |    87s
step  12000 | train loss 9.602e-08 acc 1.0000 | test loss 1.701e-07 acc 1.0000 |    95s
step  13000 | train loss 9.572e-08 acc 1.0000 | test loss 1.743e-07 acc 1.0000 |   102s
step  14000 | train loss 9.547e-08 acc 1.0000 | test loss 1.781e-07 acc 1.0000 |   110s
step  15000 | train loss 9.528e-08 acc 1.0000 | test loss 1.817e-07 acc 1.0000 |   118s
step  16000 | train loss 9.511e-08 acc 1.0000 | test loss 1.849e-07 acc 1.0000 |   126s
step  17000 | train loss 9.499e-08 acc 1.0000 | test loss 1.886e-07 acc 1.0000 |   134s
step  18000 | train loss 9.488e-08 acc 1.0000 | test loss 1.920e-07 acc 1.0000 |   142s
step  19000 | train loss 9.479e-08 acc 1.0000 | test loss 1.952e-07 acc 1.0000 |   150s
step  20000 | train loss 9.471e-08 acc 1.0000 | test loss 1.986e-07 acc 1.0000 |   157s
step  21000 | train loss 9.465e-08 acc 1.0000 | test loss 2.026e-07 acc 1.0000 |   165s
step  22000 | train loss 9.459e-08 acc 1.0000 | test loss 2.058e-07 acc 1.0000 |   173s
step  23000 | train loss 9.455e-08 acc 1.0000 | test loss 2.094e-07 acc 1.0000 |   181s
step  24000 | train loss 9.451e-08 acc 1.0000 | test loss 2.131e-07 acc 1.0000 |   189s
step  25000 | train loss 9.448e-08 acc 1.0000 | test loss 2.164e-07 acc 1.0000 |   197s
step  26000 | train loss 9.444e-08 acc 1.0000 | test loss 2.196e-07 acc 1.0000 |   205s
step  27000 | train loss 9.441e-08 acc 1.0000 | test loss 2.226e-07 acc 1.0000 |   212s
step  28000 | train loss 9.439e-08 acc 1.0000 | test loss 2.258e-07 acc 1.0000 |   220s
step  29000 | train loss 9.436e-08 acc 1.0000 | test loss 2.292e-07 acc 1.0000 |   228s
step  30000 | train loss 9.434e-08 acc 1.0000 | test loss 2.320e-07 acc 1.0000 |   236s
step  31000 | train loss 9.432e-08 acc 1.0000 | test loss 2.344e-07 acc 1.0000 |   244s
step  32000 | train loss 9.429e-08 acc 1.0000 | test loss 2.370e-07 acc 1.0000 |   252s
step  33000 | train loss 9.427e-08 acc 1.0000 | test loss 2.395e-07 acc 1.0000 |   260s
step  34000 | train loss 9.425e-08 acc 1.0000 | test loss 2.421e-07 acc 1.0000 |   267s
step  35000 | train loss 9.423e-08 acc 1.0000 | test loss 2.444e-07 acc 1.0000 |   275s
step  36000 | train loss 9.421e-08 acc 1.0000 | test loss 2.472e-07 acc 1.0000 |   283s
step  37000 | train loss 9.420e-08 acc 1.0000 | test loss 2.498e-07 acc 1.0000 |   291s
step  38000 | train loss 9.418e-08 acc 1.0000 | test loss 2.524e-07 acc 1.0000 |   299s
step  39000 | train loss 9.415e-08 acc 1.0000 | test loss 2.548e-07 acc 1.0000 |   307s
step  40000 | train loss 9.412e-08 acc 1.0000 | test loss 2.576e-07 acc 1.0000 |   315s
saved -> experiments/EXP011/results/seed8
