seed6: params=226,816 train=3830 test=8939 split=8de4382ea6c7 device=cuda (NVIDIA GeForce RTX 4060) commit=4a7a9600
step      0 | train loss 4.776e+00 acc 0.0073 | test loss 4.774e+00 acc 0.0084 |     0s
step   1000 | train loss 4.131e-06 acc 1.0000 | test loss 2.378e+01 acc 0.0493 |     8s
step   2000 | train loss 3.345e-07 acc 1.0000 | test loss 2.426e+01 acc 0.0639 |    16s
step   3000 | train loss 3.160e-07 acc 1.0000 | test loss 2.107e+01 acc 0.0857 |    24s
step   4000 | train loss 2.970e-07 acc 1.0000 | test loss 1.692e+01 acc 0.1270 |    32s
step   5000 | train loss 2.777e-07 acc 1.0000 | test loss 1.242e+01 acc 0.2007 |    40s
step   6000 | train loss 2.509e-07 acc 1.0000 | test loss 7.058e+00 acc 0.3545 |    47s
step   7000 | train loss 2.016e-07 acc 1.0000 | test loss 1.324e+00 acc 0.7645 |    55s
step   8000 | train loss 1.681e-07 acc 1.0000 | test loss 8.864e-02 acc 0.9782 |    63s
step   9000 | train loss 1.290e-07 acc 1.0000 | test loss 1.613e-03 acc 0.9992 |    71s
step  10000 | train loss 1.042e-07 acc 1.0000 | test loss 3.428e-07 acc 1.0000 |    79s
step  11000 | train loss 1.018e-07 acc 1.0000 | test loss 2.259e-07 acc 1.0000 |    87s
step  12000 | train loss 1.011e-07 acc 1.0000 | test loss 2.171e-07 acc 1.0000 |    95s
step  13000 | train loss 1.006e-07 acc 1.0000 | test loss 2.121e-07 acc 1.0000 |   103s
step  14000 | train loss 1.003e-07 acc 1.0000 | test loss 2.089e-07 acc 1.0000 |   110s
step  15000 | train loss 9.996e-08 acc 1.0000 | test loss 2.059e-07 acc 1.0000 |   118s
step  16000 | train loss 9.970e-08 acc 1.0000 | test loss 2.037e-07 acc 1.0000 |   126s
step  17000 | train loss 9.945e-08 acc 1.0000 | test loss 2.017e-07 acc 1.0000 |   134s
step  18000 | train loss 9.923e-08 acc 1.0000 | test loss 2.000e-07 acc 1.0000 |   142s
step  19000 | train loss 9.903e-08 acc 1.0000 | test loss 1.977e-07 acc 1.0000 |   150s
step  20000 | train loss 9.885e-08 acc 1.0000 | test loss 1.967e-07 acc 1.0000 |   158s
step  21000 | train loss 9.869e-08 acc 1.0000 | test loss 1.962e-07 acc 1.0000 |   165s
step  22000 | train loss 9.854e-08 acc 1.0000 | test loss 1.955e-07 acc 1.0000 |   173s
step  23000 | train loss 9.840e-08 acc 1.0000 | test loss 1.946e-07 acc 1.0000 |   181s
step  24000 | train loss 9.828e-08 acc 1.0000 | test loss 1.937e-07 acc 1.0000 |   189s
step  25000 | train loss 9.818e-08 acc 1.0000 | test loss 1.929e-07 acc 1.0000 |   197s
step  26000 | train loss 9.808e-08 acc 1.0000 | test loss 1.921e-07 acc 1.0000 |   205s
step  27000 | train loss 9.800e-08 acc 1.0000 | test loss 1.918e-07 acc 1.0000 |   213s
step  28000 | train loss 9.790e-08 acc 1.0000 | test loss 1.918e-07 acc 1.0000 |   220s
step  29000 | train loss 9.754e-08 acc 1.0000 | test loss 1.956e-07 acc 1.0000 |   228s
step  30000 | train loss 9.728e-08 acc 1.0000 | test loss 1.963e-07 acc 1.0000 |   236s
step  31000 | train loss 9.756e-08 acc 1.0000 | test loss 1.938e-07 acc 1.0000 |   244s
step  32000 | train loss 9.862e-08 acc 1.0000 | test loss 1.922e-07 acc 1.0000 |   252s
step  33000 | train loss 9.665e-08 acc 1.0000 | test loss 1.893e-07 acc 1.0000 |   260s
step  34000 | train loss 9.706e-08 acc 1.0000 | test loss 1.907e-07 acc 1.0000 |   268s
step  35000 | train loss 9.719e-08 acc 1.0000 | test loss 1.906e-07 acc 1.0000 |   275s
step  36000 | train loss 9.649e-08 acc 1.0000 | test loss 1.893e-07 acc 1.0000 |   283s
step  37000 | train loss 9.724e-08 acc 1.0000 | test loss 1.906e-07 acc 1.0000 |   291s
step  38000 | train loss 4.618e-04 acc 1.0000 | test loss 8.122e-04 acc 1.0000 |   299s
step  39000 | train loss 4.961e-07 acc 1.0000 | test loss 1.384e-06 acc 1.0000 |   307s
step  40000 | train loss 9.880e-08 acc 1.0000 | test loss 2.237e-07 acc 1.0000 |   315s
saved -> experiments/EXP011/results/seed6
