seed11: params=424,064 train=3830 test=8939 split=8de4382ea6c7 device=cuda (NVIDIA GeForce RTX 4060) commit=c54bdfd1
step      0 | train loss 4.952e+00 acc 0.0104 | test loss 4.942e+00 acc 0.0091 |     0s
step   1000 | train loss 5.441e-02 acc 0.9995 | test loss 1.377e+01 acc 0.0408 |    14s
step   2000 | train loss 9.145e-04 acc 1.0000 | test loss 1.596e+01 acc 0.0696 |    28s
step   3000 | train loss 2.988e-02 acc 1.0000 | test loss 8.434e+00 acc 0.1187 |    42s
step   4000 | train loss 1.416e-03 acc 1.0000 | test loss 8.575e+00 acc 0.1827 |    57s
step   5000 | train loss 5.915e-03 acc 1.0000 | test loss 2.960e+00 acc 0.4280 |    71s
step   6000 | train loss 1.157e-07 acc 1.0000 | test loss 3.321e-02 acc 0.9900 |    85s
step   7000 | train loss 7.344e-06 acc 1.0000 | test loss 8.026e-04 acc 1.0000 |    99s
step   8000 | train loss 2.779e-08 acc 1.0000 | test loss 2.434e-06 acc 1.0000 |   113s
step   9000 | train loss 2.853e-08 acc 1.0000 | test loss 3.730e-07 acc 1.0000 |   127s
step  10000 | train loss 2.829e-08 acc 1.0000 | test loss 2.094e-07 acc 1.0000 |   141s
step  11000 | train loss 2.448e-08 acc 1.0000 | test loss 1.168e-07 acc 1.0000 |   155s
step  12000 | train loss 2.391e-08 acc 1.0000 | test loss 9.970e-08 acc 1.0000 |   169s
step  13000 | train loss 3.158e-04 acc 1.0000 | test loss 4.770e-04 acc 1.0000 |   183s
step  14000 | train loss 3.515e-08 acc 1.0000 | test loss 2.450e-07 acc 1.0000 |   197s
step  15000 | train loss 2.434e-08 acc 1.0000 | test loss 1.286e-07 acc 1.0000 |   211s
step  16000 | train loss 3.707e-05 acc 1.0000 | test loss 6.703e-05 acc 1.0000 |   225s
step  17000 | train loss 2.308e-08 acc 1.0000 | test loss 1.041e-07 acc 1.0000 |   239s
step  18000 | train loss 2.223e-03 acc 1.0000 | test loss 2.896e-03 acc 1.0000 |   253s
step  19000 | train loss 6.674e-04 acc 1.0000 | test loss 1.159e-03 acc 1.0000 |   267s
step  20000 | train loss 4.122e-08 acc 1.0000 | test loss 9.191e-07 acc 1.0000 |   281s
step  21000 | train loss 2.373e-08 acc 1.0000 | test loss 9.940e-08 acc 1.0000 |   295s
step  22000 | train loss 3.519e-05 acc 1.0000 | test loss 6.910e-05 acc 1.0000 |   309s
step  23000 | train loss 2.303e-08 acc 1.0000 | test loss 1.663e-07 acc 1.0000 |   324s
step  24000 | train loss 1.687e-06 acc 1.0000 | test loss 1.126e-05 acc 1.0000 |   338s
step  25000 | train loss 2.308e-08 acc 1.0000 | test loss 1.296e-07 acc 1.0000 |   352s
step  26000 | train loss 2.427e-08 acc 1.0000 | test loss 1.291e-07 acc 1.0000 |   366s
step  27000 | train loss 2.990e-03 acc 1.0000 | test loss 4.051e-03 acc 1.0000 |   380s
step  28000 | train loss 1.040e-07 acc 1.0000 | test loss 6.238e-07 acc 1.0000 |   394s
step  29000 | train loss 5.482e-06 acc 1.0000 | test loss 3.765e-05 acc 1.0000 |   408s
step  30000 | train loss 2.235e-08 acc 1.0000 | test loss 1.606e-07 acc 1.0000 |   422s
step  31000 | train loss 2.434e-08 acc 1.0000 | test loss 1.181e-07 acc 1.0000 |   436s
step  32000 | train loss 2.242e-01 acc 0.9141 | test loss 2.617e-01 acc 0.9044 |   450s
step  33000 | train loss 8.023e-07 acc 1.0000 | test loss 2.932e-06 acc 1.0000 |   464s
step  34000 | train loss 2.328e-08 acc 1.0000 | test loss 1.305e-07 acc 1.0000 |   478s
step  35000 | train loss 9.729e-06 acc 1.0000 | test loss 2.158e-05 acc 1.0000 |   492s
step  36000 | train loss 2.223e-08 acc 1.0000 | test loss 1.037e-07 acc 1.0000 |   506s
step  37000 | train loss 2.931e-05 acc 1.0000 | test loss 5.867e-05 acc 1.0000 |   520s
step  38000 | train loss 2.243e-08 acc 1.0000 | test loss 1.001e-07 acc 1.0000 |   534s
step  39000 | train loss 5.478e-03 acc 1.0000 | test loss 8.490e-03 acc 0.9999 |   549s
step  40000 | train loss 6.467e-07 acc 1.0000 | test loss 2.579e-06 acc 1.0000 |   563s
saved -> experiments/EXP023/train/results/seed11
