seed9: params=424,064 train=3830 test=8939 split=8de4382ea6c7 device=cuda (NVIDIA GeForce RTX 4060) commit=c54bdfd1
step      0 | train loss 4.834e+00 acc 0.0104 | test loss 4.832e+00 acc 0.0086 |     0s
step   1000 | train loss 3.573e-04 acc 1.0000 | test loss 1.979e+01 acc 0.0577 |    14s
step   2000 | train loss 3.634e-03 acc 1.0000 | test loss 1.426e+01 acc 0.0744 |    28s
step   3000 | train loss 2.367e-02 acc 1.0000 | test loss 1.176e+01 acc 0.1028 |    42s
step   4000 | train loss 2.977e-03 acc 1.0000 | test loss 1.196e+01 acc 0.1171 |    57s
step   5000 | train loss 5.860e-04 acc 1.0000 | test loss 1.189e+01 acc 0.1547 |    71s
step   6000 | train loss 3.120e-03 acc 1.0000 | test loss 6.197e+00 acc 0.2515 |    85s
step   7000 | train loss 6.145e-03 acc 1.0000 | test loss 8.258e-01 acc 0.7703 |    99s
step   8000 | train loss 5.565e-07 acc 1.0000 | test loss 9.360e-06 acc 1.0000 |   113s
step   9000 | train loss 3.001e-08 acc 1.0000 | test loss 1.151e-07 acc 1.0000 |   127s
step  10000 | train loss 2.959e-08 acc 1.0000 | test loss 9.124e-08 acc 1.0000 |   141s
step  11000 | train loss 2.955e-08 acc 1.0000 | test loss 8.669e-08 acc 1.0000 |   155s
step  12000 | train loss 2.954e-08 acc 1.0000 | test loss 8.827e-08 acc 1.0000 |   169s
step  13000 | train loss 2.964e-08 acc 1.0000 | test loss 9.573e-08 acc 1.0000 |   183s
step  14000 | train loss 3.888e-05 acc 1.0000 | test loss 7.809e-05 acc 1.0000 |   197s
step  15000 | train loss 2.912e-08 acc 1.0000 | test loss 8.679e-08 acc 1.0000 |   211s
step  16000 | train loss 2.974e-08 acc 1.0000 | test loss 8.226e-08 acc 1.0000 |   225s
step  17000 | train loss 2.970e-08 acc 1.0000 | test loss 9.415e-08 acc 1.0000 |   239s
step  18000 | train loss 3.790e-04 acc 1.0000 | test loss 6.730e-04 acc 1.0000 |   253s
step  19000 | train loss 3.837e-08 acc 1.0000 | test loss 1.407e-07 acc 1.0000 |   267s
step  20000 | train loss 2.948e-08 acc 1.0000 | test loss 9.315e-08 acc 1.0000 |   281s
step  21000 | train loss 2.280e-03 acc 1.0000 | test loss 4.368e-03 acc 1.0000 |   295s
step  22000 | train loss 7.981e-08 acc 1.0000 | test loss 2.660e-07 acc 1.0000 |   309s
step  23000 | train loss 2.950e-08 acc 1.0000 | test loss 9.567e-08 acc 1.0000 |   323s
step  24000 | train loss 4.432e-06 acc 1.0000 | test loss 1.243e-05 acc 1.0000 |   337s
step  25000 | train loss 2.887e-08 acc 1.0000 | test loss 1.244e-07 acc 1.0000 |   351s
step  26000 | train loss 1.817e-05 acc 1.0000 | test loss 5.346e-05 acc 1.0000 |   365s
step  27000 | train loss 2.896e-08 acc 1.0000 | test loss 1.026e-07 acc 1.0000 |   379s
step  28000 | train loss 2.996e-08 acc 1.0000 | test loss 1.123e-07 acc 1.0000 |   394s
step  29000 | train loss 3.133e-06 acc 1.0000 | test loss 1.089e-05 acc 1.0000 |   408s
step  30000 | train loss 2.907e-08 acc 1.0000 | test loss 1.200e-07 acc 1.0000 |   422s
step  31000 | train loss 2.665e-03 acc 1.0000 | test loss 4.135e-03 acc 1.0000 |   436s
step  32000 | train loss 9.031e-08 acc 1.0000 | test loss 3.918e-07 acc 1.0000 |   450s
step  33000 | train loss 2.375e-01 acc 0.9334 | test loss 2.486e-01 acc 0.9308 |   464s
step  34000 | train loss 1.320e-06 acc 1.0000 | test loss 4.827e-06 acc 1.0000 |   478s
step  35000 | train loss 2.920e-08 acc 1.0000 | test loss 1.187e-07 acc 1.0000 |   492s
step  36000 | train loss 2.330e-06 acc 1.0000 | test loss 8.217e-06 acc 1.0000 |   506s
step  37000 | train loss 2.904e-08 acc 1.0000 | test loss 1.292e-07 acc 1.0000 |   520s
step  38000 | train loss 2.189e-05 acc 1.0000 | test loss 4.784e-05 acc 1.0000 |   534s
step  39000 | train loss 3.363e-01 acc 0.9029 | test loss 4.106e-01 acc 0.8890 |   548s
step  40000 | train loss 7.658e-07 acc 1.0000 | test loss 2.910e-06 acc 1.0000 |   562s
saved -> experiments/EXP023/train/results/seed9
