seed17: params=424,064 train=3830 test=8939 split=8de4382ea6c7 device=cuda (NVIDIA GeForce RTX 4060) commit=c54bdfd1
step      0 | train loss 4.983e+00 acc 0.0089 | test loss 4.970e+00 acc 0.0094 |     0s
step   1000 | train loss 1.804e-04 acc 1.0000 | test loss 2.140e+01 acc 0.0390 |    14s
step   2000 | train loss 3.337e-03 acc 1.0000 | test loss 1.409e+01 acc 0.0684 |    28s
step   3000 | train loss 2.744e-03 acc 1.0000 | test loss 1.212e+01 acc 0.1025 |    42s
step   4000 | train loss 5.419e-04 acc 1.0000 | test loss 9.797e+00 acc 0.1788 |    57s
step   5000 | train loss 1.771e-02 acc 1.0000 | test loss 4.385e+00 acc 0.2922 |    71s
step   6000 | train loss 4.631e-07 acc 1.0000 | test loss 1.275e-02 acc 0.9956 |    85s
step   7000 | train loss 9.754e-06 acc 1.0000 | test loss 6.712e-04 acc 0.9999 |    99s
step   8000 | train loss 2.517e-08 acc 1.0000 | test loss 4.305e-05 acc 1.0000 |   113s
step   9000 | train loss 2.646e-08 acc 1.0000 | test loss 3.828e-05 acc 1.0000 |   127s
step  10000 | train loss 2.638e-08 acc 1.0000 | test loss 5.047e-05 acc 1.0000 |   141s
step  11000 | train loss 2.624e-08 acc 1.0000 | test loss 6.040e-05 acc 1.0000 |   155s
step  12000 | train loss 2.617e-08 acc 1.0000 | test loss 7.646e-05 acc 1.0000 |   169s
step  13000 | train loss 2.613e-08 acc 1.0000 | test loss 8.321e-05 acc 1.0000 |   183s
step  14000 | train loss 2.610e-08 acc 1.0000 | test loss 9.903e-05 acc 0.9999 |   197s
step  15000 | train loss 2.607e-08 acc 1.0000 | test loss 1.042e-04 acc 0.9999 |   211s
step  16000 | train loss 2.608e-08 acc 1.0000 | test loss 9.526e-05 acc 0.9999 |   225s
step  17000 | train loss 2.600e-08 acc 1.0000 | test loss 9.192e-05 acc 1.0000 |   239s
step  18000 | train loss 2.599e-08 acc 1.0000 | test loss 8.831e-05 acc 1.0000 |   253s
step  19000 | train loss 2.605e-08 acc 1.0000 | test loss 9.343e-05 acc 1.0000 |   267s
step  20000 | train loss 1.685e-06 acc 1.0000 | test loss 3.061e-04 acc 1.0000 |   281s
step  21000 | train loss 2.572e-08 acc 1.0000 | test loss 1.843e-04 acc 1.0000 |   295s
step  22000 | train loss 2.645e-08 acc 1.0000 | test loss 1.127e-04 acc 1.0000 |   309s
step  23000 | train loss 2.639e-08 acc 1.0000 | test loss 1.007e-04 acc 1.0000 |   323s
step  24000 | train loss 2.678e-08 acc 1.0000 | test loss 9.759e-05 acc 1.0000 |   337s
step  25000 | train loss 2.372e-06 acc 1.0000 | test loss 3.896e-04 acc 1.0000 |   351s
step  26000 | train loss 2.584e-08 acc 1.0000 | test loss 7.596e-05 acc 1.0000 |   365s
step  27000 | train loss 2.371e-03 acc 1.0000 | test loss 6.448e-03 acc 1.0000 |   379s
step  28000 | train loss 8.467e-08 acc 1.0000 | test loss 1.720e-04 acc 1.0000 |   394s
step  29000 | train loss 2.632e-08 acc 1.0000 | test loss 4.665e-05 acc 1.0000 |   408s
step  30000 | train loss 2.046e-06 acc 1.0000 | test loss 2.014e-04 acc 1.0000 |   422s
step  31000 | train loss 1.683e-03 acc 1.0000 | test loss 5.627e-03 acc 1.0000 |   436s
step  32000 | train loss 5.600e-08 acc 1.0000 | test loss 1.008e-04 acc 1.0000 |   450s
step  33000 | train loss 1.038e-01 acc 0.9632 | test loss 1.808e-01 acc 0.9355 |   464s
step  34000 | train loss 1.258e-06 acc 1.0000 | test loss 8.283e-04 acc 0.9999 |   478s
step  35000 | train loss 2.642e-08 acc 1.0000 | test loss 1.029e-04 acc 1.0000 |   492s
step  36000 | train loss 2.280e-06 acc 1.0000 | test loss 3.309e-04 acc 1.0000 |   506s
step  37000 | train loss 1.326e-03 acc 1.0000 | test loss 5.184e-03 acc 1.0000 |   520s
step  38000 | train loss 5.266e-08 acc 1.0000 | test loss 8.850e-05 acc 1.0000 |   534s
step  39000 | train loss 9.543e-05 acc 1.0000 | test loss 1.316e-03 acc 1.0000 |   548s
step  40000 | train loss 2.698e-08 acc 1.0000 | test loss 1.625e-04 acc 1.0000 |   562s
saved -> experiments/EXP023/train/results/seed17
