seed15: params=424,064 train=3830 test=8939 split=8de4382ea6c7 device=cuda (NVIDIA GeForce RTX 4060) commit=c54bdfd1
step      0 | train loss 4.878e+00 acc 0.0099 | test loss 4.869e+00 acc 0.0089 |     0s
step   1000 | train loss 4.591e-04 acc 1.0000 | test loss 1.686e+01 acc 0.0701 |    14s
step   2000 | train loss 7.904e-05 acc 1.0000 | test loss 1.442e+01 acc 0.1297 |    28s
step   3000 | train loss 3.353e-06 acc 1.0000 | test loss 9.424e+00 acc 0.2827 |    42s
step   4000 | train loss 1.549e-06 acc 1.0000 | test loss 4.276e-04 acc 1.0000 |    57s
step   5000 | train loss 2.491e-08 acc 1.0000 | test loss 2.913e-07 acc 1.0000 |    71s
step   6000 | train loss 2.492e-08 acc 1.0000 | test loss 1.071e-07 acc 1.0000 |    85s
step   7000 | train loss 2.484e-08 acc 1.0000 | test loss 9.000e-08 acc 1.0000 |    99s
step   8000 | train loss 2.479e-08 acc 1.0000 | test loss 8.854e-08 acc 1.0000 |   113s
step   9000 | train loss 6.984e-03 acc 1.0000 | test loss 1.254e-02 acc 0.9998 |   127s
step  10000 | train loss 6.132e-07 acc 1.0000 | test loss 2.562e-06 acc 1.0000 |   141s
step  11000 | train loss 2.451e-08 acc 1.0000 | test loss 9.809e-08 acc 1.0000 |   155s
step  12000 | train loss 2.504e-08 acc 1.0000 | test loss 8.997e-08 acc 1.0000 |   169s
step  13000 | train loss 2.502e-08 acc 1.0000 | test loss 9.132e-08 acc 1.0000 |   183s
step  14000 | train loss 1.039e-04 acc 1.0000 | test loss 1.985e-04 acc 1.0000 |   197s
step  15000 | train loss 2.616e-08 acc 1.0000 | test loss 1.164e-07 acc 1.0000 |   211s
step  16000 | train loss 2.483e-08 acc 1.0000 | test loss 8.006e-08 acc 1.0000 |   225s
step  17000 | train loss 2.107e-03 acc 1.0000 | test loss 3.201e-03 acc 1.0000 |   239s
step  18000 | train loss 7.260e-08 acc 1.0000 | test loss 3.105e-07 acc 1.0000 |   253s
step  19000 | train loss 2.467e-08 acc 1.0000 | test loss 8.314e-08 acc 1.0000 |   267s
step  20000 | train loss 8.897e-03 acc 1.0000 | test loss 1.157e-02 acc 1.0000 |   281s
step  21000 | train loss 2.343e-07 acc 1.0000 | test loss 9.608e-07 acc 1.0000 |   295s
step  22000 | train loss 2.448e-08 acc 1.0000 | test loss 8.448e-08 acc 1.0000 |   309s
step  23000 | train loss 2.503e-01 acc 0.9206 | test loss 4.012e-01 acc 0.8753 |   323s
step  24000 | train loss 2.104e-06 acc 1.0000 | test loss 7.062e-06 acc 1.0000 |   337s
step  25000 | train loss 2.451e-08 acc 1.0000 | test loss 1.103e-07 acc 1.0000 |   351s
step  26000 | train loss 5.675e-06 acc 1.0000 | test loss 1.414e-05 acc 1.0000 |   365s
step  27000 | train loss 2.402e-08 acc 1.0000 | test loss 8.998e-08 acc 1.0000 |   379s
step  28000 | train loss 1.021e-03 acc 1.0000 | test loss 1.735e-03 acc 1.0000 |   393s
step  29000 | train loss 4.774e-08 acc 1.0000 | test loss 3.021e-07 acc 1.0000 |   408s
step  30000 | train loss 1.176e-02 acc 1.0000 | test loss 1.565e-02 acc 1.0000 |   422s
step  31000 | train loss 2.321e-07 acc 1.0000 | test loss 9.066e-07 acc 1.0000 |   436s
step  32000 | train loss 2.451e-08 acc 1.0000 | test loss 8.509e-08 acc 1.0000 |   450s
step  33000 | train loss 6.688e-04 acc 1.0000 | test loss 1.347e-03 acc 1.0000 |   464s
step  34000 | train loss 4.010e-08 acc 1.0000 | test loss 2.748e-07 acc 1.0000 |   478s
step  35000 | train loss 2.228e-04 acc 1.0000 | test loss 3.907e-04 acc 1.0000 |   492s
step  36000 | train loss 2.953e-08 acc 1.0000 | test loss 1.472e-07 acc 1.0000 |   506s
step  37000 | train loss 1.011e-05 acc 1.0000 | test loss 2.711e-05 acc 1.0000 |   520s
step  38000 | train loss 1.397e-03 acc 1.0000 | test loss 2.954e-03 acc 1.0000 |   534s
step  39000 | train loss 5.322e-08 acc 1.0000 | test loss 8.775e-07 acc 1.0000 |   548s
step  40000 | train loss 5.879e-04 acc 1.0000 | test loss 1.074e-03 acc 1.0000 |   562s
saved -> experiments/EXP023/train/results/seed15
