seed10: params=424,064 train=3830 test=8939 split=8de4382ea6c7 device=cuda (NVIDIA GeForce RTX 4060) commit=c54bdfd1
step      0 | train loss 4.945e+00 acc 0.0068 | test loss 4.940e+00 acc 0.0064 |     0s
step   1000 | train loss 4.610e-04 acc 1.0000 | test loss 1.739e+01 acc 0.0507 |    14s
step   2000 | train loss 1.243e-03 acc 1.0000 | test loss 1.186e+01 acc 0.1003 |    28s
step   3000 | train loss 4.731e-03 acc 1.0000 | test loss 7.742e+00 acc 0.1867 |    42s
step   4000 | train loss 4.785e-03 acc 1.0000 | test loss 3.959e+00 acc 0.3508 |    57s
step   5000 | train loss 1.047e-02 acc 1.0000 | test loss 7.089e-02 acc 0.9911 |    71s
step   6000 | train loss 1.432e-07 acc 1.0000 | test loss 3.625e-04 acc 0.9998 |    85s
step   7000 | train loss 2.624e-08 acc 1.0000 | test loss 2.944e-04 acc 1.0000 |    99s
step   8000 | train loss 2.645e-08 acc 1.0000 | test loss 4.444e-04 acc 0.9999 |   113s
step   9000 | train loss 2.640e-08 acc 1.0000 | test loss 5.699e-04 acc 0.9998 |   127s
step  10000 | train loss 2.635e-08 acc 1.0000 | test loss 5.658e-04 acc 0.9998 |   141s
step  11000 | train loss 2.622e-08 acc 1.0000 | test loss 5.483e-04 acc 0.9998 |   155s
step  12000 | train loss 2.628e-08 acc 1.0000 | test loss 4.597e-04 acc 0.9997 |   169s
step  13000 | train loss 2.628e-08 acc 1.0000 | test loss 2.973e-04 acc 0.9999 |   183s
step  14000 | train loss 2.638e-08 acc 1.0000 | test loss 9.855e-05 acc 1.0000 |   197s
step  15000 | train loss 2.658e-08 acc 1.0000 | test loss 1.659e-04 acc 0.9999 |   211s
step  16000 | train loss 2.633e-08 acc 1.0000 | test loss 3.117e-04 acc 0.9998 |   225s
step  17000 | train loss 2.614e-08 acc 1.0000 | test loss 3.373e-04 acc 0.9998 |   239s
step  18000 | train loss 2.635e-08 acc 1.0000 | test loss 2.076e-04 acc 1.0000 |   253s
step  19000 | train loss 7.184e-04 acc 1.0000 | test loss 2.391e-03 acc 0.9998 |   267s
step  20000 | train loss 4.138e-08 acc 1.0000 | test loss 1.468e-03 acc 0.9997 |   281s
step  21000 | train loss 2.615e-08 acc 1.0000 | test loss 9.770e-04 acc 0.9997 |   295s
step  22000 | train loss 8.468e-05 acc 1.0000 | test loss 9.754e-04 acc 0.9999 |   309s
step  23000 | train loss 2.574e-08 acc 1.0000 | test loss 1.697e-04 acc 1.0000 |   323s
step  24000 | train loss 2.580e-08 acc 1.0000 | test loss 3.718e-04 acc 0.9998 |   337s
step  25000 | train loss 2.600e-08 acc 1.0000 | test loss 5.152e-04 acc 0.9998 |   351s
step  26000 | train loss 2.651e-08 acc 1.0000 | test loss 6.685e-04 acc 0.9997 |   365s
step  27000 | train loss 1.324e-03 acc 1.0000 | test loss 3.546e-03 acc 0.9997 |   380s
step  28000 | train loss 5.609e-08 acc 1.0000 | test loss 4.688e-04 acc 0.9998 |   394s
step  29000 | train loss 2.585e-08 acc 1.0000 | test loss 3.396e-04 acc 0.9999 |   408s
step  30000 | train loss 2.583e-08 acc 1.0000 | test loss 3.987e-04 acc 0.9999 |   422s
step  31000 | train loss 3.714e-05 acc 1.0000 | test loss 7.830e-04 acc 1.0000 |   436s
step  32000 | train loss 2.495e-08 acc 1.0000 | test loss 6.216e-04 acc 0.9999 |   450s
step  33000 | train loss 2.577e-08 acc 1.0000 | test loss 5.661e-04 acc 0.9998 |   464s
step  34000 | train loss 5.491e-05 acc 1.0000 | test loss 1.157e-03 acc 0.9998 |   478s
step  35000 | train loss 5.811e-03 acc 1.0000 | test loss 1.462e-02 acc 0.9989 |   492s
step  36000 | train loss 5.605e-07 acc 1.0000 | test loss 3.748e-04 acc 0.9999 |   506s
step  37000 | train loss 2.502e-08 acc 1.0000 | test loss 7.237e-04 acc 0.9996 |   520s
step  38000 | train loss 1.788e-04 acc 1.0000 | test loss 1.135e-03 acc 0.9999 |   534s
step  39000 | train loss 2.860e-08 acc 1.0000 | test loss 9.976e-04 acc 0.9997 |   548s
step  40000 | train loss 2.596e-08 acc 1.0000 | test loss 1.101e-03 acc 0.9994 |   562s
saved -> experiments/EXP023/train/results/seed10
