seed16: params=424,064 train=3830 test=8939 split=8de4382ea6c7 device=cuda (NVIDIA GeForce RTX 4060) commit=c54bdfd1
step      0 | train loss 4.874e+00 acc 0.0084 | test loss 4.864e+00 acc 0.0088 |     0s
step   1000 | train loss 3.533e-02 acc 1.0000 | test loss 1.165e+01 acc 0.0546 |    14s
step   2000 | train loss 1.960e-04 acc 1.0000 | test loss 1.763e+01 acc 0.0835 |    28s
step   3000 | train loss 2.518e-03 acc 1.0000 | test loss 1.167e+01 acc 0.1209 |    42s
step   4000 | train loss 7.683e-05 acc 1.0000 | test loss 1.166e+01 acc 0.1920 |    57s
step   5000 | train loss 1.105e-04 acc 1.0000 | test loss 1.330e+00 acc 0.7028 |    71s
step   6000 | train loss 3.408e-08 acc 1.0000 | test loss 1.380e-02 acc 0.9968 |    85s
step   7000 | train loss 3.370e-08 acc 1.0000 | test loss 7.280e-03 acc 0.9983 |    99s
step   8000 | train loss 3.355e-08 acc 1.0000 | test loss 5.596e-03 acc 0.9987 |   113s
step   9000 | train loss 3.347e-08 acc 1.0000 | test loss 5.133e-03 acc 0.9987 |   127s
step  10000 | train loss 3.338e-08 acc 1.0000 | test loss 4.680e-03 acc 0.9989 |   141s
step  11000 | train loss 6.364e-04 acc 1.0000 | test loss 6.866e-03 acc 0.9990 |   155s
step  12000 | train loss 4.882e-08 acc 1.0000 | test loss 2.298e-03 acc 0.9994 |   169s
step  13000 | train loss 3.400e-08 acc 1.0000 | test loss 1.667e-03 acc 0.9996 |   183s
step  14000 | train loss 2.897e-05 acc 1.0000 | test loss 3.407e-03 acc 0.9996 |   197s
step  15000 | train loss 3.238e-08 acc 1.0000 | test loss 3.138e-03 acc 0.9991 |   211s
step  16000 | train loss 9.111e-02 acc 0.9728 | test loss 1.738e-01 acc 0.9539 |   225s
step  17000 | train loss 6.442e-07 acc 1.0000 | test loss 3.113e-03 acc 0.9989 |   239s
step  18000 | train loss 3.314e-08 acc 1.0000 | test loss 2.021e-03 acc 0.9994 |   253s
step  19000 | train loss 2.793e-03 acc 1.0000 | test loss 1.324e-02 acc 0.9991 |   267s
step  20000 | train loss 9.662e-08 acc 1.0000 | test loss 1.144e-03 acc 0.9996 |   281s
step  21000 | train loss 3.308e-08 acc 1.0000 | test loss 3.311e-04 acc 0.9999 |   295s
step  22000 | train loss 6.226e-03 acc 1.0000 | test loss 2.316e-02 acc 0.9988 |   309s
step  23000 | train loss 1.621e-07 acc 1.0000 | test loss 9.967e-04 acc 0.9998 |   323s
step  24000 | train loss 3.311e-08 acc 1.0000 | test loss 3.212e-04 acc 1.0000 |   337s
step  25000 | train loss 9.580e-03 acc 1.0000 | test loss 4.124e-02 acc 0.9959 |   351s
step  26000 | train loss 4.146e-07 acc 1.0000 | test loss 1.384e-03 acc 0.9997 |   365s
step  27000 | train loss 3.299e-08 acc 1.0000 | test loss 1.954e-04 acc 1.0000 |   379s
step  28000 | train loss 9.678e-03 acc 1.0000 | test loss 3.135e-02 acc 0.9988 |   394s
step  29000 | train loss 2.737e-07 acc 1.0000 | test loss 1.076e-03 acc 0.9999 |   408s
step  30000 | train loss 3.409e-03 acc 1.0000 | test loss 1.966e-02 acc 0.9984 |   422s
step  31000 | train loss 1.041e-07 acc 1.0000 | test loss 1.092e-03 acc 0.9997 |   436s
step  32000 | train loss 3.308e-08 acc 1.0000 | test loss 2.219e-04 acc 0.9999 |   450s
step  33000 | train loss 1.977e-04 acc 1.0000 | test loss 3.865e-03 acc 0.9999 |   464s
step  34000 | train loss 3.715e-08 acc 1.0000 | test loss 2.884e-04 acc 1.0000 |   478s
step  35000 | train loss 9.414e-03 acc 1.0000 | test loss 3.082e-02 acc 0.9985 |   492s
step  36000 | train loss 2.116e-07 acc 1.0000 | test loss 1.039e-03 acc 0.9998 |   506s
step  37000 | train loss 3.291e-08 acc 1.0000 | test loss 1.511e-04 acc 1.0000 |   520s
step  38000 | train loss 4.554e-04 acc 1.0000 | test loss 7.051e-03 acc 0.9991 |   534s
step  39000 | train loss 4.311e-08 acc 1.0000 | test loss 5.631e-04 acc 0.9998 |   548s
step  40000 | train loss 1.379e-02 acc 1.0000 | test loss 5.217e-02 acc 0.9940 |   562s
saved -> experiments/EXP023/train/results/seed16
