seed19: params=424,064 train=3830 test=8939 split=8de4382ea6c7 device=cuda (NVIDIA GeForce RTX 4060) commit=c54bdfd1
step      0 | train loss 4.948e+00 acc 0.0084 | test loss 4.941e+00 acc 0.0092 |     0s
step   1000 | train loss 1.025e-04 acc 1.0000 | test loss 2.208e+01 acc 0.0442 |    14s
step   2000 | train loss 2.690e-03 acc 1.0000 | test loss 1.459e+01 acc 0.0707 |    28s
step   3000 | train loss 1.174e-03 acc 1.0000 | test loss 1.262e+01 acc 0.1144 |    42s
step   4000 | train loss 1.923e-02 acc 1.0000 | test loss 5.205e+00 acc 0.2337 |    57s
step   5000 | train loss 5.185e-03 acc 1.0000 | test loss 2.639e-01 acc 0.9173 |    71s
step   6000 | train loss 5.078e-07 acc 1.0000 | test loss 2.563e-02 acc 0.9918 |    85s
step   7000 | train loss 2.329e-03 acc 1.0000 | test loss 1.815e-02 acc 0.9979 |    99s
step   8000 | train loss 7.367e-08 acc 1.0000 | test loss 7.527e-03 acc 0.9980 |   113s
step   9000 | train loss 3.014e-08 acc 1.0000 | test loss 7.333e-03 acc 0.9982 |   127s
step  10000 | train loss 3.008e-08 acc 1.0000 | test loss 7.506e-03 acc 0.9975 |   141s
step  11000 | train loss 2.988e-08 acc 1.0000 | test loss 7.407e-03 acc 0.9980 |   155s
step  12000 | train loss 2.970e-08 acc 1.0000 | test loss 6.095e-03 acc 0.9982 |   169s
step  13000 | train loss 2.956e-08 acc 1.0000 | test loss 4.755e-03 acc 0.9989 |   183s
step  14000 | train loss 2.936e-08 acc 1.0000 | test loss 2.156e-03 acc 0.9991 |   197s
step  15000 | train loss 3.683e-05 acc 1.0000 | test loss 2.206e-03 acc 0.9997 |   211s
step  16000 | train loss 2.860e-08 acc 1.0000 | test loss 3.012e-04 acc 0.9999 |   225s
step  17000 | train loss 2.880e-08 acc 1.0000 | test loss 3.354e-05 acc 1.0000 |   239s
step  18000 | train loss 2.869e-08 acc 1.0000 | test loss 1.234e-05 acc 1.0000 |   253s
step  19000 | train loss 4.972e-05 acc 1.0000 | test loss 4.294e-04 acc 0.9999 |   267s
step  20000 | train loss 2.810e-08 acc 1.0000 | test loss 1.918e-05 acc 1.0000 |   281s
step  21000 | train loss 2.826e-08 acc 1.0000 | test loss 4.529e-06 acc 1.0000 |   295s
step  22000 | train loss 2.171e-06 acc 1.0000 | test loss 1.842e-04 acc 1.0000 |   309s
step  23000 | train loss 2.757e-08 acc 1.0000 | test loss 1.107e-05 acc 1.0000 |   323s
step  24000 | train loss 1.818e-04 acc 1.0000 | test loss 7.260e-04 acc 1.0000 |   337s
step  25000 | train loss 3.121e-08 acc 1.0000 | test loss 1.050e-05 acc 1.0000 |   351s
step  26000 | train loss 1.918e-02 acc 1.0000 | test loss 3.768e-02 acc 0.9985 |   365s
step  27000 | train loss 5.928e-07 acc 1.0000 | test loss 3.229e-05 acc 1.0000 |   379s
step  28000 | train loss 2.746e-08 acc 1.0000 | test loss 1.678e-06 acc 1.0000 |   393s
step  29000 | train loss 4.275e-03 acc 1.0000 | test loss 1.427e-02 acc 0.9979 |   408s
step  30000 | train loss 8.162e-07 acc 1.0000 | test loss 3.573e-05 acc 1.0000 |   422s
step  31000 | train loss 2.745e-08 acc 1.0000 | test loss 1.710e-06 acc 1.0000 |   436s
step  32000 | train loss 8.483e-03 acc 1.0000 | test loss 1.571e-02 acc 1.0000 |   450s
step  33000 | train loss 1.770e-07 acc 1.0000 | test loss 3.816e-06 acc 1.0000 |   464s
step  34000 | train loss 2.739e-08 acc 1.0000 | test loss 8.861e-07 acc 1.0000 |   478s
step  35000 | train loss 4.107e-04 acc 1.0000 | test loss 1.093e-03 acc 1.0000 |   492s
step  36000 | train loss 3.702e-08 acc 1.0000 | test loss 2.138e-06 acc 1.0000 |   506s
step  37000 | train loss 2.731e-08 acc 1.0000 | test loss 1.481e-06 acc 1.0000 |   520s
step  38000 | train loss 4.702e-05 acc 1.0000 | test loss 2.416e-04 acc 1.0000 |   534s
step  39000 | train loss 2.783e-08 acc 1.0000 | test loss 2.272e-06 acc 1.0000 |   548s
step  40000 | train loss 8.048e-03 acc 1.0000 | test loss 1.454e-02 acc 1.0000 |   562s
saved -> experiments/EXP023/train/results/seed19
