seed14: params=424,064 train=3830 test=8939 split=8de4382ea6c7 device=cuda (NVIDIA GeForce RTX 4060) commit=c54bdfd1
step      0 | train loss 4.840e+00 acc 0.0120 | test loss 4.858e+00 acc 0.0078 |     0s
step   1000 | train loss 2.287e-04 acc 1.0000 | test loss 1.923e+01 acc 0.0685 |    14s
step   2000 | train loss 1.274e-04 acc 1.0000 | test loss 1.682e+01 acc 0.1154 |    28s
step   3000 | train loss 2.432e-02 acc 1.0000 | test loss 7.484e+00 acc 0.1747 |    42s
step   4000 | train loss 4.949e-03 acc 1.0000 | test loss 5.036e+00 acc 0.2816 |    57s
step   5000 | train loss 3.101e-03 acc 1.0000 | test loss 1.453e+00 acc 0.6203 |    71s
step   6000 | train loss 7.320e-08 acc 1.0000 | test loss 1.123e-03 acc 0.9998 |    85s
step   7000 | train loss 2.933e-08 acc 1.0000 | test loss 1.069e-05 acc 1.0000 |    99s
step   8000 | train loss 2.901e-08 acc 1.0000 | test loss 2.613e-06 acc 1.0000 |   113s
step   9000 | train loss 2.880e-08 acc 1.0000 | test loss 1.466e-06 acc 1.0000 |   127s
step  10000 | train loss 2.869e-08 acc 1.0000 | test loss 1.932e-06 acc 1.0000 |   141s
step  11000 | train loss 4.964e-03 acc 1.0000 | test loss 1.058e-02 acc 0.9997 |   155s
step  12000 | train loss 1.284e-07 acc 1.0000 | test loss 3.011e-03 acc 0.9994 |   169s
step  13000 | train loss 2.935e-08 acc 1.0000 | test loss 1.282e-03 acc 0.9994 |   183s
step  14000 | train loss 2.949e-08 acc 1.0000 | test loss 1.626e-04 acc 0.9999 |   197s
step  15000 | train loss 1.709e-05 acc 1.0000 | test loss 1.758e-03 acc 0.9992 |   211s
step  16000 | train loss 2.849e-08 acc 1.0000 | test loss 5.081e-04 acc 0.9998 |   225s
step  17000 | train loss 4.557e-08 acc 1.0000 | test loss 2.706e-04 acc 0.9999 |   239s
step  18000 | train loss 2.159e-06 acc 1.0000 | test loss 1.146e-03 acc 0.9996 |   253s
step  19000 | train loss 2.939e-08 acc 1.0000 | test loss 1.317e-03 acc 0.9997 |   267s
step  20000 | train loss 6.722e-05 acc 1.0000 | test loss 1.035e-03 acc 0.9998 |   281s
step  21000 | train loss 2.938e-08 acc 1.0000 | test loss 1.892e-04 acc 0.9999 |   295s
step  22000 | train loss 7.359e-04 acc 1.0000 | test loss 4.051e-03 acc 0.9996 |   309s
step  23000 | train loss 4.547e-08 acc 1.0000 | test loss 1.826e-03 acc 0.9996 |   323s
step  24000 | train loss 3.014e-08 acc 1.0000 | test loss 1.715e-03 acc 0.9997 |   337s
step  25000 | train loss 3.111e-06 acc 1.0000 | test loss 1.688e-04 acc 1.0000 |   351s
step  26000 | train loss 2.831e-08 acc 1.0000 | test loss 2.718e-05 acc 1.0000 |   365s
step  27000 | train loss 7.062e-06 acc 1.0000 | test loss 1.494e-03 acc 0.9997 |   379s
step  28000 | train loss 2.871e-08 acc 1.0000 | test loss 1.655e-03 acc 0.9996 |   393s
step  29000 | train loss 1.412e-03 acc 1.0000 | test loss 4.128e-03 acc 0.9999 |   408s
step  30000 | train loss 5.773e-08 acc 1.0000 | test loss 1.211e-03 acc 0.9996 |   422s
step  31000 | train loss 3.102e-03 acc 1.0000 | test loss 1.608e-02 acc 0.9964 |   436s
step  32000 | train loss 5.653e-07 acc 1.0000 | test loss 9.684e-05 acc 1.0000 |   450s
step  33000 | train loss 2.825e-08 acc 1.0000 | test loss 3.283e-06 acc 1.0000 |   464s
step  34000 | train loss 5.083e-05 acc 1.0000 | test loss 1.836e-03 acc 0.9993 |   478s
step  35000 | train loss 2.919e-08 acc 1.0000 | test loss 1.710e-03 acc 0.9997 |   492s
step  36000 | train loss 2.271e-04 acc 1.0000 | test loss 1.322e-03 acc 1.0000 |   506s
step  37000 | train loss 3.328e-08 acc 1.0000 | test loss 1.965e-05 acc 1.0000 |   520s
step  38000 | train loss 2.862e-08 acc 1.0000 | test loss 1.205e-05 acc 1.0000 |   534s
step  39000 | train loss 2.323e-06 acc 1.0000 | test loss 1.437e-04 acc 1.0000 |   548s
step  40000 | train loss 4.193e-04 acc 1.0000 | test loss 1.970e-03 acc 0.9999 |   562s
saved -> experiments/EXP023/train/results/seed14
