seed12: params=424,064 train=3830 test=8939 split=8de4382ea6c7 device=cuda (NVIDIA GeForce RTX 4060) commit=c54bdfd1
step      0 | train loss 4.883e+00 acc 0.0107 | test loss 4.903e+00 acc 0.0082 |     0s
step   1000 | train loss 5.497e-05 acc 1.0000 | test loss 2.206e+01 acc 0.0554 |    14s
step   2000 | train loss 1.452e-03 acc 1.0000 | test loss 1.489e+01 acc 0.0828 |    28s
step   3000 | train loss 5.567e-03 acc 1.0000 | test loss 1.167e+01 acc 0.1044 |    42s
step   4000 | train loss 2.979e-01 acc 0.9533 | test loss 1.316e+01 acc 0.1085 |    57s
step   5000 | train loss 1.603e-06 acc 1.0000 | test loss 1.503e+01 acc 0.1891 |    71s
step   6000 | train loss 1.914e-06 acc 1.0000 | test loss 6.641e+00 acc 0.3562 |    85s
step   7000 | train loss 5.783e-05 acc 1.0000 | test loss 6.967e-02 acc 0.9784 |    99s
step   8000 | train loss 2.712e-08 acc 1.0000 | test loss 3.071e-07 acc 1.0000 |   113s
step   9000 | train loss 2.361e-08 acc 1.0000 | test loss 9.395e-08 acc 1.0000 |   127s
step  10000 | train loss 2.349e-08 acc 1.0000 | test loss 7.912e-08 acc 1.0000 |   141s
step  11000 | train loss 2.344e-08 acc 1.0000 | test loss 7.635e-08 acc 1.0000 |   155s
step  12000 | train loss 2.343e-08 acc 1.0000 | test loss 7.751e-08 acc 1.0000 |   169s
step  13000 | train loss 2.346e-08 acc 1.0000 | test loss 8.727e-08 acc 1.0000 |   183s
step  14000 | train loss 5.218e-03 acc 1.0000 | test loss 7.088e-03 acc 1.0000 |   197s
step  15000 | train loss 1.216e-07 acc 1.0000 | test loss 5.864e-07 acc 1.0000 |   211s
step  16000 | train loss 2.357e-08 acc 1.0000 | test loss 9.556e-08 acc 1.0000 |   225s
step  17000 | train loss 1.828e-05 acc 1.0000 | test loss 4.231e-05 acc 1.0000 |   239s
step  18000 | train loss 2.235e-08 acc 1.0000 | test loss 9.522e-08 acc 1.0000 |   253s
step  19000 | train loss 2.070e-04 acc 1.0000 | test loss 3.199e-04 acc 1.0000 |   267s
step  20000 | train loss 2.869e-08 acc 1.0000 | test loss 1.268e-07 acc 1.0000 |   281s
step  21000 | train loss 3.452e-02 acc 0.9966 | test loss 5.572e-02 acc 0.9905 |   295s
step  22000 | train loss 1.206e-06 acc 1.0000 | test loss 4.301e-06 acc 1.0000 |   309s
step  23000 | train loss 2.282e-08 acc 1.0000 | test loss 1.352e-07 acc 1.0000 |   323s
step  24000 | train loss 2.199e-02 acc 1.0000 | test loss 3.411e-02 acc 0.9992 |   337s
step  25000 | train loss 1.076e-06 acc 1.0000 | test loss 3.393e-06 acc 1.0000 |   351s
step  26000 | train loss 2.311e-08 acc 1.0000 | test loss 1.070e-07 acc 1.0000 |   365s
step  27000 | train loss 2.905e-03 acc 1.0000 | test loss 4.387e-03 acc 1.0000 |   380s
step  28000 | train loss 8.621e-08 acc 1.0000 | test loss 3.690e-07 acc 1.0000 |   394s
step  29000 | train loss 2.357e-08 acc 1.0000 | test loss 9.722e-08 acc 1.0000 |   408s
step  30000 | train loss 3.913e-06 acc 1.0000 | test loss 2.079e-05 acc 1.0000 |   422s
step  31000 | train loss 2.310e-08 acc 1.0000 | test loss 1.269e-07 acc 1.0000 |   436s
step  32000 | train loss 2.348e-08 acc 1.0000 | test loss 9.519e-08 acc 1.0000 |   450s
step  33000 | train loss 2.593e-03 acc 1.0000 | test loss 3.753e-03 acc 1.0000 |   464s
step  34000 | train loss 7.609e-08 acc 1.0000 | test loss 3.838e-07 acc 1.0000 |   478s
step  35000 | train loss 2.335e-08 acc 1.0000 | test loss 8.551e-08 acc 1.0000 |   492s
step  36000 | train loss 1.520e-02 acc 1.0000 | test loss 2.439e-02 acc 0.9994 |   506s
step  37000 | train loss 1.146e-06 acc 1.0000 | test loss 3.923e-06 acc 1.0000 |   520s
step  38000 | train loss 2.331e-08 acc 1.0000 | test loss 1.030e-07 acc 1.0000 |   534s
step  39000 | train loss 2.383e-08 acc 1.0000 | test loss 1.073e-07 acc 1.0000 |   548s
step  40000 | train loss 2.038e-05 acc 1.0000 | test loss 4.594e-05 acc 1.0000 |   562s
saved -> experiments/EXP023/train/results/seed12
