seed13: params=424,064 train=3830 test=8939 split=8de4382ea6c7 device=cuda (NVIDIA GeForce RTX 4060) commit=c54bdfd1
step      0 | train loss 4.964e+00 acc 0.0086 | test loss 4.961e+00 acc 0.0093 |     0s
step   1000 | train loss 3.137e-02 acc 1.0000 | test loss 1.221e+01 acc 0.0373 |    14s
step   2000 | train loss 5.551e-03 acc 1.0000 | test loss 1.350e+01 acc 0.0607 |    28s
step   3000 | train loss 9.235e-05 acc 1.0000 | test loss 1.782e+01 acc 0.0763 |    42s
step   4000 | train loss 1.009e-02 acc 1.0000 | test loss 8.218e+00 acc 0.1426 |    57s
step   5000 | train loss 7.753e-03 acc 1.0000 | test loss 4.764e+00 acc 0.2801 |    71s
step   6000 | train loss 1.684e-07 acc 1.0000 | test loss 4.503e-01 acc 0.9040 |    85s
step   7000 | train loss 3.459e-08 acc 1.0000 | test loss 6.647e-02 acc 0.9962 |    99s
step   8000 | train loss 3.195e-08 acc 1.0000 | test loss 1.158e-01 acc 0.9972 |   113s
step   9000 | train loss 3.058e-08 acc 1.0000 | test loss 1.191e-01 acc 0.9972 |   127s
step  10000 | train loss 2.672e-08 acc 1.0000 | test loss 1.163e-01 acc 0.9972 |   141s
step  11000 | train loss 2.659e-08 acc 1.0000 | test loss 1.199e-01 acc 0.9972 |   155s
step  12000 | train loss 2.786e-02 acc 1.0000 | test loss 5.811e-02 acc 0.9970 |   169s
step  13000 | train loss 5.372e-07 acc 1.0000 | test loss 7.997e-02 acc 0.9972 |   183s
step  14000 | train loss 2.634e-08 acc 1.0000 | test loss 1.009e-01 acc 0.9972 |   197s
step  15000 | train loss 2.688e-08 acc 1.0000 | test loss 1.039e-01 acc 0.9972 |   211s
step  16000 | train loss 7.255e-05 acc 1.0000 | test loss 6.627e-02 acc 0.9972 |   225s
step  17000 | train loss 2.770e-08 acc 1.0000 | test loss 1.123e-01 acc 0.9972 |   239s
step  18000 | train loss 2.709e-08 acc 1.0000 | test loss 1.177e-01 acc 0.9972 |   253s
step  19000 | train loss 1.320e-02 acc 1.0000 | test loss 5.777e-02 acc 0.9972 |   267s
step  20000 | train loss 3.784e-07 acc 1.0000 | test loss 1.003e-01 acc 0.9972 |   281s
step  21000 | train loss 2.664e-08 acc 1.0000 | test loss 9.415e-02 acc 0.9972 |   295s
step  22000 | train loss 4.981e-03 acc 1.0000 | test loss 5.018e-02 acc 0.9972 |   309s
step  23000 | train loss 1.779e-07 acc 1.0000 | test loss 1.032e-01 acc 0.9972 |   324s
step  24000 | train loss 2.730e-08 acc 1.0000 | test loss 9.870e-02 acc 0.9972 |   338s
step  25000 | train loss 3.139e-05 acc 1.0000 | test loss 1.412e-03 acc 0.9994 |   352s
step  26000 | train loss 2.464e-08 acc 1.0000 | test loss 9.730e-05 acc 1.0000 |   366s
step  27000 | train loss 6.687e-04 acc 1.0000 | test loss 1.866e-03 acc 1.0000 |   380s
step  28000 | train loss 4.117e-08 acc 1.0000 | test loss 5.593e-06 acc 1.0000 |   394s
step  29000 | train loss 2.491e-08 acc 1.0000 | test loss 7.694e-07 acc 1.0000 |   408s
step  30000 | train loss 2.533e-08 acc 1.0000 | test loss 2.998e-07 acc 1.0000 |   422s
step  31000 | train loss 5.099e-06 acc 1.0000 | test loss 2.027e-05 acc 1.0000 |   436s
step  32000 | train loss 2.325e-08 acc 1.0000 | test loss 1.699e-07 acc 1.0000 |   450s
step  33000 | train loss 9.894e-03 acc 1.0000 | test loss 1.433e-02 acc 1.0000 |   464s
step  34000 | train loss 5.066e-07 acc 1.0000 | test loss 1.507e-05 acc 1.0000 |   478s
step  35000 | train loss 2.394e-08 acc 1.0000 | test loss 6.703e-07 acc 1.0000 |   492s
step  36000 | train loss 1.669e-04 acc 1.0000 | test loss 4.475e-04 acc 1.0000 |   506s
step  37000 | train loss 2.722e-08 acc 1.0000 | test loss 4.276e-07 acc 1.0000 |   521s
step  38000 | train loss 4.154e-06 acc 1.0000 | test loss 3.786e-05 acc 1.0000 |   535s
step  39000 | train loss 2.225e-08 acc 1.0000 | test loss 2.970e-07 acc 1.0000 |   549s
step  40000 | train loss 2.536e-08 acc 1.0000 | test loss 1.990e-07 acc 1.0000 |   563s
saved -> experiments/EXP023/train/results/seed13
