seed20: params=424,064 train=3830 test=8939 split=8de4382ea6c7 device=cuda (NVIDIA GeForce RTX 4060) commit=c54bdfd1
step      0 | train loss 4.854e+00 acc 0.0107 | test loss 4.862e+00 acc 0.0068 |     0s
step   1000 | train loss 9.419e-05 acc 1.0000 | test loss 2.188e+01 acc 0.0521 |    14s
step   2000 | train loss 1.039e-02 acc 1.0000 | test loss 1.259e+01 acc 0.0814 |    28s
step   3000 | train loss 3.572e-02 acc 1.0000 | test loss 9.490e+00 acc 0.1078 |    42s
step   4000 | train loss 6.184e-04 acc 1.0000 | test loss 1.283e+01 acc 0.1317 |    57s
step   5000 | train loss 1.653e-02 acc 1.0000 | test loss 6.833e+00 acc 0.1914 |    71s
step   6000 | train loss 3.482e-03 acc 1.0000 | test loss 4.074e+00 acc 0.3531 |    85s
step   7000 | train loss 9.153e-08 acc 1.0000 | test loss 6.113e-02 acc 0.9851 |    99s
step   8000 | train loss 3.752e-08 acc 1.0000 | test loss 6.790e-04 acc 1.0000 |   113s
step   9000 | train loss 3.639e-08 acc 1.0000 | test loss 4.811e-05 acc 1.0000 |   127s
step  10000 | train loss 3.521e-08 acc 1.0000 | test loss 3.570e-06 acc 1.0000 |   141s
step  11000 | train loss 3.474e-08 acc 1.0000 | test loss 2.076e-06 acc 1.0000 |   155s
step  12000 | train loss 3.441e-08 acc 1.0000 | test loss 4.664e-06 acc 1.0000 |   169s
step  13000 | train loss 3.408e-08 acc 1.0000 | test loss 3.825e-06 acc 1.0000 |   183s
step  14000 | train loss 3.396e-08 acc 1.0000 | test loss 2.647e-06 acc 1.0000 |   197s
step  15000 | train loss 3.388e-08 acc 1.0000 | test loss 1.947e-06 acc 1.0000 |   211s
step  16000 | train loss 3.379e-08 acc 1.0000 | test loss 1.343e-06 acc 1.0000 |   225s
step  17000 | train loss 3.370e-08 acc 1.0000 | test loss 9.374e-07 acc 1.0000 |   239s
step  18000 | train loss 3.363e-08 acc 1.0000 | test loss 7.006e-07 acc 1.0000 |   253s
step  19000 | train loss 3.357e-08 acc 1.0000 | test loss 5.736e-07 acc 1.0000 |   267s
step  20000 | train loss 3.351e-08 acc 1.0000 | test loss 4.276e-07 acc 1.0000 |   281s
step  21000 | train loss 3.348e-08 acc 1.0000 | test loss 3.683e-07 acc 1.0000 |   295s
step  22000 | train loss 3.344e-08 acc 1.0000 | test loss 3.547e-07 acc 1.0000 |   309s
step  23000 | train loss 3.344e-08 acc 1.0000 | test loss 3.457e-07 acc 1.0000 |   323s
step  24000 | train loss 3.340e-08 acc 1.0000 | test loss 3.458e-07 acc 1.0000 |   337s
step  25000 | train loss 3.337e-08 acc 1.0000 | test loss 3.444e-07 acc 1.0000 |   351s
step  26000 | train loss 3.336e-08 acc 1.0000 | test loss 3.499e-07 acc 1.0000 |   365s
step  27000 | train loss 3.329e-08 acc 1.0000 | test loss 3.633e-07 acc 1.0000 |   379s
step  28000 | train loss 3.333e-08 acc 1.0000 | test loss 3.822e-07 acc 1.0000 |   394s
step  29000 | train loss 3.332e-08 acc 1.0000 | test loss 4.114e-07 acc 1.0000 |   408s
step  30000 | train loss 3.333e-08 acc 1.0000 | test loss 4.444e-07 acc 1.0000 |   422s
step  31000 | train loss 2.585e-03 acc 1.0000 | test loss 5.597e-03 acc 1.0000 |   436s
step  32000 | train loss 9.117e-08 acc 1.0000 | test loss 2.004e-05 acc 1.0000 |   450s
step  33000 | train loss 6.092e-03 acc 1.0000 | test loss 1.271e-02 acc 1.0000 |   464s
step  34000 | train loss 1.665e-07 acc 1.0000 | test loss 3.433e-04 acc 1.0000 |   478s
step  35000 | train loss 1.921e-05 acc 1.0000 | test loss 2.852e-04 acc 1.0000 |   492s
step  36000 | train loss 2.959e-08 acc 1.0000 | test loss 1.087e-05 acc 1.0000 |   506s
step  37000 | train loss 3.063e-08 acc 1.0000 | test loss 4.224e-05 acc 1.0000 |   520s
step  38000 | train loss 3.037e-08 acc 1.0000 | test loss 3.092e-04 acc 0.9999 |   534s
step  39000 | train loss 2.977e-08 acc 1.0000 | test loss 6.139e-04 acc 0.9996 |   548s
step  40000 | train loss 2.930e-08 acc 1.0000 | test loss 4.355e-05 acc 1.0000 |   562s
saved -> experiments/EXP023/train/results/seed20
