seed18: params=424,064 train=3830 test=8939 split=8de4382ea6c7 device=cuda (NVIDIA GeForce RTX 4060) commit=c54bdfd1
step      0 | train loss 4.869e+00 acc 0.0104 | test loss 4.876e+00 acc 0.0082 |     0s
step   1000 | train loss 3.484e-02 acc 1.0000 | test loss 1.185e+01 acc 0.0491 |    14s
step   2000 | train loss 1.921e-04 acc 1.0000 | test loss 1.839e+01 acc 0.0733 |    28s
step   3000 | train loss 1.848e-01 acc 0.9483 | test loss 1.438e+01 acc 0.0836 |    42s
step   4000 | train loss 1.430e-02 acc 1.0000 | test loss 9.007e+00 acc 0.1539 |    57s
step   5000 | train loss 9.695e-07 acc 1.0000 | test loss 1.532e+01 acc 0.1838 |    71s
step   6000 | train loss 6.166e-06 acc 1.0000 | test loss 4.739e+00 acc 0.4360 |    85s
step   7000 | train loss 2.752e-08 acc 1.0000 | test loss 1.551e-06 acc 1.0000 |    99s
step   8000 | train loss 2.747e-08 acc 1.0000 | test loss 8.935e-08 acc 1.0000 |   113s
step   9000 | train loss 2.721e-08 acc 1.0000 | test loss 7.042e-08 acc 1.0000 |   127s
step  10000 | train loss 2.720e-08 acc 1.0000 | test loss 6.941e-08 acc 1.0000 |   141s
step  11000 | train loss 2.720e-08 acc 1.0000 | test loss 7.143e-08 acc 1.0000 |   155s
step  12000 | train loss 2.726e-08 acc 1.0000 | test loss 7.648e-08 acc 1.0000 |   169s
step  13000 | train loss 4.504e-05 acc 1.0000 | test loss 8.001e-05 acc 1.0000 |   183s
step  14000 | train loss 2.683e-08 acc 1.0000 | test loss 8.268e-08 acc 1.0000 |   197s
step  15000 | train loss 2.749e-08 acc 1.0000 | test loss 8.004e-08 acc 1.0000 |   211s
step  16000 | train loss 2.752e-08 acc 1.0000 | test loss 9.093e-08 acc 1.0000 |   225s
step  17000 | train loss 1.615e-03 acc 1.0000 | test loss 2.220e-03 acc 1.0000 |   239s
step  18000 | train loss 7.730e-08 acc 1.0000 | test loss 3.485e-07 acc 1.0000 |   253s
step  19000 | train loss 2.746e-08 acc 1.0000 | test loss 9.282e-08 acc 1.0000 |   267s
step  20000 | train loss 6.108e-03 acc 1.0000 | test loss 8.915e-03 acc 0.9999 |   281s
step  21000 | train loss 1.761e-07 acc 1.0000 | test loss 5.902e-07 acc 1.0000 |   295s
step  22000 | train loss 2.716e-08 acc 1.0000 | test loss 8.642e-08 acc 1.0000 |   309s
step  23000 | train loss 2.758e-08 acc 1.0000 | test loss 9.836e-08 acc 1.0000 |   323s
step  24000 | train loss 7.730e-04 acc 1.0000 | test loss 1.165e-03 acc 1.0000 |   337s
step  25000 | train loss 4.661e-08 acc 1.0000 | test loss 1.677e-07 acc 1.0000 |   351s
step  26000 | train loss 2.732e-08 acc 1.0000 | test loss 9.992e-08 acc 1.0000 |   366s
step  27000 | train loss 3.302e-05 acc 1.0000 | test loss 6.202e-05 acc 1.0000 |   380s
step  28000 | train loss 2.675e-08 acc 1.0000 | test loss 9.181e-08 acc 1.0000 |   394s
step  29000 | train loss 1.055e-02 acc 1.0000 | test loss 1.568e-02 acc 0.9999 |   408s
step  30000 | train loss 3.078e-07 acc 1.0000 | test loss 1.033e-06 acc 1.0000 |   422s
step  31000 | train loss 2.713e-08 acc 1.0000 | test loss 9.461e-08 acc 1.0000 |   436s
step  32000 | train loss 7.277e-04 acc 1.0000 | test loss 1.239e-03 acc 1.0000 |   450s
step  33000 | train loss 4.435e-08 acc 1.0000 | test loss 1.792e-07 acc 1.0000 |   464s
step  34000 | train loss 2.718e-08 acc 1.0000 | test loss 1.056e-07 acc 1.0000 |   478s
step  35000 | train loss 1.168e-04 acc 1.0000 | test loss 2.266e-04 acc 1.0000 |   492s
step  36000 | train loss 2.886e-08 acc 1.0000 | test loss 1.399e-07 acc 1.0000 |   506s
step  37000 | train loss 4.300e-03 acc 1.0000 | test loss 7.432e-03 acc 1.0000 |   520s
step  38000 | train loss 1.166e-07 acc 1.0000 | test loss 5.471e-07 acc 1.0000 |   534s
step  39000 | train loss 2.704e-08 acc 1.0000 | test loss 9.752e-08 acc 1.0000 |   548s
step  40000 | train loss 1.072e-03 acc 1.0000 | test loss 2.331e-03 acc 1.0000 |   562s
saved -> experiments/EXP023/train/results/seed18
