seed4: params=424,064 train=3830 test=8939 split=8de4382ea6c7 device=cuda (NVIDIA GeForce RTX 4060) commit=c54bdfd1
step      0 | train loss 4.855e+00 acc 0.0081 | test loss 4.865e+00 acc 0.0085 |     0s
step   1000 | train loss 2.649e-08 acc 1.0000 | test loss 4.188e+01 acc 0.0266 |    14s
step   2000 | train loss 2.009e-10 acc 1.0000 | test loss 5.166e+01 acc 0.0273 |    28s
step   3000 | train loss 8.092e-11 acc 1.0000 | test loss 5.353e+01 acc 0.0273 |    42s
step   4000 | train loss 4.990e-11 acc 1.0000 | test loss 5.452e+01 acc 0.0273 |    56s
step   5000 | train loss 3.581e-11 acc 1.0000 | test loss 5.520e+01 acc 0.0273 |    70s
step   6000 | train loss 2.781e-11 acc 1.0000 | test loss 5.571e+01 acc 0.0273 |    85s
step   7000 | train loss 2.267e-11 acc 1.0000 | test loss 5.613e+01 acc 0.0273 |    99s
step   8000 | train loss 1.910e-11 acc 1.0000 | test loss 5.648e+01 acc 0.0273 |   113s
step   9000 | train loss 1.647e-11 acc 1.0000 | test loss 5.678e+01 acc 0.0274 |   127s
step  10000 | train loss 1.447e-11 acc 1.0000 | test loss 5.705e+01 acc 0.0274 |   141s
step  11000 | train loss 1.289e-11 acc 1.0000 | test loss 5.728e+01 acc 0.0274 |   155s
step  12000 | train loss 1.161e-11 acc 1.0000 | test loss 5.750e+01 acc 0.0273 |   169s
step  13000 | train loss 1.056e-11 acc 1.0000 | test loss 5.769e+01 acc 0.0272 |   183s
step  14000 | train loss 9.675e-12 acc 1.0000 | test loss 5.787e+01 acc 0.0272 |   197s
step  15000 | train loss 8.925e-12 acc 1.0000 | test loss 5.803e+01 acc 0.0272 |   211s
step  16000 | train loss 8.280e-12 acc 1.0000 | test loss 5.818e+01 acc 0.0273 |   225s
step  17000 | train loss 7.719e-12 acc 1.0000 | test loss 5.833e+01 acc 0.0274 |   239s
step  18000 | train loss 7.228e-12 acc 1.0000 | test loss 5.846e+01 acc 0.0274 |   253s
step  19000 | train loss 6.793e-12 acc 1.0000 | test loss 5.859e+01 acc 0.0274 |   267s
step  20000 | train loss 6.407e-12 acc 1.0000 | test loss 5.871e+01 acc 0.0274 |   281s
step  21000 | train loss 6.061e-12 acc 1.0000 | test loss 5.882e+01 acc 0.0275 |   295s
step  22000 | train loss 5.749e-12 acc 1.0000 | test loss 5.893e+01 acc 0.0275 |   309s
step  23000 | train loss 5.468e-12 acc 1.0000 | test loss 5.903e+01 acc 0.0275 |   323s
step  24000 | train loss 5.211e-12 acc 1.0000 | test loss 5.913e+01 acc 0.0275 |   337s
step  25000 | train loss 4.977e-12 acc 1.0000 | test loss 5.922e+01 acc 0.0275 |   351s
step  26000 | train loss 4.763e-12 acc 1.0000 | test loss 5.931e+01 acc 0.0275 |   365s
step  27000 | train loss 4.566e-12 acc 1.0000 | test loss 5.940e+01 acc 0.0275 |   379s
step  28000 | train loss 4.384e-12 acc 1.0000 | test loss 5.948e+01 acc 0.0275 |   393s
step  29000 | train loss 4.216e-12 acc 1.0000 | test loss 5.956e+01 acc 0.0275 |   407s
step  30000 | train loss 4.060e-12 acc 1.0000 | test loss 5.963e+01 acc 0.0275 |   421s
step  31000 | train loss 3.915e-12 acc 1.0000 | test loss 5.971e+01 acc 0.0275 |   435s
step  32000 | train loss 3.779e-12 acc 1.0000 | test loss 5.978e+01 acc 0.0275 |   449s
step  33000 | train loss 3.653e-12 acc 1.0000 | test loss 5.985e+01 acc 0.0275 |   463s
step  34000 | train loss 3.534e-12 acc 1.0000 | test loss 5.992e+01 acc 0.0276 |   477s
step  35000 | train loss 3.423e-12 acc 1.0000 | test loss 5.998e+01 acc 0.0276 |   491s
step  36000 | train loss 3.318e-12 acc 1.0000 | test loss 6.004e+01 acc 0.0275 |   505s
step  37000 | train loss 3.220e-12 acc 1.0000 | test loss 6.011e+01 acc 0.0274 |   520s
step  38000 | train loss 3.127e-12 acc 1.0000 | test loss 6.017e+01 acc 0.0274 |   534s
step  39000 | train loss 3.039e-12 acc 1.0000 | test loss 6.022e+01 acc 0.0275 |   548s
step  40000 | train loss 2.955e-12 acc 1.0000 | test loss 6.028e+01 acc 0.0275 |   562s
saved -> experiments/EXP024/lr3e-3_wd0/results/seed4
