seed3: params=424,064 train=3830 test=8939 split=8de4382ea6c7 device=cuda (NVIDIA GeForce RTX 4060) commit=c54bdfd1
step      0 | train loss 4.876e+00 acc 0.0097 | test loss 4.881e+00 acc 0.0086 |     0s
step   1000 | train loss 2.830e-08 acc 1.0000 | test loss 4.250e+01 acc 0.0181 |    14s
step   2000 | train loss 2.129e-10 acc 1.0000 | test loss 5.247e+01 acc 0.0198 |    28s
step   3000 | train loss 8.575e-11 acc 1.0000 | test loss 5.437e+01 acc 0.0200 |    42s
step   4000 | train loss 5.286e-11 acc 1.0000 | test loss 5.538e+01 acc 0.0199 |    56s
step   5000 | train loss 3.793e-11 acc 1.0000 | test loss 5.607e+01 acc 0.0198 |    70s
step   6000 | train loss 2.945e-11 acc 1.0000 | test loss 5.659e+01 acc 0.0198 |    85s
step   7000 | train loss 2.401e-11 acc 1.0000 | test loss 5.702e+01 acc 0.0198 |    99s
step   8000 | train loss 2.022e-11 acc 1.0000 | test loss 5.737e+01 acc 0.0199 |   113s
step   9000 | train loss 1.744e-11 acc 1.0000 | test loss 5.768e+01 acc 0.0199 |   127s
step  10000 | train loss 1.532e-11 acc 1.0000 | test loss 5.795e+01 acc 0.0199 |   141s
step  11000 | train loss 1.364e-11 acc 1.0000 | test loss 5.819e+01 acc 0.0199 |   155s
step  12000 | train loss 1.229e-11 acc 1.0000 | test loss 5.840e+01 acc 0.0199 |   169s
step  13000 | train loss 1.118e-11 acc 1.0000 | test loss 5.860e+01 acc 0.0200 |   183s
step  14000 | train loss 1.024e-11 acc 1.0000 | test loss 5.878e+01 acc 0.0199 |   197s
step  15000 | train loss 9.446e-12 acc 1.0000 | test loss 5.895e+01 acc 0.0199 |   211s
step  16000 | train loss 8.763e-12 acc 1.0000 | test loss 5.911e+01 acc 0.0198 |   225s
step  17000 | train loss 8.170e-12 acc 1.0000 | test loss 5.925e+01 acc 0.0198 |   239s
step  18000 | train loss 7.650e-12 acc 1.0000 | test loss 5.939e+01 acc 0.0198 |   253s
step  19000 | train loss 7.190e-12 acc 1.0000 | test loss 5.951e+01 acc 0.0198 |   267s
step  20000 | train loss 6.780e-12 acc 1.0000 | test loss 5.964e+01 acc 0.0198 |   281s
step  21000 | train loss 6.414e-12 acc 1.0000 | test loss 5.975e+01 acc 0.0198 |   295s
step  22000 | train loss 6.085e-12 acc 1.0000 | test loss 5.986e+01 acc 0.0198 |   309s
step  23000 | train loss 5.787e-12 acc 1.0000 | test loss 5.996e+01 acc 0.0198 |   323s
step  24000 | train loss 5.516e-12 acc 1.0000 | test loss 6.006e+01 acc 0.0198 |   337s
step  25000 | train loss 5.268e-12 acc 1.0000 | test loss 6.016e+01 acc 0.0198 |   351s
step  26000 | train loss 5.041e-12 acc 1.0000 | test loss 6.025e+01 acc 0.0198 |   365s
step  27000 | train loss 4.832e-12 acc 1.0000 | test loss 6.034e+01 acc 0.0198 |   379s
step  28000 | train loss 4.639e-12 acc 1.0000 | test loss 6.042e+01 acc 0.0198 |   393s
step  29000 | train loss 4.460e-12 acc 1.0000 | test loss 6.050e+01 acc 0.0198 |   407s
step  30000 | train loss 4.295e-12 acc 1.0000 | test loss 6.058e+01 acc 0.0199 |   421s
step  31000 | train loss 4.141e-12 acc 1.0000 | test loss 6.066e+01 acc 0.0199 |   435s
step  32000 | train loss 3.998e-12 acc 1.0000 | test loss 6.073e+01 acc 0.0199 |   449s
step  33000 | train loss 3.864e-12 acc 1.0000 | test loss 6.080e+01 acc 0.0199 |   463s
step  34000 | train loss 3.738e-12 acc 1.0000 | test loss 6.087e+01 acc 0.0199 |   477s
step  35000 | train loss 3.621e-12 acc 1.0000 | test loss 6.093e+01 acc 0.0199 |   491s
step  36000 | train loss 3.510e-12 acc 1.0000 | test loss 6.100e+01 acc 0.0199 |   505s
step  37000 | train loss 3.406e-12 acc 1.0000 | test loss 6.106e+01 acc 0.0198 |   520s
step  38000 | train loss 3.307e-12 acc 1.0000 | test loss 6.112e+01 acc 0.0198 |   534s
step  39000 | train loss 3.214e-12 acc 1.0000 | test loss 6.118e+01 acc 0.0198 |   548s
step  40000 | train loss 3.126e-12 acc 1.0000 | test loss 6.124e+01 acc 0.0198 |   562s
saved -> experiments/EXP024/lr3e-3_wd0/results/seed3
