seed5: params=424,064 train=3830 test=8939 split=8de4382ea6c7 device=cuda (NVIDIA GeForce RTX 4060) commit=c54bdfd1
step      0 | train loss 4.943e+00 acc 0.0060 | test loss 4.925e+00 acc 0.0088 |     0s
step   1000 | train loss 3.874e-08 acc 1.0000 | test loss 4.260e+01 acc 0.0136 |    14s
step   2000 | train loss 2.242e-10 acc 1.0000 | test loss 5.335e+01 acc 0.0148 |    28s
step   3000 | train loss 8.802e-11 acc 1.0000 | test loss 5.535e+01 acc 0.0150 |    42s
step   4000 | train loss 5.389e-11 acc 1.0000 | test loss 5.640e+01 acc 0.0152 |    56s
step   5000 | train loss 3.854e-11 acc 1.0000 | test loss 5.711e+01 acc 0.0155 |    71s
step   6000 | train loss 2.987e-11 acc 1.0000 | test loss 5.766e+01 acc 0.0158 |    85s
step   7000 | train loss 2.432e-11 acc 1.0000 | test loss 5.809e+01 acc 0.0159 |    99s
step   8000 | train loss 2.047e-11 acc 1.0000 | test loss 5.846e+01 acc 0.0159 |   113s
step   9000 | train loss 1.764e-11 acc 1.0000 | test loss 5.878e+01 acc 0.0159 |   127s
step  10000 | train loss 1.549e-11 acc 1.0000 | test loss 5.905e+01 acc 0.0159 |   141s
step  11000 | train loss 1.379e-11 acc 1.0000 | test loss 5.930e+01 acc 0.0159 |   155s
step  12000 | train loss 1.242e-11 acc 1.0000 | test loss 5.952e+01 acc 0.0159 |   169s
step  13000 | train loss 1.129e-11 acc 1.0000 | test loss 5.972e+01 acc 0.0159 |   183s
step  14000 | train loss 1.034e-11 acc 1.0000 | test loss 5.991e+01 acc 0.0159 |   197s
step  15000 | train loss 9.538e-12 acc 1.0000 | test loss 6.008e+01 acc 0.0160 |   211s
step  16000 | train loss 8.847e-12 acc 1.0000 | test loss 6.024e+01 acc 0.0160 |   225s
step  17000 | train loss 8.247e-12 acc 1.0000 | test loss 6.039e+01 acc 0.0160 |   239s
step  18000 | train loss 7.721e-12 acc 1.0000 | test loss 6.053e+01 acc 0.0160 |   253s
step  19000 | train loss 7.256e-12 acc 1.0000 | test loss 6.066e+01 acc 0.0160 |   267s
step  20000 | train loss 6.843e-12 acc 1.0000 | test loss 6.079e+01 acc 0.0161 |   281s
step  21000 | train loss 6.473e-12 acc 1.0000 | test loss 6.090e+01 acc 0.0162 |   295s
step  22000 | train loss 6.139e-12 acc 1.0000 | test loss 6.102e+01 acc 0.0162 |   309s
step  23000 | train loss 5.837e-12 acc 1.0000 | test loss 6.112e+01 acc 0.0161 |   323s
step  24000 | train loss 5.563e-12 acc 1.0000 | test loss 6.123e+01 acc 0.0161 |   337s
step  25000 | train loss 5.313e-12 acc 1.0000 | test loss 6.132e+01 acc 0.0161 |   351s
step  26000 | train loss 5.083e-12 acc 1.0000 | test loss 6.142e+01 acc 0.0161 |   365s
step  27000 | train loss 4.873e-12 acc 1.0000 | test loss 6.151e+01 acc 0.0161 |   379s
step  28000 | train loss 4.678e-12 acc 1.0000 | test loss 6.159e+01 acc 0.0161 |   393s
step  29000 | train loss 4.498e-12 acc 1.0000 | test loss 6.168e+01 acc 0.0161 |   407s
step  30000 | train loss 4.332e-12 acc 1.0000 | test loss 6.176e+01 acc 0.0161 |   421s
step  31000 | train loss 4.177e-12 acc 1.0000 | test loss 6.183e+01 acc 0.0161 |   435s
step  32000 | train loss 4.032e-12 acc 1.0000 | test loss 6.191e+01 acc 0.0162 |   449s
step  33000 | train loss 3.897e-12 acc 1.0000 | test loss 6.198e+01 acc 0.0162 |   463s
step  34000 | train loss 3.770e-12 acc 1.0000 | test loss 6.205e+01 acc 0.0162 |   477s
step  35000 | train loss 3.651e-12 acc 1.0000 | test loss 6.212e+01 acc 0.0162 |   491s
step  36000 | train loss 3.539e-12 acc 1.0000 | test loss 6.218e+01 acc 0.0162 |   505s
step  37000 | train loss 3.434e-12 acc 1.0000 | test loss 6.225e+01 acc 0.0162 |   520s
step  38000 | train loss 3.335e-12 acc 1.0000 | test loss 6.231e+01 acc 0.0162 |   534s
step  39000 | train loss 3.241e-12 acc 1.0000 | test loss 6.237e+01 acc 0.0162 |   548s
step  40000 | train loss 3.152e-12 acc 1.0000 | test loss 6.243e+01 acc 0.0162 |   562s
saved -> experiments/EXP024/lr3e-3_wd0/results/seed5
