seed4: params=424,064 train=3830 test=8939 split=8de4382ea6c7 device=cuda (NVIDIA GeForce RTX 4060) commit=c54bdfd1
step      0 | train loss 4.855e+00 acc 0.0081 | test loss 4.865e+00 acc 0.0085 |     0s
step   1000 | train loss 8.370e-07 acc 1.0000 | test loss 3.868e+01 acc 0.0180 |    14s
step   2000 | train loss 2.558e-09 acc 1.0000 | test loss 5.122e+01 acc 0.0181 |    28s
step   3000 | train loss 9.413e-10 acc 1.0000 | test loss 5.347e+01 acc 0.0185 |    42s
step   4000 | train loss 5.650e-10 acc 1.0000 | test loss 5.461e+01 acc 0.0187 |    56s
step   5000 | train loss 4.001e-10 acc 1.0000 | test loss 5.539e+01 acc 0.0187 |    70s
step   6000 | train loss 3.081e-10 acc 1.0000 | test loss 5.597e+01 acc 0.0188 |    85s
step   7000 | train loss 2.496e-10 acc 1.0000 | test loss 5.644e+01 acc 0.0187 |    99s
step   8000 | train loss 2.094e-10 acc 1.0000 | test loss 5.684e+01 acc 0.0186 |   113s
step   9000 | train loss 1.800e-10 acc 1.0000 | test loss 5.717e+01 acc 0.0187 |   127s
step  10000 | train loss 1.576e-10 acc 1.0000 | test loss 5.747e+01 acc 0.0188 |   141s
step  11000 | train loss 1.401e-10 acc 1.0000 | test loss 5.773e+01 acc 0.0189 |   155s
step  12000 | train loss 1.260e-10 acc 1.0000 | test loss 5.797e+01 acc 0.0189 |   169s
step  13000 | train loss 1.143e-10 acc 1.0000 | test loss 5.819e+01 acc 0.0191 |   183s
step  14000 | train loss 1.046e-10 acc 1.0000 | test loss 5.839e+01 acc 0.0191 |   197s
step  15000 | train loss 9.637e-11 acc 1.0000 | test loss 5.857e+01 acc 0.0190 |   211s
step  16000 | train loss 8.930e-11 acc 1.0000 | test loss 5.874e+01 acc 0.0190 |   225s
step  17000 | train loss 8.317e-11 acc 1.0000 | test loss 5.890e+01 acc 0.0190 |   239s
step  18000 | train loss 7.780e-11 acc 1.0000 | test loss 5.905e+01 acc 0.0190 |   253s
step  19000 | train loss 7.306e-11 acc 1.0000 | test loss 5.919e+01 acc 0.0190 |   267s
step  20000 | train loss 6.885e-11 acc 1.0000 | test loss 5.932e+01 acc 0.0190 |   281s
step  21000 | train loss 6.508e-11 acc 1.0000 | test loss 5.945e+01 acc 0.0190 |   295s
step  22000 | train loss 6.169e-11 acc 1.0000 | test loss 5.957e+01 acc 0.0190 |   309s
step  23000 | train loss 5.863e-11 acc 1.0000 | test loss 5.968e+01 acc 0.0190 |   323s
step  24000 | train loss 5.584e-11 acc 1.0000 | test loss 5.979e+01 acc 0.0190 |   337s
step  25000 | train loss 5.330e-11 acc 1.0000 | test loss 5.989e+01 acc 0.0191 |   351s
step  26000 | train loss 5.098e-11 acc 1.0000 | test loss 5.999e+01 acc 0.0191 |   365s
step  27000 | train loss 4.884e-11 acc 1.0000 | test loss 6.009e+01 acc 0.0191 |   379s
step  28000 | train loss 4.687e-11 acc 1.0000 | test loss 6.018e+01 acc 0.0191 |   393s
step  29000 | train loss 4.505e-11 acc 1.0000 | test loss 6.027e+01 acc 0.0191 |   407s
step  30000 | train loss 4.336e-11 acc 1.0000 | test loss 6.035e+01 acc 0.0192 |   421s
step  31000 | train loss 4.180e-11 acc 1.0000 | test loss 6.043e+01 acc 0.0192 |   435s
step  32000 | train loss 4.033e-11 acc 1.0000 | test loss 6.051e+01 acc 0.0192 |   449s
step  33000 | train loss 3.897e-11 acc 1.0000 | test loss 6.059e+01 acc 0.0192 |   463s
step  34000 | train loss 3.769e-11 acc 1.0000 | test loss 6.067e+01 acc 0.0192 |   477s
step  35000 | train loss 3.649e-11 acc 1.0000 | test loss 6.074e+01 acc 0.0192 |   491s
step  36000 | train loss 3.536e-11 acc 1.0000 | test loss 6.081e+01 acc 0.0192 |   505s
step  37000 | train loss 3.430e-11 acc 1.0000 | test loss 6.088e+01 acc 0.0192 |   519s
step  38000 | train loss 3.330e-11 acc 1.0000 | test loss 6.094e+01 acc 0.0192 |   533s
step  39000 | train loss 3.236e-11 acc 1.0000 | test loss 6.101e+01 acc 0.0192 |   548s
step  40000 | train loss 3.146e-11 acc 1.0000 | test loss 6.107e+01 acc 0.0192 |   562s
saved -> experiments/EXP024/lr3e-4_wd0/results/seed4
