seed5: params=424,064 train=3830 test=8939 split=8de4382ea6c7 device=cuda (NVIDIA GeForce RTX 4060) commit=c54bdfd1
step      0 | train loss 4.943e+00 acc 0.0060 | test loss 4.925e+00 acc 0.0088 |     0s
step   1000 | train loss 1.050e-06 acc 1.0000 | test loss 4.014e+01 acc 0.0083 |    14s
step   2000 | train loss 2.683e-09 acc 1.0000 | test loss 5.389e+01 acc 0.0086 |    28s
step   3000 | train loss 9.675e-10 acc 1.0000 | test loss 5.635e+01 acc 0.0086 |    42s
step   4000 | train loss 5.779e-10 acc 1.0000 | test loss 5.758e+01 acc 0.0086 |    56s
step   5000 | train loss 4.083e-10 acc 1.0000 | test loss 5.841e+01 acc 0.0088 |    70s
step   6000 | train loss 3.140e-10 acc 1.0000 | test loss 5.904e+01 acc 0.0088 |    85s
step   7000 | train loss 2.543e-10 acc 1.0000 | test loss 5.955e+01 acc 0.0088 |    99s
step   8000 | train loss 2.132e-10 acc 1.0000 | test loss 5.997e+01 acc 0.0088 |   113s
step   9000 | train loss 1.832e-10 acc 1.0000 | test loss 6.033e+01 acc 0.0088 |   127s
step  10000 | train loss 1.604e-10 acc 1.0000 | test loss 6.065e+01 acc 0.0088 |   141s
step  11000 | train loss 1.425e-10 acc 1.0000 | test loss 6.093e+01 acc 0.0088 |   155s
step  12000 | train loss 1.281e-10 acc 1.0000 | test loss 6.119e+01 acc 0.0088 |   169s
step  13000 | train loss 1.163e-10 acc 1.0000 | test loss 6.142e+01 acc 0.0088 |   183s
step  14000 | train loss 1.064e-10 acc 1.0000 | test loss 6.163e+01 acc 0.0088 |   197s
step  15000 | train loss 9.799e-11 acc 1.0000 | test loss 6.183e+01 acc 0.0088 |   211s
step  16000 | train loss 9.080e-11 acc 1.0000 | test loss 6.201e+01 acc 0.0088 |   225s
step  17000 | train loss 8.455e-11 acc 1.0000 | test loss 6.218e+01 acc 0.0089 |   239s
step  18000 | train loss 7.908e-11 acc 1.0000 | test loss 6.234e+01 acc 0.0091 |   253s
step  19000 | train loss 7.426e-11 acc 1.0000 | test loss 6.249e+01 acc 0.0091 |   267s
step  20000 | train loss 6.997e-11 acc 1.0000 | test loss 6.263e+01 acc 0.0091 |   281s
step  21000 | train loss 6.614e-11 acc 1.0000 | test loss 6.277e+01 acc 0.0091 |   295s
step  22000 | train loss 6.269e-11 acc 1.0000 | test loss 6.290e+01 acc 0.0091 |   309s
step  23000 | train loss 5.958e-11 acc 1.0000 | test loss 6.302e+01 acc 0.0091 |   323s
step  24000 | train loss 5.675e-11 acc 1.0000 | test loss 6.313e+01 acc 0.0091 |   337s
step  25000 | train loss 5.416e-11 acc 1.0000 | test loss 6.324e+01 acc 0.0089 |   351s
step  26000 | train loss 5.180e-11 acc 1.0000 | test loss 6.335e+01 acc 0.0089 |   365s
step  27000 | train loss 4.963e-11 acc 1.0000 | test loss 6.345e+01 acc 0.0089 |   379s
step  28000 | train loss 4.762e-11 acc 1.0000 | test loss 6.355e+01 acc 0.0089 |   393s
step  29000 | train loss 4.577e-11 acc 1.0000 | test loss 6.365e+01 acc 0.0089 |   407s
step  30000 | train loss 4.406e-11 acc 1.0000 | test loss 6.374e+01 acc 0.0089 |   421s
step  31000 | train loss 4.246e-11 acc 1.0000 | test loss 6.383e+01 acc 0.0089 |   435s
step  32000 | train loss 4.097e-11 acc 1.0000 | test loss 6.391e+01 acc 0.0089 |   449s
step  33000 | train loss 3.958e-11 acc 1.0000 | test loss 6.399e+01 acc 0.0091 |   463s
step  34000 | train loss 3.828e-11 acc 1.0000 | test loss 6.407e+01 acc 0.0092 |   477s
step  35000 | train loss 3.706e-11 acc 1.0000 | test loss 6.415e+01 acc 0.0092 |   491s
step  36000 | train loss 3.591e-11 acc 1.0000 | test loss 6.423e+01 acc 0.0092 |   505s
step  37000 | train loss 3.483e-11 acc 1.0000 | test loss 6.430e+01 acc 0.0092 |   519s
step  38000 | train loss 3.381e-11 acc 1.0000 | test loss 6.437e+01 acc 0.0092 |   533s
step  39000 | train loss 3.285e-11 acc 1.0000 | test loss 6.444e+01 acc 0.0092 |   548s
step  40000 | train loss 3.194e-11 acc 1.0000 | test loss 6.450e+01 acc 0.0092 |   562s
saved -> experiments/EXP024/lr3e-4_wd0/results/seed5
