seed3: params=424,064 train=3830 test=8939 split=8de4382ea6c7 device=cuda (NVIDIA GeForce RTX 4060) commit=c54bdfd1
step      0 | train loss 4.876e+00 acc 0.0097 | test loss 4.881e+00 acc 0.0086 |     0s
step   1000 | train loss 9.568e-07 acc 1.0000 | test loss 3.810e+01 acc 0.0141 |    14s
step   2000 | train loss 2.713e-09 acc 1.0000 | test loss 5.084e+01 acc 0.0142 |    28s
step   3000 | train loss 9.905e-10 acc 1.0000 | test loss 5.311e+01 acc 0.0145 |    42s
step   4000 | train loss 5.935e-10 acc 1.0000 | test loss 5.426e+01 acc 0.0145 |    56s
step   5000 | train loss 4.199e-10 acc 1.0000 | test loss 5.504e+01 acc 0.0143 |    70s
step   6000 | train loss 3.232e-10 acc 1.0000 | test loss 5.563e+01 acc 0.0143 |    85s
step   7000 | train loss 2.618e-10 acc 1.0000 | test loss 5.610e+01 acc 0.0143 |    99s
step   8000 | train loss 2.196e-10 acc 1.0000 | test loss 5.649e+01 acc 0.0144 |   113s
step   9000 | train loss 1.887e-10 acc 1.0000 | test loss 5.683e+01 acc 0.0144 |   127s
step  10000 | train loss 1.653e-10 acc 1.0000 | test loss 5.713e+01 acc 0.0147 |   141s
step  11000 | train loss 1.469e-10 acc 1.0000 | test loss 5.739e+01 acc 0.0147 |   155s
step  12000 | train loss 1.320e-10 acc 1.0000 | test loss 5.763e+01 acc 0.0147 |   169s
step  13000 | train loss 1.198e-10 acc 1.0000 | test loss 5.785e+01 acc 0.0147 |   183s
step  14000 | train loss 1.096e-10 acc 1.0000 | test loss 5.805e+01 acc 0.0148 |   197s
step  15000 | train loss 1.010e-10 acc 1.0000 | test loss 5.823e+01 acc 0.0148 |   211s
step  16000 | train loss 9.358e-11 acc 1.0000 | test loss 5.840e+01 acc 0.0150 |   225s
step  17000 | train loss 8.715e-11 acc 1.0000 | test loss 5.856e+01 acc 0.0150 |   239s
step  18000 | train loss 8.152e-11 acc 1.0000 | test loss 5.871e+01 acc 0.0150 |   253s
step  19000 | train loss 7.655e-11 acc 1.0000 | test loss 5.885e+01 acc 0.0150 |   267s
step  20000 | train loss 7.213e-11 acc 1.0000 | test loss 5.899e+01 acc 0.0150 |   281s
step  21000 | train loss 6.818e-11 acc 1.0000 | test loss 5.911e+01 acc 0.0150 |   295s
step  22000 | train loss 6.463e-11 acc 1.0000 | test loss 5.923e+01 acc 0.0150 |   309s
step  23000 | train loss 6.142e-11 acc 1.0000 | test loss 5.935e+01 acc 0.0150 |   323s
step  24000 | train loss 5.850e-11 acc 1.0000 | test loss 5.945e+01 acc 0.0150 |   337s
step  25000 | train loss 5.584e-11 acc 1.0000 | test loss 5.956e+01 acc 0.0150 |   351s
step  26000 | train loss 5.340e-11 acc 1.0000 | test loss 5.966e+01 acc 0.0150 |   365s
step  27000 | train loss 5.116e-11 acc 1.0000 | test loss 5.975e+01 acc 0.0150 |   379s
step  28000 | train loss 4.910e-11 acc 1.0000 | test loss 5.985e+01 acc 0.0150 |   393s
step  29000 | train loss 4.719e-11 acc 1.0000 | test loss 5.993e+01 acc 0.0150 |   407s
step  30000 | train loss 4.542e-11 acc 1.0000 | test loss 6.002e+01 acc 0.0150 |   421s
step  31000 | train loss 4.378e-11 acc 1.0000 | test loss 6.010e+01 acc 0.0150 |   435s
step  32000 | train loss 4.225e-11 acc 1.0000 | test loss 6.018e+01 acc 0.0150 |   449s
step  33000 | train loss 4.081e-11 acc 1.0000 | test loss 6.026e+01 acc 0.0150 |   463s
step  34000 | train loss 3.947e-11 acc 1.0000 | test loss 6.033e+01 acc 0.0149 |   477s
step  35000 | train loss 3.822e-11 acc 1.0000 | test loss 6.041e+01 acc 0.0149 |   491s
step  36000 | train loss 3.704e-11 acc 1.0000 | test loss 6.048e+01 acc 0.0149 |   505s
step  37000 | train loss 3.592e-11 acc 1.0000 | test loss 6.054e+01 acc 0.0149 |   519s
step  38000 | train loss 3.487e-11 acc 1.0000 | test loss 6.061e+01 acc 0.0149 |   533s
step  39000 | train loss 3.388e-11 acc 1.0000 | test loss 6.067e+01 acc 0.0149 |   547s
step  40000 | train loss 3.294e-11 acc 1.0000 | test loss 6.074e+01 acc 0.0149 |   562s
saved -> experiments/EXP024/lr3e-4_wd0/results/seed3
