seed3: params=424,064 train=3830 test=8939 split=8de4382ea6c7 device=cuda (NVIDIA GeForce RTX 4060) commit=9552ef87
step      0 | train loss 4.876e+00 acc 0.0097 | test loss 4.881e+00 acc 0.0086 |     0s
step   1000 | train loss 1.164e-04 acc 1.0000 | test loss 2.213e+01 acc 0.0356 |    14s
step   2000 | train loss 1.391e-02 acc 1.0000 | test loss 1.215e+01 acc 0.0595 |    29s
step   3000 | train loss 2.730e-04 acc 1.0000 | test loss 1.644e+01 acc 0.0807 |    43s
step   4000 | train loss 7.728e-03 acc 1.0000 | test loss 9.795e+00 acc 0.1131 |    57s
step   5000 | train loss 7.542e-04 acc 1.0000 | test loss 9.891e+00 acc 0.1709 |    71s
step   6000 | train loss 4.955e-04 acc 1.0000 | test loss 7.209e+00 acc 0.2603 |    85s
step   7000 | train loss 1.820e-02 acc 1.0000 | test loss 2.066e+00 acc 0.5117 |    99s
step   8000 | train loss 2.137e-07 acc 1.0000 | test loss 1.716e-01 acc 0.9951 |   113s
step   9000 | train loss 2.385e-03 acc 1.0000 | test loss 9.102e-02 acc 0.9952 |   127s
step  10000 | train loss 6.711e-08 acc 1.0000 | test loss 1.083e-01 acc 0.9952 |   142s
step  11000 | train loss 2.294e-08 acc 1.0000 | test loss 1.342e-01 acc 0.9952 |   156s
step  12000 | train loss 2.298e-08 acc 1.0000 | test loss 1.445e-01 acc 0.9952 |   170s
step  13000 | train loss 2.295e-08 acc 1.0000 | test loss 1.457e-01 acc 0.9952 |   184s
step  14000 | train loss 2.286e-08 acc 1.0000 | test loss 1.446e-01 acc 0.9952 |   198s
step  15000 | train loss 9.715e-03 acc 1.0000 | test loss 5.562e-02 acc 0.9952 |   212s
step  16000 | train loss 1.551e-07 acc 1.0000 | test loss 8.128e-02 acc 0.9956 |   226s
step  17000 | train loss 2.247e-08 acc 1.0000 | test loss 1.103e-01 acc 0.9952 |   241s
step  18000 | train loss 1.516e-05 acc 1.0000 | test loss 9.766e-02 acc 0.9959 |   255s
step  19000 | train loss 2.136e-08 acc 1.0000 | test loss 1.112e-01 acc 0.9959 |   269s
step  20000 | train loss 4.305e-03 acc 1.0000 | test loss 7.052e-02 acc 0.9952 |   283s
step  21000 | train loss 1.576e-07 acc 1.0000 | test loss 1.218e-01 acc 0.9956 |   297s
step  22000 | train loss 2.275e-08 acc 1.0000 | test loss 1.314e-01 acc 0.9959 |   311s
step  23000 | train loss 3.583e-03 acc 1.0000 | test loss 7.023e-02 acc 0.9952 |   325s
step  24000 | train loss 1.182e-07 acc 1.0000 | test loss 8.384e-02 acc 0.9971 |   339s
step  25000 | train loss 2.254e-08 acc 1.0000 | test loss 1.128e-01 acc 0.9959 |   353s
step  26000 | train loss 2.734e-05 acc 1.0000 | test loss 9.242e-02 acc 0.9952 |   367s
step  27000 | train loss 2.166e-08 acc 1.0000 | test loss 1.163e-01 acc 0.9957 |   382s
step  28000 | train loss 2.473e-02 acc 1.0000 | test loss 6.876e-02 acc 0.9951 |   396s
step  29000 | train loss 6.606e-07 acc 1.0000 | test loss 1.062e-01 acc 0.9959 |   410s
step  30000 | train loss 2.233e-08 acc 1.0000 | test loss 1.386e-01 acc 0.9959 |   425s
step  31000 | train loss 3.059e-05 acc 1.0000 | test loss 1.039e-01 acc 0.9952 |   439s
step  32000 | train loss 2.148e-08 acc 1.0000 | test loss 1.649e-01 acc 0.9952 |   453s
step  33000 | train loss 8.237e-04 acc 1.0000 | test loss 7.458e-02 acc 0.9952 |   467s
step  34000 | train loss 4.610e-08 acc 1.0000 | test loss 9.861e-02 acc 0.9959 |   481s
step  35000 | train loss 2.269e-08 acc 1.0000 | test loss 1.026e-01 acc 0.9959 |   495s
step  36000 | train loss 1.999e-02 acc 1.0000 | test loss 5.843e-02 acc 0.9951 |   509s
step  37000 | train loss 4.270e-07 acc 1.0000 | test loss 8.208e-02 acc 0.9969 |   523s
step  38000 | train loss 2.234e-08 acc 1.0000 | test loss 1.183e-01 acc 0.9954 |   538s
step  39000 | train loss 1.364e-04 acc 1.0000 | test loss 8.041e-02 acc 0.9956 |   552s
step  40000 | train loss 2.543e-08 acc 1.0000 | test loss 1.565e-01 acc 0.9952 |   566s
saved -> experiments/EXP017/results/seed3
