seed5: params=424,064 train=3830 test=8939 split=8de4382ea6c7 device=cuda (NVIDIA GeForce RTX 4060) commit=9552ef87
step      0 | train loss 4.943e+00 acc 0.0060 | test loss 4.925e+00 acc 0.0088 |     0s
step   1000 | train loss 1.305e-01 acc 0.9653 | test loss 1.821e+01 acc 0.0208 |    14s
step   2000 | train loss 2.633e-03 acc 1.0000 | test loss 1.521e+01 acc 0.0392 |    28s
step   3000 | train loss 3.839e-03 acc 1.0000 | test loss 1.257e+01 acc 0.0575 |    43s
step   4000 | train loss 2.420e-02 acc 1.0000 | test loss 8.781e+00 acc 0.0860 |    57s
step   5000 | train loss 3.863e-03 acc 1.0000 | test loss 9.632e+00 acc 0.1104 |    71s
step   6000 | train loss 1.876e-03 acc 1.0000 | test loss 9.025e+00 acc 0.1438 |    85s
step   7000 | train loss 9.292e-03 acc 1.0000 | test loss 6.597e+00 acc 0.1832 |    99s
step   8000 | train loss 2.538e-07 acc 1.0000 | test loss 1.338e+01 acc 0.2261 |   113s
step   9000 | train loss 1.701e-03 acc 1.0000 | test loss 3.248e+00 acc 0.4324 |   127s
step  10000 | train loss 6.004e-08 acc 1.0000 | test loss 1.020e-02 acc 0.9963 |   141s
step  11000 | train loss 3.155e-08 acc 1.0000 | test loss 7.825e-04 acc 1.0000 |   155s
step  12000 | train loss 3.052e-08 acc 1.0000 | test loss 5.632e-05 acc 1.0000 |   169s
step  13000 | train loss 3.034e-08 acc 1.0000 | test loss 7.600e-05 acc 1.0000 |   183s
step  14000 | train loss 3.028e-08 acc 1.0000 | test loss 5.850e-05 acc 1.0000 |   197s
step  15000 | train loss 1.492e-02 acc 1.0000 | test loss 2.786e-02 acc 0.9993 |   211s
step  16000 | train loss 4.506e-07 acc 1.0000 | test loss 9.319e-05 acc 1.0000 |   225s
step  17000 | train loss 2.997e-08 acc 1.0000 | test loss 3.476e-05 acc 1.0000 |   240s
step  18000 | train loss 6.759e-03 acc 1.0000 | test loss 1.453e-02 acc 1.0000 |   254s
step  19000 | train loss 1.534e-07 acc 1.0000 | test loss 5.932e-04 acc 0.9998 |   268s
step  20000 | train loss 2.999e-08 acc 1.0000 | test loss 3.759e-04 acc 0.9998 |   282s
step  21000 | train loss 2.671e-03 acc 1.0000 | test loss 6.581e-03 acc 0.9999 |   296s
step  22000 | train loss 8.472e-08 acc 1.0000 | test loss 1.794e-04 acc 0.9999 |   310s
step  23000 | train loss 3.007e-08 acc 1.0000 | test loss 5.731e-05 acc 1.0000 |   324s
step  24000 | train loss 2.834e-05 acc 1.0000 | test loss 5.838e-04 acc 0.9998 |   338s
step  25000 | train loss 2.962e-08 acc 1.0000 | test loss 3.320e-04 acc 0.9999 |   352s
step  26000 | train loss 1.714e-02 acc 1.0000 | test loss 3.079e-02 acc 0.9991 |   366s
step  27000 | train loss 4.044e-07 acc 1.0000 | test loss 8.825e-05 acc 1.0000 |   380s
step  28000 | train loss 2.984e-08 acc 1.0000 | test loss 3.857e-05 acc 1.0000 |   394s
step  29000 | train loss 3.163e-03 acc 1.0000 | test loss 9.938e-03 acc 0.9994 |   408s
step  30000 | train loss 9.432e-08 acc 1.0000 | test loss 7.892e-04 acc 0.9998 |   422s
step  31000 | train loss 3.026e-08 acc 1.0000 | test loss 3.206e-04 acc 0.9999 |   437s
step  32000 | train loss 7.776e-06 acc 1.0000 | test loss 2.705e-04 acc 1.0000 |   451s
step  33000 | train loss 4.314e+00 acc 0.5619 | test loss 4.487e+00 acc 0.5495 |   465s
step  34000 | train loss 1.597e-06 acc 1.0000 | test loss 1.879e-04 acc 1.0000 |   479s
step  35000 | train loss 7.926e-03 acc 1.0000 | test loss 3.057e-02 acc 0.9930 |   493s
step  36000 | train loss 8.678e-07 acc 1.0000 | test loss 1.573e-04 acc 1.0000 |   507s
step  37000 | train loss 3.004e-08 acc 1.0000 | test loss 1.725e-05 acc 1.0000 |   521s
step  38000 | train loss 1.834e-05 acc 1.0000 | test loss 5.178e-04 acc 0.9999 |   535s
step  39000 | train loss 2.953e-08 acc 1.0000 | test loss 3.120e-05 acc 1.0000 |   549s
step  40000 | train loss 1.157e-04 acc 1.0000 | test loss 8.763e-04 acc 1.0000 |   563s
saved -> experiments/EXP017/results/seed5
