seed4: params=424,064 train=3830 test=8939 split=8de4382ea6c7 device=cuda (NVIDIA GeForce RTX 4060) commit=9552ef87
step      0 | train loss 4.855e+00 acc 0.0081 | test loss 4.865e+00 acc 0.0085 |     0s
step   1000 | train loss 9.191e-05 acc 1.0000 | test loss 2.153e+01 acc 0.0492 |    14s
step   2000 | train loss 1.503e-03 acc 1.0000 | test loss 1.336e+01 acc 0.0921 |    28s
step   3000 | train loss 9.874e-06 acc 1.0000 | test loss 1.471e+01 acc 0.1623 |    43s
step   4000 | train loss 4.468e-06 acc 1.0000 | test loss 9.092e+00 acc 0.2811 |    57s
step   5000 | train loss 9.915e-06 acc 1.0000 | test loss 6.622e-01 acc 0.8486 |    71s
step   6000 | train loss 4.259e-03 acc 1.0000 | test loss 2.359e-02 acc 0.9984 |    85s
step   7000 | train loss 1.033e-07 acc 1.0000 | test loss 5.250e-04 acc 1.0000 |    99s
step   8000 | train loss 2.994e-08 acc 1.0000 | test loss 1.593e-05 acc 1.0000 |   113s
step   9000 | train loss 2.868e-08 acc 1.0000 | test loss 6.516e-07 acc 1.0000 |   127s
step  10000 | train loss 2.475e-08 acc 1.0000 | test loss 9.991e-08 acc 1.0000 |   141s
step  11000 | train loss 2.459e-08 acc 1.0000 | test loss 8.599e-08 acc 1.0000 |   155s
step  12000 | train loss 2.466e-08 acc 1.0000 | test loss 8.681e-08 acc 1.0000 |   169s
step  13000 | train loss 1.135e-05 acc 1.0000 | test loss 2.836e-05 acc 1.0000 |   183s
step  14000 | train loss 2.324e-08 acc 1.0000 | test loss 9.628e-08 acc 1.0000 |   197s
step  15000 | train loss 2.489e-08 acc 1.0000 | test loss 9.037e-08 acc 1.0000 |   211s
step  16000 | train loss 3.271e-05 acc 1.0000 | test loss 6.877e-05 acc 1.0000 |   226s
step  17000 | train loss 2.377e-08 acc 1.0000 | test loss 1.204e-07 acc 1.0000 |   240s
step  18000 | train loss 1.711e-02 acc 1.0000 | test loss 2.188e-02 acc 1.0000 |   254s
step  19000 | train loss 3.726e-07 acc 1.0000 | test loss 1.952e-06 acc 1.0000 |   268s
step  20000 | train loss 2.403e-08 acc 1.0000 | test loss 1.238e-07 acc 1.0000 |   282s
step  21000 | train loss 1.185e-04 acc 1.0000 | test loss 2.014e-04 acc 1.0000 |   296s
step  22000 | train loss 2.638e-08 acc 1.0000 | test loss 1.312e-07 acc 1.0000 |   310s
step  23000 | train loss 2.482e-08 acc 1.0000 | test loss 1.095e-07 acc 1.0000 |   324s
step  24000 | train loss 6.475e-06 acc 1.0000 | test loss 2.132e-05 acc 1.0000 |   338s
step  25000 | train loss 2.340e-08 acc 1.0000 | test loss 1.347e-07 acc 1.0000 |   352s
step  26000 | train loss 1.748e-04 acc 1.0000 | test loss 3.342e-04 acc 1.0000 |   366s
step  27000 | train loss 2.780e-08 acc 1.0000 | test loss 2.156e-07 acc 1.0000 |   381s
step  28000 | train loss 1.097e-02 acc 1.0000 | test loss 1.458e-02 acc 1.0000 |   395s
step  29000 | train loss 1.913e-07 acc 1.0000 | test loss 1.257e-06 acc 1.0000 |   409s
step  30000 | train loss 2.450e-08 acc 1.0000 | test loss 1.451e-07 acc 1.0000 |   423s
step  31000 | train loss 2.680e-06 acc 1.0000 | test loss 8.605e-06 acc 1.0000 |   437s
step  32000 | train loss 2.359e-08 acc 1.0000 | test loss 1.192e-07 acc 1.0000 |   451s
step  33000 | train loss 5.737e-04 acc 1.0000 | test loss 1.029e-03 acc 1.0000 |   465s
step  34000 | train loss 1.077e-02 acc 1.0000 | test loss 1.644e-02 acc 1.0000 |   479s
step  35000 | train loss 2.748e-07 acc 1.0000 | test loss 2.705e-06 acc 1.0000 |   493s
step  36000 | train loss 3.029e+00 acc 0.7175 | test loss 2.817e+00 acc 0.7296 |   507s
step  37000 | train loss 1.365e-06 acc 1.0000 | test loss 9.664e-06 acc 1.0000 |   521s
step  38000 | train loss 6.320e-03 acc 1.0000 | test loss 8.708e-03 acc 1.0000 |   535s
step  39000 | train loss 3.473e-03 acc 1.0000 | test loss 5.367e-03 acc 1.0000 |   550s
step  40000 | train loss 8.709e-08 acc 1.0000 | test loss 4.290e-07 acc 1.0000 |   564s
saved -> experiments/EXP017/results/seed4
