=== EXP004 — EXPLORATORY (no hypothesis, no verdict) ===
Every number is shown for the FINAL model and for its own INIT (control).

##### seed0  (EXP002 top-8: [9, 18, 19, 28, 30, 33, 38, 47])
attention from '=' (mean ± std over all inputs)        | init
  head 0: a 0.499±0.285  b 0.498±0.285  = 0.003   | a 0.334  b 0.340  = 0.326
  head 1: a 0.499±0.258  b 0.499±0.258  = 0.002   | a 0.338  b 0.333  = 0.329
  head 2: a 0.499±0.228  b 0.499±0.228  = 0.002   | a 0.338  b 0.328  = 0.334
  head 3: a 0.499±0.302  b 0.499±0.302  = 0.002   | a 0.330  b 0.331  = 0.339
MLP neurons at '=': dead 0/512   | init dead 72
  share of neuron variance:   final   init
    a_only                    0.389   0.487
    b_only                    0.389   0.481
    same_freq                 0.202   0.001
    cross                     0.020   0.031
    top-8 freqs (k,0)+(0,k)+(k,k) 0.974   0.143
  final: neurons by dominant frequency (top 10): k=9: 176 (frac 0.88), k=33: 129 (frac 0.94), k=30: 107 (frac 0.86), k=19: 100 (frac 0.84)
logits ~ Σ α_k cos(w_k (a+b−c)) over top-8:  R² final 0.9491   | init 0.0000
  final α_k: 9: +14.20, 18: +0.00, 19: +9.79, 28: -0.00, 30: +10.38, 33: +11.60, 38: +0.05, 47: +0.10

##### seed1  (EXP002 top-8: [10, 20, 23, 27, 31, 41, 51, 54])
attention from '=' (mean ± std over all inputs)        | init
  head 0: a 0.499±0.293  b 0.499±0.293  = 0.001   | a 0.334  b 0.326  = 0.339
  head 1: a 0.499±0.286  b 0.499±0.286  = 0.002   | a 0.332  b 0.335  = 0.333
  head 2: a 0.499±0.288  b 0.500±0.288  = 0.002   | a 0.336  b 0.331  = 0.333
  head 3: a 0.499±0.294  b 0.499±0.294  = 0.002   | a 0.330  b 0.337  = 0.332
MLP neurons at '=': dead 0/512   | init dead 82
  share of neuron variance:   final   init
    a_only                    0.375   0.487
    b_only                    0.375   0.485
    same_freq                 0.231   0.001
    cross                     0.018   0.027
    top-8 freqs (k,0)+(0,k)+(k,k) 0.978   0.165
  final: neurons by dominant frequency (top 10): k=27: 264 (frac 0.88), k=10: 132 (frac 0.85), k=31: 116 (frac 0.97)
logits ~ Σ α_k cos(w_k (a+b−c)) over top-8:  R² final 0.9865   | init 0.0000
  final α_k: 10: +20.66, 20: +0.03, 23: +0.00, 27: +59.62, 31: +11.23, 41: -0.00, 51: +0.00, 54: +0.00

##### seed2  (EXP002 top-8: [1, 2, 4, 9, 17, 18, 27, 56])
attention from '=' (mean ± std over all inputs)        | init
  head 0: a 0.499±0.294  b 0.498±0.294  = 0.002   | a 0.331  b 0.337  = 0.332
  head 1: a 0.457±0.306  b 0.456±0.306  = 0.088   | a 0.333  b 0.328  = 0.338
  head 2: a 0.499±0.247  b 0.499±0.247  = 0.002   | a 0.332  b 0.335  = 0.333
  head 3: a 0.499±0.239  b 0.499±0.239  = 0.002   | a 0.330  b 0.330  = 0.340
MLP neurons at '=': dead 0/512   | init dead 71
  share of neuron variance:   final   init
    a_only                    0.386   0.486
    b_only                    0.386   0.490
    same_freq                 0.210   0.001
    cross                     0.018   0.023
    top-8 freqs (k,0)+(0,k)+(k,k) 0.978   0.151
  final: neurons by dominant frequency (top 10): k=17: 143 (frac 0.90), k=2: 130 (frac 0.86), k=56: 122 (frac 0.97), k=9: 117 (frac 0.85)
logits ~ Σ α_k cos(w_k (a+b−c)) over top-8:  R² final 0.9800   | init 0.0000
  final α_k: 1: +0.00, 2: +14.03, 4: -0.01, 9: +9.14, 17: +11.61, 18: +0.03, 27: +0.00, 56: +8.96

saved -> experiments/EXP004/results
