=== H002: preregistered test ===
criterion: final top-8 share >= 0.7 (all runs), control < 0.3
seed0  control 0.160 | final 0.994 | const 0.000 | top-8 freqs [9, 18, 19, 28, 30, 33, 38, 47]
seed1  control 0.160 | final 0.995 | const 0.000 | top-8 freqs [10, 20, 23, 27, 31, 41, 51, 54]
seed2  control 0.162 | final 0.996 | const 0.000 | top-8 freqs [1, 2, 4, 9, 17, 18, 27, 56]
VERDICT: SUPPORTED (3/3 runs >= 0.7)

=== EXPLORATORY: top-k share during training (not part of verdict) ===
  step | seed0: share  test_acc | seed1: share  test_acc | seed2: share  test_acc
     0 | seed0: 0.160  0.010   | seed1: 0.160  0.009   | seed2: 0.162  0.010  
  2000 | seed0: 0.244  0.070   | seed1: 0.258  0.055   | seed2: 0.236  0.110  
  4000 | seed0: 0.291  0.090   | seed1: 0.316  0.082   | seed2: 0.274  0.114  
  6000 | seed0: 0.352  0.131   | seed1: 0.405  0.165   | seed2: 0.319  0.126  
  8000 | seed0: 0.462  0.270   | seed1: 0.628  0.901   | seed2: 0.389  0.174  
 10000 | seed0: 0.736  0.951   | seed1: 0.969  1.000   | seed2: 0.573  0.578  
 12000 | seed0: 0.926  1.000   | seed1: 0.995  1.000   | seed2: 0.864  1.000  
 14000 | seed0: 0.978  1.000   | seed1: 0.996  1.000   | seed2: 0.985  1.000  
 16000 | seed0: 0.987  1.000   | seed1: 0.996  1.000   | seed2: 0.993  1.000  
 18000 | seed0: 0.991  1.000   | seed1: 0.995  1.000   | seed2: 0.995  1.000  
 20000 | seed0: 0.992  1.000   | seed1: 0.995  1.000   | seed2: 0.995  1.000  
 22000 | seed0: 0.993  1.000   | seed1: 0.995  1.000   | seed2: 0.996  1.000  
 24000 | seed0: 0.993  1.000   | seed1: 0.995  1.000   | seed2: 0.996  1.000  
 26000 | seed0: 0.993  1.000   | seed1: 0.995  1.000   | seed2: 0.996  1.000  
 28000 | seed0: 0.993  1.000   | seed1: 0.995  1.000   | seed2: 0.996  1.000  
 30000 | seed0: 0.993  1.000   | seed1: 0.995  1.000   | seed2: 0.996  1.000  
 32000 | seed0: 0.994  1.000   | seed1: 0.995  1.000   | seed2: 0.996  1.000  
 34000 | seed0: 0.994  1.000   | seed1: 0.995  1.000   | seed2: 0.996  1.000  
 36000 | seed0: 0.994  1.000   | seed1: 0.995  1.000   | seed2: 0.996  1.000  
 38000 | seed0: 0.994  1.000   | seed1: 0.995  1.000   | seed2: 0.996  1.000  
 40000 | seed0: 0.994  1.000   | seed1: 0.995  1.000   | seed2: 0.996  1.000  

saved -> experiments/EXP002/results
